2025-01-18 14:17:25,217	***	 Classifier Model: SupportVectorMachine
2025-01-18 14:17:25,217	***	   TR_As Fold 10 - Confusion Matrix:
2025-01-18 14:17:25,217	***	[[328  13]
 [ 83 259]]
2025-01-18 14:17:25,217	***	
   Classifier Metrics:
2025-01-18 14:17:25,218	***	     TR_As Fold 10 - Accuracy: 0.8594436310395315
2025-01-18 14:17:25,218	***	     TR_As Fold 10 - Precision: 0.9522058823529411
2025-01-18 14:17:25,218	***	     TR_As Fold 10 - Recall: 0.7573099415204678
2025-01-18 14:17:25,218	***	     TR_As Fold 10 - F1 Score: 0.8436482084690553

2025-01-18 14:17:25,403	***	 Classifier Model: DecisionTree
2025-01-18 14:17:25,403	***	   TR_As Fold 10 - Confusion Matrix:
2025-01-18 14:17:25,403	***	[[290  51]
 [ 76 266]]
2025-01-18 14:17:25,403	***	
   Classifier Metrics:
2025-01-18 14:17:25,403	***	     TR_As Fold 10 - Accuracy: 0.8140556368960469
2025-01-18 14:17:25,404	***	     TR_As Fold 10 - Precision: 0.8391167192429022
2025-01-18 14:17:25,404	***	     TR_As Fold 10 - Recall: 0.7777777777777778
2025-01-18 14:17:25,404	***	     TR_As Fold 10 - F1 Score: 0.8072837632776935

2025-01-18 14:17:26,106	***	 Classifier Model: AdaBoost
2025-01-18 14:17:26,106	***	   TR_As Fold 10 - Confusion Matrix:
2025-01-18 14:17:26,106	***	[[321  20]
 [ 79 263]]
2025-01-18 14:17:26,106	***	
   Classifier Metrics:
2025-01-18 14:17:26,106	***	     TR_As Fold 10 - Accuracy: 0.8550512445095169
2025-01-18 14:17:26,107	***	     TR_As Fold 10 - Precision: 0.9293286219081273
2025-01-18 14:17:26,107	***	     TR_As Fold 10 - Recall: 0.7690058479532164
2025-01-18 14:17:26,107	***	     TR_As Fold 10 - F1 Score: 0.8416

2025-01-18 14:17:26,397	***	 Classifier Model: Perceptron
2025-01-18 14:17:26,398	***	   TR_As Fold 10 - Confusion Matrix:
2025-01-18 14:17:26,398	***	[[331  10]
 [ 80 262]]
2025-01-18 14:17:26,398	***	
   Classifier Metrics:
2025-01-18 14:17:26,398	***	     TR_As Fold 10 - Accuracy: 0.8682284040995608
2025-01-18 14:17:26,398	***	     TR_As Fold 10 - Precision: 0.9632352941176471
2025-01-18 14:17:26,398	***	     TR_As Fold 10 - Recall: 0.7660818713450293
2025-01-18 14:17:26,398	***	     TR_As Fold 10 - F1 Score: 0.8534201954397393

2025-01-18 14:17:26,590	***	 Classifier Model: SGDRegressor
2025-01-18 14:17:26,590	***	   TR_As Fold 10 - Confusion Matrix:
2025-01-18 14:17:26,590	***	[[300  41]
 [ 62 280]]
2025-01-18 14:17:26,590	***	
   Classifier Metrics:
2025-01-18 14:17:26,590	***	     TR_As Fold 10 - Accuracy: 0.849194729136164
2025-01-18 14:17:26,590	***	     TR_As Fold 10 - Precision: 0.8722741433021807
2025-01-18 14:17:26,590	***	     TR_As Fold 10 - Recall: 0.8187134502923976
2025-01-18 14:17:26,591	***	     TR_As Fold 10 - F1 Score: 0.8446455505279036

2025-01-18 14:17:26,794	***	 Classifier Model: XGboost
2025-01-18 14:17:26,794	***	   TR_As Fold 10 - Confusion Matrix:
2025-01-18 14:17:26,794	***	[[322  19]
 [ 81 261]]
2025-01-18 14:17:26,794	***	
   Classifier Metrics:
2025-01-18 14:17:26,794	***	     TR_As Fold 10 - Accuracy: 0.8535871156661786
2025-01-18 14:17:26,794	***	     TR_As Fold 10 - Precision: 0.9321428571428572
2025-01-18 14:17:26,794	***	     TR_As Fold 10 - Recall: 0.7631578947368421
2025-01-18 14:17:26,794	***	     TR_As Fold 10 - F1 Score: 0.8392282958199356

2025-01-18 14:17:26,977	***	TS_Ar Fold 10/10 results
2025-01-18 14:17:27,000	***	 Classifier Model: RandomForest
2025-01-18 14:17:27,000	***	   TS_Ar Fold 10 - Confusion Matrix:
2025-01-18 14:17:27,000	***	[[283  58]
 [ 72 270]]
2025-01-18 14:17:27,000	***	
   Classifier Metrics:
2025-01-18 14:17:27,000	***	     TS_Ar Fold 10 - Accuracy: 0.8096632503660323
2025-01-18 14:17:27,000	***	     TS_Ar Fold 10 - Precision: 0.823170731707317
2025-01-18 14:17:27,000	***	     TS_Ar Fold 10 - Recall: 0.7894736842105263
2025-01-18 14:17:27,000	***	     TS_Ar Fold 10 - F1 Score: 0.8059701492537313

2025-01-18 14:17:27,000	***	
2025-01-18 14:17:27,350	***	 Classifier Model: SupportVectorMachine
2025-01-18 14:17:27,350	***	   TS_Ar Fold 10 - Confusion Matrix:
2025-01-18 14:17:27,350	***	[[290  51]
 [ 74 268]]
2025-01-18 14:17:27,350	***	
   Classifier Metrics:
2025-01-18 14:17:27,350	***	     TS_Ar Fold 10 - Accuracy: 0.8169838945827232
2025-01-18 14:17:27,350	***	     TS_Ar Fold 10 - Precision: 0.8401253918495298
2025-01-18 14:17:27,350	***	     TS_Ar Fold 10 - Recall: 0.783625730994152
2025-01-18 14:17:27,350	***	     TS_Ar Fold 10 - F1 Score: 0.81089258698941

2025-01-18 14:17:27,350	***	
2025-01-18 14:17:27,584	***	 Classifier Model: DecisionTree
2025-01-18 14:17:27,584	***	   TS_Ar Fold 10 - Confusion Matrix:
2025-01-18 14:17:27,584	***	[[270  71]
 [ 57 285]]
2025-01-18 14:17:27,585	***	
   Classifier Metrics:
2025-01-18 14:17:27,585	***	     TS_Ar Fold 10 - Accuracy: 0.8125915080527086
2025-01-18 14:17:27,585	***	     TS_Ar Fold 10 - Precision: 0.800561797752809
2025-01-18 14:17:27,585	***	     TS_Ar Fold 10 - Recall: 0.8333333333333334
2025-01-18 14:17:27,585	***	     TS_Ar Fold 10 - F1 Score: 0.8166189111747851

2025-01-18 14:17:27,585	***	
2025-01-18 14:17:27,835	***	 Classifier Model: AdaBoost
2025-01-18 14:17:27,835	***	   TS_Ar Fold 10 - Confusion Matrix:
2025-01-18 14:17:27,836	***	[[286  55]
 [ 75 267]]
2025-01-18 14:17:27,836	***	
   Classifier Metrics:
2025-01-18 14:17:27,836	***	     TS_Ar Fold 10 - Accuracy: 0.8096632503660323
2025-01-18 14:17:27,836	***	     TS_Ar Fold 10 - Precision: 0.8291925465838509
2025-01-18 14:17:27,836	***	     TS_Ar Fold 10 - Recall: 0.7807017543859649
2025-01-18 14:17:27,836	***	     TS_Ar Fold 10 - F1 Score: 0.8042168674698794

2025-01-18 14:17:27,836	***	
2025-01-18 14:17:28,170	***	 Classifier Model: Perceptron
2025-01-18 14:17:28,170	***	   TS_Ar Fold 10 - Confusion Matrix:
2025-01-18 14:17:28,170	***	[[299  42]
 [ 79 263]]
2025-01-18 14:17:28,170	***	
   Classifier Metrics:
2025-01-18 14:17:28,170	***	     TS_Ar Fold 10 - Accuracy: 0.8228404099560761
2025-01-18 14:17:28,170	***	     TS_Ar Fold 10 - Precision: 0.8622950819672132
2025-01-18 14:17:28,170	***	     TS_Ar Fold 10 - Recall: 0.7690058479532164
2025-01-18 14:17:28,170	***	     TS_Ar Fold 10 - F1 Score: 0.812982998454405

2025-01-18 14:17:28,170	***	
2025-01-18 14:17:28,410	***	 Classifier Model: SGDRegressor
2025-01-18 14:17:28,411	***	   TS_Ar Fold 10 - Confusion Matrix:
2025-01-18 14:17:28,411	***	[[296  45]
 [ 83 259]]
2025-01-18 14:17:28,411	***	
   Classifier Metrics:
2025-01-18 14:17:28,411	***	     TS_Ar Fold 10 - Accuracy: 0.8125915080527086
2025-01-18 14:17:28,411	***	     TS_Ar Fold 10 - Precision: 0.8519736842105263
2025-01-18 14:17:28,411	***	     TS_Ar Fold 10 - Recall: 0.7573099415204678
2025-01-18 14:17:28,411	***	     TS_Ar Fold 10 - F1 Score: 0.8018575851393188

2025-01-18 14:17:28,411	***	
2025-01-18 14:17:28,654	***	 Classifier Model: XGboost
2025-01-18 14:17:28,654	***	   TS_Ar Fold 10 - Confusion Matrix:
2025-01-18 14:17:28,654	***	[[281  60]
 [ 67 275]]
2025-01-18 14:17:28,654	***	
   Classifier Metrics:
2025-01-18 14:17:28,654	***	     TS_Ar Fold 10 - Accuracy: 0.8140556368960469
2025-01-18 14:17:28,654	***	     TS_Ar Fold 10 - Precision: 0.8208955223880597
2025-01-18 14:17:28,654	***	     TS_Ar Fold 10 - Recall: 0.804093567251462
2025-01-18 14:17:28,654	***	     TS_Ar Fold 10 - F1 Score: 0.8124076809453471

2025-01-18 14:17:28,654	***	
2025-01-18 14:17:28,905	***	Similarity Metrics
2025-01-18 14:17:28,906	***	  Synthetic Fold 10 falses - Mean Squared Error: 0.04366519
2025-01-18 14:17:28,906	***	  Synthetic Fold 10 falses - Cosine Similarity: 0.6764770077645255
2025-01-18 14:17:28,906	***	  Synthetic Fold 10 falses - Maximum Mean Discrepancy: 0.054445695
2025-01-18 14:17:28,906	***	
2025-01-18 14:17:28,907	***	Similarity Metrics
2025-01-18 14:17:28,907	***	  Synthetic Fold 10 true - Mean Squared Error: 0.041726727
2025-01-18 14:17:28,907	***	  Synthetic Fold 10 true - Cosine Similarity: 0.8535864553318695
2025-01-18 14:17:28,907	***	  Synthetic Fold 10 true - Maximum Mean Discrepancy: 0.030882098
2025-01-18 14:17:28,907	***	
2025-01-18 14:17:28,907	***	Overall TR_As Results: Classifier RandomForest

2025-01-18 14:17:28,907	***	  TR_As List of Accuracies: [0.8318713450292398, 0.8304093567251462, 0.8654970760233918, 0.881578947368421, 0.8421052631578947, 0.8523391812865497, 0.8389458272327965, 0.8462664714494875, 0.8799414348462665, 0.8301610541727672] 
2025-01-18 14:17:28,907	***	  TR_As List of Precisions: [0.8721311475409836, 0.8896551724137931, 0.9340277777777778, 0.9306930693069307, 0.8633540372670807, 0.8801261829652997, 0.8690095846645367, 0.906896551724138, 0.9304635761589404, 0.8766666666666667] 
2025-01-18 14:17:28,907	***	  TR_As List of Recalls: [0.7777777777777778, 0.7543859649122807, 0.7865497076023392, 0.8245614035087719, 0.8128654970760234, 0.8157894736842105, 0.7976539589442815, 0.7712609970674487, 0.8216374269005848, 0.7690058479532164] 
2025-01-18 14:17:28,907	***	  TR_As List of F1-scores: [0.8222565687789798, 0.8164556962025318, 0.853968253968254, 0.8744186046511628, 0.8373493975903614, 0.8467374810318664, 0.8318042813455657, 0.8335974643423139, 0.8726708074534162, 0.8193146417445484] 
2025-01-18 14:17:28,907	***	  TR_As list AUC: [0.8877945350706202, 0.8824595602065592, 0.8995973119934341, 0.9261011935296332, 0.8997255565815123, 0.9141487979207277, 0.9085935758261735, 0.8965032326662207, 0.9162122069592358, 0.8576769391709969] 
2025-01-18 14:17:28,907	***	  TR_As Mean Accuracy: 0.8499115957291961 
2025-01-18 14:17:28,907	***	  TR_As Mean Precision: 0.8953023766486148 
2025-01-18 14:17:28,907	***	  TR_As Mean Recall: 0.7931488055426935 
2025-01-18 14:17:28,907	***	  TR_As Mean F1 Score: 0.8408573197108999 
2025-01-18 14:17:28,907	***	  TR_As Mean AUC: 0.8988812909925112 
2025-01-18 14:17:28,908	***	  TR_As Standard Deviation of Accuracy: 0.018557366370484756 
2025-01-18 14:17:28,908	***	  TR_As Standard Deviation of Precision: 0.026422156007724535 
2025-01-18 14:17:28,908	***	  TR_As Standard Deviation of Recall: 0.02358883211791053 
2025-01-18 14:17:28,908	***	  TR_As Standard Deviation of F1 Score: 0.019741867702180987 

2025-01-18 14:17:28,908	***	  TR_As Standard Deviation of AUC: 0.018617136263776406 
2025-01-18 14:17:28,976	***	Overall TS_Ar Results: RandomForest

2025-01-18 14:17:28,976	***	  TS_Ar List of Accuracies: [0.8055555555555556, 0.8084795321637427, 0.8114035087719298, 0.8084795321637427, 0.8070175438596491, 0.804093567251462, 0.7833089311859444, 0.7833089311859444, 0.821376281112738, 0.8096632503660323] 
2025-01-18 14:17:28,976	***	  TS_Ar List of Precisions: [0.8494983277591973, 0.8130563798219584, 0.8491803278688524, 0.8951310861423221, 0.7900552486187845, 0.8209876543209876, 0.8784313725490196, 0.8083067092651757, 0.9044117647058824, 0.823170731707317] 
2025-01-18 14:17:28,976	***	  TS_Ar List of Recalls: [0.7426900584795322, 0.8011695906432749, 0.7573099415204678, 0.6988304093567251, 0.8362573099415205, 0.7777777777777778, 0.656891495601173, 0.7419354838709677, 0.7192982456140351, 0.7894736842105263] 
2025-01-18 14:17:28,976	***	  TS_Ar List of F1-scores: [0.7925117004680187, 0.8070692194403535, 0.8006182380216385, 0.7848932676518882, 0.8125, 0.7987987987987988, 0.7516778523489933, 0.7737003058103975, 0.8013029315960913, 0.8059701492537313] 
2025-01-18 14:17:28,976	***	  TS_Ar list AUC: [0.8841737628672071, 0.8800015389350568, 0.8717853356588351, 0.8589352279333812, 0.8942580623097707, 0.8613547758284601, 0.8119865891512752, 0.8493851931882491, 0.8588731114198007, 0.8827708322614943] 
2025-01-18 14:17:28,976	***	  TS_Ar Mean Accuracy: 0.8042686633616741 
2025-01-18 14:17:28,976	***	  TS_Ar Mean Precision: 0.8432229602759497 
2025-01-18 14:17:28,976	***	  TS_Ar Mean Recall: 0.7521633997016001 
2025-01-18 14:17:28,976	***	  TS_Ar Mean F1 Score: 0.7929042463389911 
2025-01-18 14:17:28,976	***	  TS_Ar Mean AUC: 0.865352442955353 
2025-01-18 14:17:28,977	***	  TS_Ar Standard Deviation of Accuracy: 0.01138422085671257 
2025-01-18 14:17:28,977	***	  TS_Ar Standard Deviation of Precision: 0.03688563338791182 
2025-01-18 14:17:28,977	***	  TS_Ar Standard Deviation of Recall: 0.04974298890950015 
2025-01-18 14:17:28,977	***	  TS_Ar Standard Deviation of F1 Score: 0.01747250393888126 

2025-01-18 14:17:28,977	***	  TS_Ar Standard Deviation of AUC: 0.022251216745766453 
2025-01-18 14:17:29,026	***	Overall TR_As Results: Classifier SupportVectorMachine

2025-01-18 14:17:29,026	***	  TR_As List of Accuracies: [0.8728070175438597, 0.868421052631579, 0.8801169590643275, 0.8961988304093568, 0.8947368421052632, 0.8625730994152047, 0.8682284040995608, 0.8462664714494875, 0.9004392386530015, 0.8594436310395315] 
2025-01-18 14:17:29,026	***	  TR_As List of Precisions: [0.956989247311828, 0.9846153846153847, 0.9710144927536232, 0.985663082437276, 0.9787234042553191, 0.9335664335664335, 0.9403508771929825, 0.943609022556391, 0.959731543624161, 0.9522058823529411] 
2025-01-18 14:17:29,027	***	  TR_As List of Recalls: [0.7807017543859649, 0.7485380116959064, 0.783625730994152, 0.804093567251462, 0.8070175438596491, 0.7807017543859649, 0.7859237536656891, 0.7360703812316716, 0.8362573099415205, 0.7573099415204678] 
2025-01-18 14:17:29,027	***	  TR_As List of F1-scores: [0.8599033816425121, 0.8504983388704319, 0.8673139158576051, 0.8856682769726247, 0.8846153846153846, 0.8503184713375795, 0.8562300319488818, 0.8270181219110379, 0.8937499999999999, 0.8436482084690553] 
2025-01-18 14:17:29,027	***	  TR_As list AUC: [0.8963356246366403, 0.9313805957388598, 0.9192700318046578, 0.9196633152080983, 0.9278367702882937, 0.9006745665332923, 0.9159935518169814, 0.8864450961225154, 0.9214342062389601, 0.9300260671228413] 
2025-01-18 14:17:29,027	***	  TR_As Mean Accuracy: 0.8749231546411174 
2025-01-18 14:17:29,027	***	  TR_As Mean Precision: 0.960646937066634 
2025-01-18 14:17:29,027	***	  TR_As Mean Recall: 0.7820239748932448 
2025-01-18 14:17:29,027	***	  TR_As Mean F1 Score: 0.8618964131625113 
2025-01-18 14:17:29,027	***	  TR_As Mean AUC: 0.9149059825511141 
2025-01-18 14:17:29,027	***	  TR_As Standard Deviation of Accuracy: 0.01681726135891714 
2025-01-18 14:17:29,027	***	  TR_As Standard Deviation of Precision: 0.01776395557105115 
2025-01-18 14:17:29,027	***	  TR_As Standard Deviation of Recall: 0.028139112291315403 
2025-01-18 14:17:29,027	***	  TR_As Standard Deviation of F1 Score: 0.019936876794201887 

2025-01-18 14:17:29,027	***	  TR_As Standard Deviation of AUC: 0.014526273476755029 
2025-01-18 14:17:29,074	***	Overall TS_Ar Results: SupportVectorMachine

2025-01-18 14:17:29,074	***	  TS_Ar List of Accuracies: [0.8289473684210527, 0.8377192982456141, 0.8347953216374269, 0.8128654970760234, 0.8435672514619883, 0.793859649122807, 0.7964860907759883, 0.7701317715959004, 0.8184480234260615, 0.8169838945827232] 
2025-01-18 14:17:29,074	***	  TS_Ar List of Precisions: [0.8712871287128713, 0.8713826366559485, 0.8855218855218855, 0.8848920863309353, 0.8571428571428571, 0.8018018018018018, 0.9139344262295082, 0.8108108108108109, 0.9037037037037037, 0.8401253918495298] 
2025-01-18 14:17:29,074	***	  TS_Ar List of Recalls: [0.7719298245614035, 0.7923976608187134, 0.7690058479532164, 0.7192982456140351, 0.8245614035087719, 0.7807017543859649, 0.6539589442815249, 0.7038123167155426, 0.7134502923976608, 0.783625730994152] 
2025-01-18 14:17:29,074	***	  TS_Ar List of F1-scores: [0.8186046511627906, 0.8300153139356815, 0.8231611893583725, 0.7935483870967741, 0.8405365126676602, 0.7911111111111111, 0.7623931623931623, 0.7535321821036107, 0.7973856209150326, 0.81089258698941] 
2025-01-18 14:17:29,074	***	  TS_Ar list AUC: [0.8750470230156286, 0.891876987791115, 0.8904363735850347, 0.8516723094285421, 0.8894446154372286, 0.8298536301768065, 0.8323129426694792, 0.8449177685170894, 0.8609867777949274, 0.8321971840647562] 
2025-01-18 14:17:29,074	***	  TS_Ar Mean Accuracy: 0.8153804166345585 
2025-01-18 14:17:29,074	***	  TS_Ar Mean Precision: 0.8640602728759852 
2025-01-18 14:17:29,074	***	  TS_Ar Mean Recall: 0.7512742021230986 
2025-01-18 14:17:29,075	***	  TS_Ar Mean F1 Score: 0.8021180717733605 
2025-01-18 14:17:29,075	***	  TS_Ar Mean AUC: 0.8598745612480609 
2025-01-18 14:17:29,075	***	  TS_Ar Standard Deviation of Accuracy: 0.02177248043147961 
2025-01-18 14:17:29,075	***	  TS_Ar Standard Deviation of Precision: 0.03520198021024024 
2025-01-18 14:17:29,075	***	  TS_Ar Standard Deviation of Recall: 0.04887926033960681 
2025-01-18 14:17:29,075	***	  TS_Ar Standard Deviation of F1 Score: 0.026835593538839884 

2025-01-18 14:17:29,075	***	  TS_Ar Standard Deviation of AUC: 0.02404563851712179 
2025-01-18 14:17:29,119	***	Overall TR_As Results: Classifier DecisionTree

2025-01-18 14:17:29,120	***	  TR_As List of Accuracies: [0.7997076023391813, 0.8216374269005848, 0.8406432748538012, 0.8728070175438597, 0.8187134502923976, 0.8201754385964912, 0.8243045387994143, 0.8199121522693997, 0.8433382137628112, 0.8140556368960469] 
2025-01-18 14:17:29,120	***	  TR_As List of Precisions: [0.8096676737160121, 0.8525641025641025, 0.8770226537216829, 0.9153094462540716, 0.8205882352941176, 0.8230088495575221, 0.8259587020648967, 0.8471337579617835, 0.8486646884272997, 0.8391167192429022] 
2025-01-18 14:17:29,120	***	  TR_As List of Recalls: [0.783625730994152, 0.7777777777777778, 0.7923976608187134, 0.8216374269005848, 0.8157894736842105, 0.8157894736842105, 0.8211143695014663, 0.7800586510263929, 0.8362573099415205, 0.7777777777777778] 
2025-01-18 14:17:29,120	***	  TR_As List of F1-scores: [0.7964338781575037, 0.8134556574923547, 0.8325652841781874, 0.8659476117103236, 0.8181818181818182, 0.8193832599118943, 0.8235294117647058, 0.8122137404580153, 0.8424153166421207, 0.8072837632776935] 
2025-01-18 14:17:29,120	***	  TR_As list AUC: [0.7745631134366129, 0.7962150747238468, 0.8342139461714716, 0.8887948428576313, 0.8265320953455764, 0.8200215450907972, 0.8269923342079538, 0.8515674572550633, 0.8346281147639382, 0.7822623518718596] 
2025-01-18 14:17:29,120	***	  TR_As Mean Accuracy: 0.8275294752253988 
2025-01-18 14:17:29,120	***	  TR_As Mean Precision: 0.8459034828804389 
2025-01-18 14:17:29,120	***	  TR_As Mean Recall: 0.8022225652106807 
2025-01-18 14:17:29,120	***	  TR_As Mean F1 Score: 0.8231409741774616 
2025-01-18 14:17:29,120	***	  TR_As Mean AUC: 0.8235790875724751 
2025-01-18 14:17:29,120	***	  TR_As Standard Deviation of Accuracy: 0.019137630290212836 
2025-01-18 14:17:29,120	***	  TR_As Standard Deviation of Precision: 0.029598997511211256 
2025-01-18 14:17:29,120	***	  TR_As Standard Deviation of Recall: 0.02095000794794023 
2025-01-18 14:17:29,120	***	  TR_As Standard Deviation of F1 Score: 0.018733714402498304 

2025-01-18 14:17:29,120	***	  TR_As Standard Deviation of AUC: 0.03187958434301555 
2025-01-18 14:17:29,164	***	Overall TS_Ar Results: DecisionTree

2025-01-18 14:17:29,164	***	  TS_Ar List of Accuracies: [0.7997076023391813, 0.8084795321637427, 0.7923976608187134, 0.8099415204678363, 0.8026315789473685, 0.8026315789473685, 0.7510980966325037, 0.7701317715959004, 0.821376281112738, 0.8125915080527086] 
2025-01-18 14:17:29,164	***	  TS_Ar List of Precisions: [0.8233438485804416, 0.8075801749271136, 0.7994011976047904, 0.8581081081081081, 0.7702349869451697, 0.822429906542056, 0.7938144329896907, 0.7705882352941177, 0.8985507246376812, 0.800561797752809] 
2025-01-18 14:17:29,164	***	  TS_Ar List of Recalls: [0.7631578947368421, 0.8099415204678363, 0.7807017543859649, 0.7426900584795322, 0.8625730994152047, 0.7719298245614035, 0.6774193548387096, 0.7683284457478006, 0.7251461988304093, 0.8333333333333334] 
2025-01-18 14:17:29,164	***	  TS_Ar List of F1-scores: [0.7921092564491654, 0.8087591240875912, 0.789940828402367, 0.7962382445141065, 0.8137931034482758, 0.7963800904977376, 0.7310126582278481, 0.7694566813509544, 0.802588996763754, 0.8166189111747851] 
2025-01-18 14:17:29,164	***	  TS_Ar list AUC: [0.8036831845696112, 0.8339531821757122, 0.813664888341712, 0.8090694572689033, 0.8238603330939435, 0.8166273383263227, 0.7281687846203975, 0.7791497316115313, 0.7923719366843307, 0.8224605992008368] 
2025-01-18 14:17:29,164	***	  TS_Ar Mean Accuracy: 0.7970987131078061 
2025-01-18 14:17:29,164	***	  TS_Ar Mean Precision: 0.8144613413381979 
2025-01-18 14:17:29,164	***	  TS_Ar Mean Recall: 0.7735221484797037 
2025-01-18 14:17:29,164	***	  TS_Ar Mean F1 Score: 0.7916897894916586 
2025-01-18 14:17:29,164	***	  TS_Ar Mean AUC: 0.80230094358933 
2025-01-18 14:17:29,165	***	  TS_Ar Standard Deviation of Accuracy: 0.02014272027747908 
2025-01-18 14:17:29,165	***	  TS_Ar Standard Deviation of Precision: 0.03727322359684704 
2025-01-18 14:17:29,165	***	  TS_Ar Standard Deviation of Recall: 0.05054591191789804 
2025-01-18 14:17:29,165	***	  TS_Ar Standard Deviation of F1 Score: 0.0239627211278394 

2025-01-18 14:17:29,165	***	  TS_Ar Standard Deviation of AUC: 0.028957438041588728 
2025-01-18 14:17:29,210	***	Overall TR_As Results: Classifier AdaBoost

2025-01-18 14:17:29,210	***	  TR_As List of Accuracies: [0.881578947368421, 0.8581871345029239, 0.8874269005847953, 0.8845029239766082, 0.8859649122807017, 0.8801169590643275, 0.8565153733528551, 0.83601756954612, 0.8755490483162518, 0.8550512445095169] 
2025-01-18 14:17:29,210	***	  TR_As List of Precisions: [0.9484536082474226, 0.9487179487179487, 0.9491525423728814, 0.9550173010380623, 0.952054794520548, 0.9577464788732394, 0.911864406779661, 0.9194139194139194, 0.9185667752442996, 0.9293286219081273] 
2025-01-18 14:17:29,210	***	  TR_As List of Recalls: [0.8070175438596491, 0.7573099415204678, 0.8187134502923976, 0.8070175438596491, 0.8128654970760234, 0.7953216374269005, 0.7888563049853372, 0.7360703812316716, 0.8245614035087719, 0.7690058479532164] 
2025-01-18 14:17:29,210	***	  TR_As List of F1-scores: [0.8720379146919429, 0.8422764227642275, 0.8791208791208791, 0.8748019017432647, 0.8769716088328076, 0.8690095846645366, 0.8459119496855346, 0.8175895765472312, 0.869029275808937, 0.8416] 
2025-01-18 14:17:29,210	***	  TR_As list AUC: [0.912511542012927, 0.926344858246982, 0.9349970931226702, 0.9218391983858282, 0.9396523716699154, 0.9410203139427517, 0.9138584486632025, 0.8819133611153985, 0.9178456894925486, 0.9101884721579119] 
2025-01-18 14:17:29,210	***	  TR_As Mean Accuracy: 0.8700911013502521 
2025-01-18 14:17:29,211	***	  TR_As Mean Precision: 0.939031639711611 
2025-01-18 14:17:29,211	***	  TR_As Mean Recall: 0.7916739551714085 
2025-01-18 14:17:29,211	***	  TR_As Mean F1 Score: 0.8588349113859362 
2025-01-18 14:17:29,211	***	  TR_As Mean AUC: 0.9200171348810138 
2025-01-18 14:17:29,211	***	  TR_As Standard Deviation of Accuracy: 0.01653993269288578 
2025-01-18 14:17:29,211	***	  TR_As Standard Deviation of Precision: 0.016420391606230312 
2025-01-18 14:17:29,211	***	  TR_As Standard Deviation of Recall: 0.027459756231330578 
2025-01-18 14:17:29,211	***	  TR_As Standard Deviation of F1 Score: 0.01953606844247433 

2025-01-18 14:17:29,211	***	  TR_As Standard Deviation of AUC: 0.016558725504098832 
2025-01-18 14:17:29,254	***	Overall TS_Ar Results: AdaBoost

2025-01-18 14:17:29,254	***	  TS_Ar List of Accuracies: [0.8216374269005848, 0.8289473684210527, 0.8347953216374269, 0.8084795321637427, 0.8377192982456141, 0.8026315789473685, 0.8155197657393851, 0.7745241581259151, 0.8330893118594437, 0.8096632503660323] 
2025-01-18 14:17:29,254	***	  TS_Ar List of Precisions: [0.8642384105960265, 0.8664495114006515, 0.8907849829351536, 0.8864468864468864, 0.8690095846645367, 0.8244514106583072, 0.9215686274509803, 0.8235294117647058, 0.9042553191489362, 0.8291925465838509] 
2025-01-18 14:17:29,254	***	  TS_Ar List of Recalls: [0.7631578947368421, 0.7777777777777778, 0.7631578947368421, 0.7076023391812866, 0.7953216374269005, 0.7690058479532164, 0.6891495601173021, 0.6979472140762464, 0.7456140350877193, 0.7807017543859649] 
2025-01-18 14:17:29,254	***	  TS_Ar List of F1-scores: [0.8105590062111802, 0.8197226502311249, 0.8220472440944883, 0.7869918699186991, 0.830534351145038, 0.7957639939485627, 0.7885906040268457, 0.7555555555555556, 0.8173076923076923, 0.8042168674698794] 
2025-01-18 14:17:29,254	***	  TS_Ar list AUC: [0.8783514585684483, 0.870584111350501, 0.8690024280975344, 0.823125064122294, 0.87262747512055, 0.8281479771553639, 0.8206427603711135, 0.8112320145427107, 0.8407290219684108, 0.8388725969371131] 
2025-01-18 14:17:29,254	***	  TS_Ar Mean Accuracy: 0.8167007012406564 
2025-01-18 14:17:29,254	***	  TS_Ar Mean Precision: 0.8679926691650035 
2025-01-18 14:17:29,254	***	  TS_Ar Mean Recall: 0.7489435955480098 
2025-01-18 14:17:29,254	***	  TS_Ar Mean F1 Score: 0.8031289834909068 
2025-01-18 14:17:29,254	***	  TS_Ar Mean AUC: 0.845331490823404 
2025-01-18 14:17:29,254	***	  TS_Ar Standard Deviation of Accuracy: 0.018186380393905462 
2025-01-18 14:17:29,254	***	  TS_Ar Standard Deviation of Precision: 0.03231283439490881 
2025-01-18 14:17:29,254	***	  TS_Ar Standard Deviation of Recall: 0.0356281393111205 
2025-01-18 14:17:29,255	***	  TS_Ar Standard Deviation of F1 Score: 0.021049879043969523 

2025-01-18 14:17:29,255	***	  TS_Ar Standard Deviation of AUC: 0.023784455840160902 
2025-01-18 14:17:29,300	***	Overall TR_As Results: Classifier Perceptron

2025-01-18 14:17:29,300	***	  TR_As List of Accuracies: [0.8845029239766082, 0.8669590643274854, 0.8918128654970761, 0.8771929824561403, 0.8961988304093568, 0.881578947368421, 0.8535871156661786, 0.8609077598828697, 0.8887262079062958, 0.8682284040995608] 
2025-01-18 14:17:29,300	***	  TR_As List of Precisions: [0.9816849816849816, 0.966542750929368, 0.9820143884892086, 0.9417808219178082, 0.9754385964912281, 0.967741935483871, 0.9112627986348123, 0.9730769230769231, 0.9403973509933775, 0.9632352941176471] 
2025-01-18 14:17:29,300	***	  TR_As List of Recalls: [0.783625730994152, 0.7602339181286549, 0.7982456140350878, 0.804093567251462, 0.8128654970760234, 0.7894736842105263, 0.782991202346041, 0.7419354838709677, 0.8304093567251462, 0.7660818713450293] 
2025-01-18 14:17:29,300	***	  TR_As List of F1-scores: [0.8715447154471545, 0.851063829787234, 0.8806451612903226, 0.8675078864353312, 0.8867623604465711, 0.8695652173913043, 0.8422712933753943, 0.8419301164725459, 0.8819875776397516, 0.8534201954397393] 
2025-01-18 14:17:29,301	***	  TR_As list AUC: [0.8845029239766082, 0.8669590643274854, 0.8918128654970761, 0.8771929824561404, 0.8961988304093567, 0.881578947368421, 0.8534839052665879, 0.860733823806829, 0.8888117164857403, 0.8683781790742742] 
2025-01-18 14:17:29,301	***	  TR_As Mean Accuracy: 0.8769695101589992 
2025-01-18 14:17:29,301	***	  TR_As Mean Precision: 0.9603175841819226 
2025-01-18 14:17:29,301	***	  TR_As Mean Recall: 0.786995592598309 
2025-01-18 14:17:29,301	***	  TR_As Mean F1 Score: 0.8646698353725348 
2025-01-18 14:17:29,301	***	  TR_As Mean AUC: 0.876965323866852 
2025-01-18 14:17:29,301	***	  TR_As Standard Deviation of Accuracy: 0.013370464565398256 
2025-01-18 14:17:29,301	***	  TR_As Standard Deviation of Precision: 0.02137275997771602 
2025-01-18 14:17:29,301	***	  TR_As Standard Deviation of Recall: 0.02488056871350848 
2025-01-18 14:17:29,301	***	  TR_As Standard Deviation of F1 Score: 0.015661881944384285 

2025-01-18 14:17:29,301	***	  TR_As Standard Deviation of AUC: 0.013407348542728277 
2025-01-18 14:17:29,345	***	Overall TS_Ar Results: Perceptron

2025-01-18 14:17:29,345	***	  TS_Ar List of Accuracies: [0.8216374269005848, 0.827485380116959, 0.8523391812865497, 0.8011695906432749, 0.847953216374269, 0.793859649122807, 0.8140556368960469, 0.7774524158125915, 0.8228404099560761, 0.8228404099560761] 
2025-01-18 14:17:29,345	***	  TS_Ar List of Precisions: [0.8900709219858156, 0.8544303797468354, 0.951310861423221, 0.905511811023622, 0.8838709677419355, 0.8, 0.9212598425196851, 0.8203389830508474, 0.9233716475095786, 0.8622950819672132] 
2025-01-18 14:17:29,345	***	  TS_Ar List of Recalls: [0.7339181286549707, 0.7894736842105263, 0.7426900584795322, 0.672514619883041, 0.8011695906432749, 0.783625730994152, 0.6862170087976539, 0.7096774193548387, 0.7046783625730995, 0.7690058479532164] 
2025-01-18 14:17:29,345	***	  TS_Ar List of F1-scores: [0.8044871794871795, 0.8206686930091186, 0.8341543513957307, 0.7718120805369129, 0.8404907975460123, 0.791728212703102, 0.7865546218487394, 0.7610062893081762, 0.7993366500829188, 0.812982998454405] 
2025-01-18 14:17:29,345	***	  TS_Ar list AUC: [0.8216374269005848, 0.827485380116959, 0.8523391812865497, 0.8011695906432749, 0.8479532163742691, 0.793859649122807, 0.8138687383169555, 0.7773533295604603, 0.8230136680900689, 0.8229193462639983] 
2025-01-18 14:17:29,345	***	  TS_Ar Mean Accuracy: 0.8181633317065236 
2025-01-18 14:17:29,345	***	  TS_Ar Mean Precision: 0.8812460496968754 
2025-01-18 14:17:29,345	***	  TS_Ar Mean Recall: 0.7392970451544305 
2025-01-18 14:17:29,345	***	  TS_Ar Mean F1 Score: 0.8023221874372295 
2025-01-18 14:17:29,345	***	  TS_Ar Mean AUC: 0.8181599526675928 
2025-01-18 14:17:29,345	***	  TS_Ar Standard Deviation of Accuracy: 0.021798747718519397 
2025-01-18 14:17:29,345	***	  TS_Ar Standard Deviation of Precision: 0.04510781958746137 
2025-01-18 14:17:29,345	***	  TS_Ar Standard Deviation of Recall: 0.04311282364601214 
2025-01-18 14:17:29,346	***	  TS_Ar Standard Deviation of F1 Score: 0.02435712571007616 

2025-01-18 14:17:29,346	***	  TS_Ar Standard Deviation of AUC: 0.02182635379613753 
2025-01-18 14:17:29,386	***	Overall TR_As Results: Classifier SGDRegressor

2025-01-18 14:17:29,386	***	  TR_As List of Accuracies: [0.8625730994152047, 0.8728070175438597, 0.8216374269005848, 0.8859649122807017, 0.8654970760233918, 0.8611111111111112, 0.849194729136164, 0.8023426061493412, 0.8696925329428989, 0.849194729136164] 
2025-01-18 14:17:29,387	***	  TR_As List of Precisions: [0.9052287581699346, 0.8899082568807339, 0.775, 0.9342105263157895, 0.8955696202531646, 0.8776758409785933, 0.8628048780487805, 0.7942857142857143, 0.8753709198813057, 0.8722741433021807] 
2025-01-18 14:17:29,387	***	  TR_As List of Recalls: [0.8099415204678363, 0.8508771929824561, 0.9064327485380117, 0.8304093567251462, 0.827485380116959, 0.8391812865497076, 0.8299120234604106, 0.8152492668621701, 0.8625730994152047, 0.8187134502923976] 
2025-01-18 14:17:29,387	***	  TR_As List of F1-scores: [0.8549382716049383, 0.8699551569506726, 0.8355795148247979, 0.8792569659442724, 0.8601823708206687, 0.8579970104633782, 0.8460388639760836, 0.804630969609262, 0.8689248895434463, 0.8446455505279036] 
2025-01-18 14:17:29,387	***	  TR_As list AUC: [0.8542500256489177, 0.8932791286207722, 0.8769920659348176, 0.9274306624260455, 0.9064156492596013, 0.9005420471256114, 0.8919243367460685, 0.8615784328857333, 0.8826807977911542, 0.8779346949975133] 
2025-01-18 14:17:29,387	***	  TR_As Mean Accuracy: 0.8540015240639421 
2025-01-18 14:17:29,387	***	  TR_As Mean Precision: 0.8682328658116196 
2025-01-18 14:17:29,387	***	  TR_As Mean Recall: 0.8390775325410299 
2025-01-18 14:17:29,387	***	  TR_As Mean F1 Score: 0.8522149564265424 
2025-01-18 14:17:29,387	***	  TR_As Mean AUC: 0.8873027841436236 
2025-01-18 14:17:29,387	***	  TR_As Standard Deviation of Accuracy: 0.023748615787148944 
2025-01-18 14:17:29,387	***	  TR_As Standard Deviation of Precision: 0.046136030947021935 
2025-01-18 14:17:29,387	***	  TR_As Standard Deviation of Recall: 0.02711626938443361 
2025-01-18 14:17:29,387	***	  TR_As Standard Deviation of F1 Score: 0.020164198191511072 

2025-01-18 14:17:29,387	***	  TR_As Standard Deviation of AUC: 0.020439089041063764 
2025-01-18 14:17:29,428	***	Overall TS_Ar Results: SGDRegressor

2025-01-18 14:17:29,428	***	  TS_Ar List of Accuracies: [0.8114035087719298, 0.8318713450292398, 0.8245614035087719, 0.793859649122807, 0.8406432748538012, 0.7850877192982456, 0.677891654465593, 0.616398243045388, 0.636896046852123, 0.8125915080527086] 
2025-01-18 14:17:29,428	***	  TS_Ar List of Precisions: [0.9018867924528302, 0.864951768488746, 0.8854166666666666, 0.8150470219435737, 0.8498498498498499, 0.7963525835866262, 0.639080459770115, 0.5785288270377733, 0.5955284552845529, 0.8519736842105263] 
2025-01-18 14:17:29,428	***	  TS_Ar List of Recalls: [0.6988304093567251, 0.7865497076023392, 0.7456140350877193, 0.7602339181286549, 0.827485380116959, 0.7660818713450293, 0.8152492668621701, 0.8533724340175953, 0.8567251461988304, 0.7573099415204678] 
2025-01-18 14:17:29,428	***	  TS_Ar List of F1-scores: [0.7874794069192752, 0.8238897396630934, 0.8095238095238095, 0.7866868381240544, 0.8385185185185186, 0.7809239940387481, 0.7164948453608248, 0.6895734597156398, 0.7026378896882494, 0.8018575851393188] 
2025-01-18 14:17:29,429	***	  TS_Ar list AUC: [0.8493553572039261, 0.8200001709927841, 0.8274896549365618, 0.8199958961731815, 0.8607947744605178, 0.8310890530419617, 0.7981641542762087, 0.7829783402788497, 0.8020956594810584, 0.8108118536811236] 
2025-01-18 14:17:29,429	***	  TS_Ar Mean Accuracy: 0.7631204353000609 
2025-01-18 14:17:29,429	***	  TS_Ar Mean Precision: 0.7778616109291261 
2025-01-18 14:17:29,429	***	  TS_Ar Mean Recall: 0.7867452110236491 
2025-01-18 14:17:29,429	***	  TS_Ar Mean F1 Score: 0.7737586086691532 
2025-01-18 14:17:29,429	***	  TS_Ar Mean AUC: 0.8202774914526174 
2025-01-18 14:17:29,429	***	  TS_Ar Standard Deviation of Accuracy: 0.0808959312283235 
2025-01-18 14:17:29,429	***	  TS_Ar Standard Deviation of Precision: 0.11797192645700354 
2025-01-18 14:17:29,429	***	  TS_Ar Standard Deviation of Recall: 0.04819305168171287 
2025-01-18 14:17:29,429	***	  TS_Ar Standard Deviation of F1 Score: 0.04960529711547597 

2025-01-18 14:17:29,429	***	  TS_Ar Standard Deviation of AUC: 0.02226350722432528 
2025-01-18 14:17:29,470	***	Overall TR_As Results: Classifier XGboost

2025-01-18 14:17:29,470	***	  TR_As List of Accuracies: [0.8538011695906432, 0.847953216374269, 0.8640350877192983, 0.8786549707602339, 0.8567251461988304, 0.8713450292397661, 0.8682284040995608, 0.8433382137628112, 0.890190336749634, 0.8535871156661786] 
2025-01-18 14:17:29,470	***	  TR_As List of Precisions: [0.9201388888888888, 0.9103448275862069, 0.9191919191919192, 0.9389830508474576, 0.8986928104575164, 0.9379310344827586, 0.9087947882736156, 0.903448275862069, 0.9348534201954397, 0.9321428571428572] 
2025-01-18 14:17:29,470	***	  TR_As List of Recalls: [0.7748538011695907, 0.7719298245614035, 0.7982456140350878, 0.8099415204678363, 0.804093567251462, 0.7953216374269005, 0.8181818181818182, 0.7683284457478006, 0.8391812865497076, 0.7631578947368421] 
2025-01-18 14:17:29,470	***	  TR_As List of F1-scores: [0.8412698412698413, 0.8354430379746836, 0.8544600938967137, 0.869701726844584, 0.8487654320987654, 0.8607594936708859, 0.861111111111111, 0.8304278922345483, 0.8844375963020031, 0.8392282958199356] 
2025-01-18 14:17:29,470	***	  TR_As list AUC: [0.885840942512226, 0.9113402414418112, 0.9163161314592524, 0.9287644061420608, 0.9263576827057899, 0.9388700796826374, 0.9251299068786335, 0.908992299909108, 0.9189561146267428, 0.8774545111556996] 
2025-01-18 14:17:29,470	***	  TR_As Mean Accuracy: 0.8627858690161225 
2025-01-18 14:17:29,470	***	  TR_As Mean Precision: 0.9204521872928728 
2025-01-18 14:17:29,470	***	  TR_As Mean Recall: 0.7943235410128449 
2025-01-18 14:17:29,470	***	  TR_As Mean F1 Score: 0.8525604521223074 
2025-01-18 14:17:29,470	***	  TR_As Mean AUC: 0.9138022316513961 
2025-01-18 14:17:29,470	***	  TR_As Standard Deviation of Accuracy: 0.013811471060070841 
2025-01-18 14:17:29,470	***	  TR_As Standard Deviation of Precision: 0.01412555790665036 
2025-01-18 14:17:29,470	***	  TR_As Standard Deviation of Recall: 0.023376869046209007 
2025-01-18 14:17:29,470	***	  TR_As Standard Deviation of F1 Score: 0.015988761199183514 

2025-01-18 14:17:29,471	***	  TR_As Standard Deviation of AUC: 0.018174951896283428 
2025-01-18 14:17:29,511	***	Overall TS_Ar Results: XGboost

2025-01-18 14:17:29,511	***	  TS_Ar List of Accuracies: [0.8216374269005848, 0.8128654970760234, 0.8026315789473685, 0.8128654970760234, 0.8070175438596491, 0.8114035087719298, 0.7862371888726208, 0.7686676427525623, 0.8125915080527086, 0.8140556368960469] 
2025-01-18 14:17:29,511	***	  TS_Ar List of Precisions: [0.8503184713375797, 0.8242424242424242, 0.8285714285714286, 0.8962962962962963, 0.7807486631016043, 0.8297213622291022, 0.862453531598513, 0.8039867109634552, 0.8905109489051095, 0.8208955223880597] 
2025-01-18 14:17:29,511	***	  TS_Ar List of Recalls: [0.7807017543859649, 0.7953216374269005, 0.7631578947368421, 0.7076023391812866, 0.8538011695906432, 0.783625730994152, 0.6803519061583577, 0.7096774193548387, 0.7134502923976608, 0.804093567251462] 
2025-01-18 14:17:29,511	***	  TS_Ar List of F1-scores: [0.8140243902439024, 0.8095238095238095, 0.7945205479452055, 0.7908496732026143, 0.8156424581005587, 0.806015037593985, 0.760655737704918, 0.7538940809968848, 0.7922077922077922, 0.8124076809453471] 
2025-01-18 14:17:29,511	***	  TS_Ar list AUC: [0.8869010977736739, 0.8748033582982797, 0.8478677199822168, 0.845413973530317, 0.894771040662084, 0.8632955439280462, 0.7923633619728696, 0.8362058616727548, 0.830773781962237, 0.8724211555281165] 
2025-01-18 14:17:29,511	***	  TS_Ar Mean Accuracy: 0.8049973029205517 
2025-01-18 14:17:29,512	***	  TS_Ar Mean Precision: 0.8387745359633574 
2025-01-18 14:17:29,512	***	  TS_Ar Mean Recall: 0.7591783711478108 
2025-01-18 14:17:29,512	***	  TS_Ar Mean F1 Score: 0.7949741208465018 
2025-01-18 14:17:29,512	***	  TS_Ar Mean AUC: 0.8544816895310596 
2025-01-18 14:17:29,512	***	  TS_Ar Standard Deviation of Accuracy: 0.015043070279702414 
2025-01-18 14:17:29,512	***	  TS_Ar Standard Deviation of Precision: 0.03460269650806834 
2025-01-18 14:17:29,512	***	  TS_Ar Standard Deviation of Recall: 0.051738815826908514 
2025-01-18 14:17:29,512	***	  TS_Ar Standard Deviation of F1 Score: 0.020779335158499227 

2025-01-18 14:17:29,512	***	  TS_Ar Standard Deviation of AUC: 0.028926551794024247 
2025-01-18 14:17:29,552	***	Comparative Metrics:
2025-01-18 14:17:29,552	***		Mean Squared Error
2025-01-18 14:17:29,552	***			 false
2025-01-18 14:17:29,552	***			Mean Squared Error - List     : [0.046089802, 0.048443846, 0.04784914, 0.045668546, 0.04504906, 0.04232332, 0.05027586, 0.045553952, 0.043342113, 0.04366519]
2025-01-18 14:17:29,552	***			Mean Squared Error - Mean    : 0.04582608491182327
2025-01-18 14:17:29,552	***			Mean Squared Error - Std. Dev.  : 0.002337242942303419

2025-01-18 14:17:29,552	***			 positive
2025-01-18 14:17:29,552	***			Mean Squared Error - List     : [0.05022797, 0.052705918, 0.049881056, 0.049013775, 0.050426207, 0.048319954, 0.05149361, 0.04955515, 0.048287686, 0.041726727]
2025-01-18 14:17:29,552	***			Mean Squared Error - Mean    : 0.049163807183504105
2025-01-18 14:17:29,552	***			Mean Squared Error - Std. Dev.  : 0.002796079032123089

2025-01-18 14:17:29,552	***		Cosine Similarity
2025-01-18 14:17:29,552	***			 false
2025-01-18 14:17:29,553	***			Cosine Similarity - List     : [0.5787123322312595, 0.5784827101736041, 0.6027978603341426, 0.6328432772591798, 0.6992739427246546, 0.5052069694413777, 0.5534634268528555, 0.6574420416809597, 0.5037855326342793, 0.6764770077645255]
2025-01-18 14:17:29,553	***			Cosine Similarity - Mean    : 0.5988485101096839
2025-01-18 14:17:29,553	***			Cosine Similarity - Std. Dev.  : 0.06434410597780522

2025-01-18 14:17:29,553	***			 positive
2025-01-18 14:17:29,553	***			Cosine Similarity - List     : [0.8531525833913457, 0.4833200405738507, 0.6728847646399548, 0.8868286263698723, 0.5569611420931174, 0.44960258709408385, 0.50893212833013, 0.4837430015512226, 0.8842074195922645, 0.8535864553318695]
2025-01-18 14:17:29,553	***			Cosine Similarity - Mean    : 0.6633218748967712
2025-01-18 14:17:29,553	***			Cosine Similarity - Std. Dev.  : 0.1779177940913787

2025-01-18 14:17:29,553	***		Max Mean Discrepancy
2025-01-18 14:17:29,553	***			 false
2025-01-18 14:17:29,553	***			Max Mean Discrepancy - List     : [0.044885606, 0.07541637, 0.030547857, 0.07615164, 0.028333502, 0.05567525, 0.03201727, 0.040599924, 0.023322815, 0.054445695]
2025-01-18 14:17:29,553	***			Max Mean Discrepancy - Mean    : 0.046139590442180634
2025-01-18 14:17:29,553	***			Max Mean Discrepancy - Std. Dev.  : 0.017972860485315323

2025-01-18 14:17:29,553	***			 positive
2025-01-18 14:17:29,553	***			Max Mean Discrepancy - List     : [0.065430395, 0.058128994, 0.03860162, 0.2645429, 0.09786769, 0.10726377, 0.17860182, 0.10008513, 0.18199876, 0.030882098]
2025-01-18 14:17:29,553	***			Max Mean Discrepancy - Mean    : 0.11234031617641449
2025-01-18 14:17:29,553	***			Max Mean Discrepancy - Std. Dev.  : 0.0707150474190712

2025-01-18 14:17:29,554	***	  P_value of accuracy  0.001953125 and stats 0.0 of RandomForest 

2025-01-18 14:17:29,554	***	  P_value of precision  0.00390625 and stats 1.0 of RandomForest 

2025-01-18 14:17:29,555	***	  P_value of F1 score  0.001953125 and stats 0.0 of RandomForest 

2025-01-18 14:17:29,555	***	  P_value of recall  0.083984375 and stats 10.0 of RandomForest 

2025-01-18 14:17:29,556	***	  P_value of auc  0.013671875 and stats 4.0 of RandomForest 

2025-01-18 14:17:29,556	***	  P_value of accuracy  0.001953125 and stats 0.0 of SupportVectorMachine 

2025-01-18 14:17:29,557	***	  P_value of precision  0.001953125 and stats 0.0 of SupportVectorMachine 

2025-01-18 14:17:29,557	***	  P_value of F1 score  0.001953125 and stats 0.0 of SupportVectorMachine 

2025-01-18 14:17:29,558	***	  P_value of recall  0.26039294361048326 and stats 13.0 of SupportVectorMachine 

2025-01-18 14:17:29,558	***	  P_value of auc  0.001953125 and stats 0.0 of SupportVectorMachine 

2025-01-18 14:17:29,559	***	  P_value of accuracy  0.007685794055213263 and stats 0.0 of DecisionTree 

2025-01-18 14:17:29,559	***	  P_value of precision  0.048828125 and stats 8.0 of DecisionTree 

2025-01-18 14:17:29,560	***	  P_value of F1 score  0.013671875 and stats 4.0 of DecisionTree 

2025-01-18 14:17:29,560	***	  P_value of recall  0.322265625 and stats 17.0 of DecisionTree 

2025-01-18 14:17:29,561	***	  P_value of auc  0.232421875 and stats 15.0 of DecisionTree 

2025-01-18 14:17:29,561	***	  P_value of accuracy  0.001953125 and stats 0.0 of AdaBoost 

2025-01-18 14:17:29,561	***	  P_value of precision  0.00390625 and stats 1.0 of AdaBoost 

2025-01-18 14:17:29,562	***	  P_value of F1 score  0.001953125 and stats 0.0 of AdaBoost 

2025-01-18 14:17:29,562	***	  P_value of recall  0.013671875 and stats 4.0 of AdaBoost 

2025-01-18 14:17:29,563	***	  P_value of auc  0.001953125 and stats 0.0 of AdaBoost 

2025-01-18 14:17:29,563	***	  P_value of accuracy  0.001953125 and stats 0.0 of Perceptron 

2025-01-18 14:17:29,564	***	  P_value of precision  0.00390625 and stats 1.0 of Perceptron 

2025-01-18 14:17:29,564	***	  P_value of F1 score  0.001953125 and stats 0.0 of Perceptron 

2025-01-18 14:17:29,565	***	  P_value of recall  0.01953125 and stats 5.0 of Perceptron 

2025-01-18 14:17:29,565	***	  P_value of auc  0.001953125 and stats 0.0 of Perceptron 

2025-01-18 14:17:29,566	***	  P_value of accuracy  0.00390625 and stats 1.0 of SGDRegressor 

2025-01-18 14:17:29,566	***	  P_value of precision  0.02734375 and stats 6.0 of SGDRegressor 

2025-01-18 14:17:29,566	***	  P_value of F1 score  0.001953125 and stats 0.0 of SGDRegressor 

2025-01-18 14:17:29,567	***	  P_value of recall  0.020879263166351643 and stats 3.0 of SGDRegressor 

2025-01-18 14:17:29,567	***	  P_value of auc  0.001953125 and stats 0.0 of SGDRegressor 

2025-01-18 14:17:29,568	***	  P_value of accuracy  0.001953125 and stats 0.0 of XGboost 

2025-01-18 14:17:29,568	***	  P_value of precision  0.001953125 and stats 0.0 of XGboost 

2025-01-18 14:17:29,569	***	  P_value of F1 score  0.001953125 and stats 0.0 of XGboost 

2025-01-18 14:17:29,569	***	  P_value of recall  0.232421875 and stats 15.0 of XGboost 

2025-01-18 14:17:29,570	***	  P_value of auc  0.00390625 and stats 1.0 of XGboost 

