2025-01-10 15:12:58,254	***	
   Classifier Metrics:
2025-01-10 15:12:58,254	***	     TS_Ar Fold 10 - Accuracy: 0.8705
2025-01-10 15:12:58,254	***	     TS_Ar Fold 10 - Precision: 0.8579710144927536
2025-01-10 15:12:58,254	***	     TS_Ar Fold 10 - Recall: 0.888
2025-01-10 15:12:58,254	***	     TS_Ar Fold 10 - F1 Score: 0.8727272727272728

2025-01-10 15:12:58,254	***	
2025-01-10 15:13:00,344	***	 Classifier Model: SupportVectorMachine
2025-01-10 15:13:00,344	***	   TS_Ar Fold 10 - Confusion Matrix:
2025-01-10 15:13:00,344	***	[[854 146]
 [123 877]]
2025-01-10 15:13:00,345	***	
   Classifier Metrics:
2025-01-10 15:13:00,345	***	     TS_Ar Fold 10 - Accuracy: 0.8655
2025-01-10 15:13:00,345	***	     TS_Ar Fold 10 - Precision: 0.8572825024437928
2025-01-10 15:13:00,345	***	     TS_Ar Fold 10 - Recall: 0.877
2025-01-10 15:13:00,345	***	     TS_Ar Fold 10 - F1 Score: 0.8670291646070194

2025-01-10 15:13:00,345	***	
2025-01-10 15:13:00,590	***	 Classifier Model: DecisionTree
2025-01-10 15:13:00,591	***	   TS_Ar Fold 10 - Confusion Matrix:
2025-01-10 15:13:00,591	***	[[818 182]
 [217 783]]
2025-01-10 15:13:00,591	***	
   Classifier Metrics:
2025-01-10 15:13:00,591	***	     TS_Ar Fold 10 - Accuracy: 0.8005
2025-01-10 15:13:00,591	***	     TS_Ar Fold 10 - Precision: 0.81139896373057
2025-01-10 15:13:00,591	***	     TS_Ar Fold 10 - Recall: 0.783
2025-01-10 15:13:00,591	***	     TS_Ar Fold 10 - F1 Score: 0.7969465648854962

2025-01-10 15:13:00,591	***	
2025-01-10 15:13:00,865	***	 Classifier Model: AdaBoost
2025-01-10 15:13:00,865	***	   TS_Ar Fold 10 - Confusion Matrix:
2025-01-10 15:13:00,866	***	[[837 163]
 [104 896]]
2025-01-10 15:13:00,866	***	
   Classifier Metrics:
2025-01-10 15:13:00,866	***	     TS_Ar Fold 10 - Accuracy: 0.8665
2025-01-10 15:13:00,866	***	     TS_Ar Fold 10 - Precision: 0.846081208687441
2025-01-10 15:13:00,866	***	     TS_Ar Fold 10 - Recall: 0.896
2025-01-10 15:13:00,866	***	     TS_Ar Fold 10 - F1 Score: 0.8703254006799418

2025-01-10 15:13:00,866	***	
2025-01-10 15:13:01,255	***	 Classifier Model: Perceptron
2025-01-10 15:13:01,255	***	   TS_Ar Fold 10 - Confusion Matrix:
2025-01-10 15:13:01,255	***	[[917  83]
 [247 753]]
2025-01-10 15:13:01,256	***	
   Classifier Metrics:
2025-01-10 15:13:01,256	***	     TS_Ar Fold 10 - Accuracy: 0.835
2025-01-10 15:13:01,256	***	     TS_Ar Fold 10 - Precision: 0.9007177033492823
2025-01-10 15:13:01,256	***	     TS_Ar Fold 10 - Recall: 0.753
2025-01-10 15:13:01,256	***	     TS_Ar Fold 10 - F1 Score: 0.8202614379084967

2025-01-10 15:13:01,256	***	
2025-01-10 15:13:01,514	***	 Classifier Model: SGDRegressor
2025-01-10 15:13:01,514	***	   TS_Ar Fold 10 - Confusion Matrix:
2025-01-10 15:13:01,514	***	[[888 112]
 [190 810]]
2025-01-10 15:13:01,514	***	
   Classifier Metrics:
2025-01-10 15:13:01,514	***	     TS_Ar Fold 10 - Accuracy: 0.849
2025-01-10 15:13:01,514	***	     TS_Ar Fold 10 - Precision: 0.8785249457700651
2025-01-10 15:13:01,514	***	     TS_Ar Fold 10 - Recall: 0.81
2025-01-10 15:13:01,514	***	     TS_Ar Fold 10 - F1 Score: 0.8428720083246619

2025-01-10 15:13:01,514	***	
2025-01-10 15:13:01,764	***	 Classifier Model: XGboost
2025-01-10 15:13:01,764	***	   TS_Ar Fold 10 - Confusion Matrix:
2025-01-10 15:13:01,764	***	[[849 151]
 [142 858]]
2025-01-10 15:13:01,764	***	
   Classifier Metrics:
2025-01-10 15:13:01,764	***	     TS_Ar Fold 10 - Accuracy: 0.8535
2025-01-10 15:13:01,764	***	     TS_Ar Fold 10 - Precision: 0.8503468780971258
2025-01-10 15:13:01,764	***	     TS_Ar Fold 10 - Recall: 0.858
2025-01-10 15:13:01,765	***	     TS_Ar Fold 10 - F1 Score: 0.8541562966650075

2025-01-10 15:13:01,765	***	
2025-01-10 15:13:02,012	***	Similarity Metrics
2025-01-10 15:13:02,013	***	  Synthetic Fold 10 falses - Mean Squared Error: 0.097295
2025-01-10 15:13:02,013	***	  Synthetic Fold 10 falses - Cosine Similarity: 0.2973434781879187
2025-01-10 15:13:02,013	***	  Synthetic Fold 10 falses - Maximum Mean Discrepancy: 0.06476701
2025-01-10 15:13:02,013	***	
2025-01-10 15:13:02,015	***	Similarity Metrics
2025-01-10 15:13:02,015	***	  Synthetic Fold 10 true - Mean Squared Error: 0.139185
2025-01-10 15:13:02,015	***	  Synthetic Fold 10 true - Cosine Similarity: 0.7384267330914736
2025-01-10 15:13:02,015	***	  Synthetic Fold 10 true - Maximum Mean Discrepancy: 0.14896302
2025-01-10 15:13:02,015	***	
2025-01-10 15:13:02,015	***	Overall TR_As Results: Classifier RandomForest

2025-01-10 15:13:02,015	***	  TR_As List of Accuracies: [0.8005, 0.8285, 0.837, 0.8425, 0.8455, 0.861, 0.8585, 0.8505, 0.889, 0.8485] 
2025-01-10 15:13:02,015	***	  TR_As List of Precisions: [0.8506417736289381, 0.8915375446960667, 0.8671023965141612, 0.8792912513842747, 0.8625393494228751, 0.9020044543429844, 0.9125431530494822, 0.8924972004479284, 0.9341517857142857, 0.8893854748603351] 
2025-01-10 15:13:02,015	***	  TR_As List of Recalls: [0.729, 0.748, 0.796, 0.794, 0.822, 0.81, 0.793, 0.797, 0.837, 0.796] 
2025-01-10 15:13:02,015	***	  TR_As List of F1-scores: [0.7851373182552503, 0.8134855899945622, 0.8300312825860271, 0.8344718864950079, 0.8417818740399384, 0.8535300316122233, 0.8485821294810059, 0.8420496566296884, 0.8829113924050632, 0.8401055408970977] 
2025-01-10 15:13:02,015	***	  TR_As list AUC: [0.885461, 0.906507, 0.9197234999999999, 0.9241685, 0.9192935, 0.9371825, 0.930517, 0.9337650000000001, 0.9537639999999998, 0.9168780000000001] 
2025-01-10 15:13:02,015	***	  TR_As Mean Accuracy: 0.8461500000000001 
2025-01-10 15:13:02,016	***	  TR_As Mean Precision: 0.8881694384061332 
2025-01-10 15:13:02,016	***	  TR_As Mean Recall: 0.7922 
2025-01-10 15:13:02,016	***	  TR_As Mean F1 Score: 0.8372086702395863 
2025-01-10 15:13:02,016	***	  TR_As Mean AUC: 0.9227260000000002 
2025-01-10 15:13:02,016	***	  TR_As Standard Deviation of Accuracy: 0.021740572669550366 
2025-01-10 15:13:02,016	***	  TR_As Standard Deviation of Precision: 0.023493156127214976 
2025-01-10 15:13:02,016	***	  TR_As Standard Deviation of Recall: 0.030357206722621898 
2025-01-10 15:13:02,016	***	  TR_As Standard Deviation of F1 Score: 0.024228985822615002 

2025-01-10 15:13:02,016	***	  TR_As Standard Deviation of AUC: 0.01750348592995118 
2025-01-10 15:13:02,083	***	Overall TS_Ar Results: RandomForest

2025-01-10 15:13:02,083	***	  TS_Ar List of Accuracies: [0.828, 0.8825, 0.84, 0.849, 0.845, 0.861, 0.8575, 0.8665, 0.855, 0.8705] 
2025-01-10 15:13:02,083	***	  TS_Ar List of Precisions: [0.8106060606060606, 0.8709990300678953, 0.8213610586011342, 0.8388349514563107, 0.8194444444444444, 0.829981718464351, 0.8434197886647454, 0.8500477554918816, 0.852882703777336, 0.8579710144927536] 
2025-01-10 15:13:02,083	***	  TS_Ar List of Recalls: [0.856, 0.898, 0.869, 0.864, 0.885, 0.908, 0.878, 0.89, 0.858, 0.888] 
2025-01-10 15:13:02,083	***	  TS_Ar List of F1-scores: [0.8326848249027238, 0.8842934515017233, 0.8445092322643344, 0.8512315270935961, 0.8509615384615384, 0.8672397325692454, 0.8603625673689367, 0.8695652173913044, 0.8554336989032901, 0.8727272727272728] 
2025-01-10 15:13:02,083	***	  TS_Ar list AUC: [0.9049845000000001, 0.9505875, 0.9206130000000001, 0.930274, 0.928508, 0.9297530000000002, 0.9331415000000001, 0.9391615, 0.9216005, 0.9324144999999999] 
2025-01-10 15:13:02,084	***	  TS_Ar Mean Accuracy: 0.8554999999999999 
2025-01-10 15:13:02,084	***	  TS_Ar Mean Precision: 0.8395548526066913 
2025-01-10 15:13:02,084	***	  TS_Ar Mean Recall: 0.8794000000000001 
2025-01-10 15:13:02,084	***	  TS_Ar Mean F1 Score: 0.8589009063183966 
2025-01-10 15:13:02,084	***	  TS_Ar Mean AUC: 0.9291038 
2025-01-10 15:13:02,084	***	  TS_Ar Standard Deviation of Accuracy: 0.015028306624500326 
2025-01-10 15:13:02,084	***	  TS_Ar Standard Deviation of Precision: 0.01815544007558405 
2025-01-10 15:13:02,084	***	  TS_Ar Standard Deviation of Recall: 0.016536021286875525 
2025-01-10 15:13:02,084	***	  TS_Ar Standard Deviation of F1 Score: 0.014316519967084468 

2025-01-10 15:13:02,085	***	  TS_Ar Standard Deviation of AUC: 0.011411617260931926 
2025-01-10 15:13:02,134	***	Overall TR_As Results: Classifier SupportVectorMachine

2025-01-10 15:13:02,134	***	  TR_As List of Accuracies: [0.8205, 0.8515, 0.847, 0.857, 0.862, 0.8725, 0.8545, 0.879, 0.8965, 0.854] 
2025-01-10 15:13:02,134	***	  TR_As List of Precisions: [0.8565072302558399, 0.8936170212765957, 0.8607068607068608, 0.868801652892562, 0.8731958762886598, 0.8933474128827877, 0.9146198830409357, 0.9075268817204301, 0.9323882224645583, 0.8924611973392461] 
2025-01-10 15:13:02,134	***	  TR_As List of Recalls: [0.77, 0.798, 0.828, 0.841, 0.847, 0.846, 0.782, 0.844, 0.855, 0.805] 
2025-01-10 15:13:02,134	***	  TR_As List of F1-scores: [0.8109531332280149, 0.8431061806656102, 0.8440366972477065, 0.8546747967479674, 0.8598984771573605, 0.8690292758089367, 0.8431266846361186, 0.8746113989637305, 0.892018779342723, 0.8464773922187172] 
2025-01-10 15:13:02,134	***	  TR_As list AUC: [0.8921490000000001, 0.9187455, 0.9250894999999999, 0.9381640000000001, 0.9399774999999999, 0.9361755, 0.9324844999999999, 0.9559445, 0.9569290000000001, 0.927274] 
2025-01-10 15:13:02,134	***	  TR_As Mean Accuracy: 0.85945 
2025-01-10 15:13:02,134	***	  TR_As Mean Precision: 0.8893172238868475 
2025-01-10 15:13:02,134	***	  TR_As Mean Recall: 0.8215999999999999 
2025-01-10 15:13:02,134	***	  TR_As Mean F1 Score: 0.8537932816016885 
2025-01-10 15:13:02,134	***	  TR_As Mean AUC: 0.9322933000000001 
2025-01-10 15:13:02,134	***	  TR_As Standard Deviation of Accuracy: 0.0193060223764503 
2025-01-10 15:13:02,135	***	  TR_As Standard Deviation of Precision: 0.02333961746072806 
2025-01-10 15:13:02,135	***	  TR_As Standard Deviation of Recall: 0.02887628785006824 
2025-01-10 15:13:02,135	***	  TR_As Standard Deviation of F1 Score: 0.020920684967040273 

2025-01-10 15:13:02,135	***	  TR_As Standard Deviation of AUC: 0.01774010392472378 
2025-01-10 15:13:02,183	***	Overall TS_Ar Results: SupportVectorMachine

2025-01-10 15:13:02,183	***	  TS_Ar List of Accuracies: [0.8215, 0.881, 0.843, 0.863, 0.8685, 0.861, 0.854, 0.8565, 0.861, 0.8655] 
2025-01-10 15:13:02,183	***	  TS_Ar List of Precisions: [0.8124392614188533, 0.8832997987927566, 0.8336575875486382, 0.8651911468812877, 0.8609206660137121, 0.8412098298676749, 0.8384321223709369, 0.8385565052231719, 0.8639112903225806, 0.8572825024437928] 
2025-01-10 15:13:02,183	***	  TS_Ar List of Recalls: [0.836, 0.878, 0.857, 0.86, 0.879, 0.89, 0.877, 0.883, 0.857, 0.877] 
2025-01-10 15:13:02,183	***	  TS_Ar List of F1-scores: [0.8240512567767373, 0.880641925777332, 0.8451676528599606, 0.8625877632898695, 0.8698664027709055, 0.8649173955296405, 0.8572825024437928, 0.8602045786653678, 0.8604417670682729, 0.8670291646070194] 
2025-01-10 15:13:02,183	***	  TS_Ar list AUC: [0.8961835, 0.951903, 0.9231555, 0.933677, 0.9332429999999999, 0.9216344999999999, 0.9320575, 0.9338515, 0.9340825000000001, 0.933707] 
2025-01-10 15:13:02,184	***	  TS_Ar Mean Accuracy: 0.8575000000000002 
2025-01-10 15:13:02,184	***	  TS_Ar Mean Precision: 0.8494900710883405 
2025-01-10 15:13:02,184	***	  TS_Ar Mean Recall: 0.8694000000000001 
2025-01-10 15:13:02,184	***	  TS_Ar Mean F1 Score: 0.8592190409788898 
2025-01-10 15:13:02,184	***	  TS_Ar Mean AUC: 0.9293495 
2025-01-10 15:13:02,184	***	  TS_Ar Standard Deviation of Accuracy: 0.015203617990465303 
2025-01-10 15:13:02,184	***	  TS_Ar Standard Deviation of Precision: 0.01929452523053793 
2025-01-10 15:13:02,184	***	  TS_Ar Standard Deviation of Recall: 0.015499677415998064 
2025-01-10 15:13:02,184	***	  TS_Ar Standard Deviation of F1 Score: 0.014551821022729831 

2025-01-10 15:13:02,184	***	  TS_Ar Standard Deviation of AUC: 0.013451422753746169 
2025-01-10 15:13:02,228	***	Overall TR_As Results: Classifier DecisionTree

2025-01-10 15:13:02,228	***	  TR_As List of Accuracies: [0.75, 0.75, 0.7955, 0.7755, 0.775, 0.7835, 0.7825, 0.8065, 0.821, 0.79] 
2025-01-10 15:13:02,228	***	  TR_As List of Precisions: [0.8094059405940595, 0.7969121140142518, 0.8472385428907168, 0.7984832069339112, 0.8110859728506787, 0.8331374853113983, 0.8407720144752714, 0.8670658682634731, 0.8558758314855875, 0.8348729792147807] 
2025-01-10 15:13:02,228	***	  TR_As List of Recalls: [0.654, 0.671, 0.721, 0.737, 0.717, 0.709, 0.697, 0.724, 0.772, 0.723] 
2025-01-10 15:13:02,228	***	  TR_As List of F1-scores: [0.7234513274336285, 0.7285559174809988, 0.7790383576445165, 0.766510660426417, 0.7611464968152867, 0.7660723933009184, 0.762165117550574, 0.7891008174386922, 0.811777076761304, 0.77491961414791] 
2025-01-10 15:13:02,229	***	  TR_As list AUC: [0.7428340000000001, 0.750105, 0.791881, 0.774586, 0.7687565, 0.7849234999999999, 0.7763905, 0.8023719999999999, 0.820327, 0.7875854999999999] 
2025-01-10 15:13:02,229	***	  TR_As Mean Accuracy: 0.7829499999999999 
2025-01-10 15:13:02,229	***	  TR_As Mean Precision: 0.8294849956034127 
2025-01-10 15:13:02,229	***	  TR_As Mean Recall: 0.7125 
2025-01-10 15:13:02,229	***	  TR_As Mean F1 Score: 0.7662737779000246 
2025-01-10 15:13:02,229	***	  TR_As Mean AUC: 0.7799761 
2025-01-10 15:13:02,229	***	  TR_As Standard Deviation of Accuracy: 0.021213733759053346 
2025-01-10 15:13:02,229	***	  TR_As Standard Deviation of Precision: 0.023146383080873127 
2025-01-10 15:13:02,229	***	  TR_As Standard Deviation of Recall: 0.031420534686729944 
2025-01-10 15:13:02,229	***	  TR_As Standard Deviation of F1 Score: 0.024756766652070557 

2025-01-10 15:13:02,229	***	  TR_As Standard Deviation of AUC: 0.021894029286314537 
2025-01-10 15:13:02,272	***	Overall TS_Ar Results: DecisionTree

2025-01-10 15:13:02,272	***	  TS_Ar List of Accuracies: [0.79, 0.832, 0.7785, 0.8075, 0.8225, 0.829, 0.836, 0.8085, 0.817, 0.8005] 
2025-01-10 15:13:02,272	***	  TS_Ar List of Precisions: [0.7871287128712872, 0.8217054263565892, 0.7733071638861629, 0.8090452261306532, 0.81099324975892, 0.8069029850746269, 0.8218390804597702, 0.8075772681954138, 0.8358050847457628, 0.81139896373057] 
2025-01-10 15:13:02,272	***	  TS_Ar List of Recalls: [0.795, 0.848, 0.788, 0.805, 0.841, 0.865, 0.858, 0.81, 0.789, 0.783] 
2025-01-10 15:13:02,272	***	  TS_Ar List of F1-scores: [0.7910447761194029, 0.8346456692913387, 0.7805844477464091, 0.8070175438596492, 0.8257241040746195, 0.8349420849420849, 0.8395303326810175, 0.8087868197703446, 0.8117283950617286, 0.7969465648854962] 
2025-01-10 15:13:02,272	***	  TS_Ar list AUC: [0.776624, 0.8293940000000001, 0.776157, 0.8065720000000001, 0.8178865, 0.82698, 0.835259, 0.811261, 0.814941, 0.7896610000000001] 
2025-01-10 15:13:02,273	***	  TS_Ar Mean Accuracy: 0.8121499999999999 
2025-01-10 15:13:02,273	***	  TS_Ar Mean Precision: 0.8085703161209755 
2025-01-10 15:13:02,273	***	  TS_Ar Mean Recall: 0.8181999999999998 
2025-01-10 15:13:02,273	***	  TS_Ar Mean F1 Score: 0.8130950738432091 
2025-01-10 15:13:02,273	***	  TS_Ar Mean AUC: 0.8084735500000001 
2025-01-10 15:13:02,273	***	  TS_Ar Standard Deviation of Accuracy: 0.017807372068893254 
2025-01-10 15:13:02,273	***	  TS_Ar Standard Deviation of Precision: 0.01676728850085642 
2025-01-10 15:13:02,273	***	  TS_Ar Standard Deviation of Recall: 0.02994261177653009 
2025-01-10 15:13:02,273	***	  TS_Ar Standard Deviation of F1 Score: 0.019134605790953933 

2025-01-10 15:13:02,273	***	  TS_Ar Standard Deviation of AUC: 0.020129820752368868 
2025-01-10 15:13:02,315	***	Overall TR_As Results: Classifier AdaBoost

2025-01-10 15:13:02,316	***	  TR_As List of Accuracies: [0.806, 0.851, 0.869, 0.869, 0.863, 0.8505, 0.876, 0.8765, 0.893, 0.8655] 
2025-01-10 15:13:02,316	***	  TR_As List of Precisions: [0.8276231263383298, 0.8874172185430463, 0.8773006134969326, 0.875, 0.8757763975155279, 0.8639667705088265, 0.9196428571428571, 0.8917793964620188, 0.9128151260504201, 0.9065628476084538] 
2025-01-10 15:13:02,316	***	  TR_As List of Recalls: [0.773, 0.804, 0.858, 0.861, 0.846, 0.832, 0.824, 0.857, 0.869, 0.815] 
2025-01-10 15:13:02,316	***	  TR_As List of F1-scores: [0.7993795243019649, 0.8436516264428122, 0.8675429726996967, 0.8679435483870968, 0.8606307222787386, 0.8476821192052981, 0.8691983122362869, 0.8740438551759306, 0.8903688524590163, 0.8583464981569247] 
2025-01-10 15:13:02,316	***	  TR_As list AUC: [0.880153, 0.9161205, 0.9412860000000001, 0.9421229999999999, 0.9388815, 0.912877, 0.9489095, 0.9534535000000001, 0.961038, 0.9284554999999999] 
2025-01-10 15:13:02,316	***	  TR_As Mean Accuracy: 0.86195 
2025-01-10 15:13:02,316	***	  TR_As Mean Precision: 0.8837884353666412 
2025-01-10 15:13:02,316	***	  TR_As Mean Recall: 0.8338999999999999 
2025-01-10 15:13:02,316	***	  TR_As Mean F1 Score: 0.8578788031343766 
2025-01-10 15:13:02,316	***	  TR_As Mean AUC: 0.9323297500000001 
2025-01-10 15:13:02,316	***	  TR_As Standard Deviation of Accuracy: 0.02206292138407784 
2025-01-10 15:13:02,316	***	  TR_As Standard Deviation of Precision: 0.02540619457495239 
2025-01-10 15:13:02,316	***	  TR_As Standard Deviation of Recall: 0.028790449805447628 
2025-01-10 15:13:02,316	***	  TR_As Standard Deviation of F1 Score: 0.023186377704607734 

2025-01-10 15:13:02,316	***	  TR_As Standard Deviation of AUC: 0.02267792859064734 
2025-01-10 15:13:02,359	***	Overall TS_Ar Results: AdaBoost

2025-01-10 15:13:02,359	***	  TS_Ar List of Accuracies: [0.827, 0.873, 0.8535, 0.8505, 0.8525, 0.843, 0.84, 0.8525, 0.8465, 0.8665] 
2025-01-10 15:13:02,360	***	  TS_Ar List of Precisions: [0.8144230769230769, 0.8538899430740038, 0.8462291870714985, 0.8406219630709426, 0.844574780058651, 0.8223684210526315, 0.8238095238095238, 0.8236914600550964, 0.8347826086956521, 0.846081208687441] 
2025-01-10 15:13:02,360	***	  TS_Ar List of Recalls: [0.847, 0.9, 0.864, 0.865, 0.864, 0.875, 0.865, 0.897, 0.864, 0.896] 
2025-01-10 15:13:02,360	***	  TS_Ar List of F1-scores: [0.830392156862745, 0.8763388510223954, 0.8550222662048491, 0.8526367668802366, 0.8541769649036086, 0.8478682170542635, 0.8439024390243902, 0.8587841072283389, 0.8491400491400491, 0.8703254006799418] 
2025-01-10 15:13:02,360	***	  TS_Ar list AUC: [0.9003965, 0.94783, 0.9287094999999999, 0.9246785000000002, 0.9286979999999999, 0.9169879999999999, 0.919068, 0.9055240000000001, 0.90916, 0.9329719999999999] 
2025-01-10 15:13:02,360	***	  TS_Ar Mean Accuracy: 0.8504999999999999 
2025-01-10 15:13:02,360	***	  TS_Ar Mean Precision: 0.8350472172498519 
2025-01-10 15:13:02,360	***	  TS_Ar Mean Recall: 0.8737 
2025-01-10 15:13:02,360	***	  TS_Ar Mean F1 Score: 0.8538587219000819 
2025-01-10 15:13:02,360	***	  TS_Ar Mean AUC: 0.9214024499999999 
2025-01-10 15:13:02,360	***	  TS_Ar Standard Deviation of Accuracy: 0.012304470732217639 
2025-01-10 15:13:02,360	***	  TS_Ar Standard Deviation of Precision: 0.012510403698153361 
2025-01-10 15:13:02,360	***	  TS_Ar Standard Deviation of Recall: 0.016970857373745162 
2025-01-10 15:13:02,360	***	  TS_Ar Standard Deviation of F1 Score: 0.012295018049324534 

2025-01-10 15:13:02,360	***	  TS_Ar Standard Deviation of AUC: 0.013482618947092547 
2025-01-10 15:13:02,404	***	Overall TR_As Results: Classifier Perceptron

2025-01-10 15:13:02,404	***	  TR_As List of Accuracies: [0.795, 0.847, 0.858, 0.8555, 0.871, 0.862, 0.8665, 0.887, 0.88, 0.856] 
2025-01-10 15:13:02,404	***	  TR_As List of Precisions: [0.8641975308641975, 0.9273399014778325, 0.8916849015317286, 0.8276497695852535, 0.9187358916478555, 0.9248826291079812, 0.922722029988466, 0.8786692759295499, 0.8653846153846154, 0.8946784922394678] 
2025-01-10 15:13:02,404	***	  TR_As List of Recalls: [0.7, 0.753, 0.815, 0.898, 0.814, 0.788, 0.8, 0.898, 0.9, 0.807] 
2025-01-10 15:13:02,404	***	  TR_As List of F1-scores: [0.7734806629834253, 0.8311258278145697, 0.851619644723093, 0.861390887290168, 0.8632025450689289, 0.8509719222462203, 0.8569898232458489, 0.8882294757665677, 0.8823529411764707, 0.8485804416403786] 
2025-01-10 15:13:02,404	***	  TR_As list AUC: [0.7949999999999999, 0.8470000000000001, 0.858, 0.8555, 0.8710000000000001, 0.862, 0.8665000000000002, 0.887, 0.88, 0.856] 
2025-01-10 15:13:02,404	***	  TR_As Mean Accuracy: 0.8578000000000001 
2025-01-10 15:13:02,404	***	  TR_As Mean Precision: 0.8915945037756948 
2025-01-10 15:13:02,404	***	  TR_As Mean Recall: 0.8173 
2025-01-10 15:13:02,404	***	  TR_As Mean F1 Score: 0.8507944171955671 
2025-01-10 15:13:02,404	***	  TR_As Mean AUC: 0.8578000000000001 
2025-01-10 15:13:02,405	***	  TR_As Standard Deviation of Accuracy: 0.023837155870615096 
2025-01-10 15:13:02,405	***	  TR_As Standard Deviation of Precision: 0.031296122196083534 
2025-01-10 15:13:02,405	***	  TR_As Standard Deviation of Recall: 0.062480476950804414 
2025-01-10 15:13:02,405	***	  TR_As Standard Deviation of F1 Score: 0.030119492214960686 

2025-01-10 15:13:02,405	***	  TR_As Standard Deviation of AUC: 0.02383715587061513 
2025-01-10 15:13:02,446	***	Overall TS_Ar Results: Perceptron

2025-01-10 15:13:02,446	***	  TS_Ar List of Accuracies: [0.8395, 0.884, 0.836, 0.852, 0.8725, 0.8535, 0.8355, 0.845, 0.8465, 0.835] 
2025-01-10 15:13:02,446	***	  TS_Ar List of Precisions: [0.8140610545790934, 0.875, 0.8005366726296959, 0.8430799220272904, 0.8844169246646026, 0.8640576725025747, 0.7966401414677277, 0.8091397849462365, 0.8737864077669902, 0.9007177033492823] 
2025-01-10 15:13:02,446	***	  TS_Ar List of Recalls: [0.88, 0.896, 0.895, 0.865, 0.857, 0.839, 0.901, 0.903, 0.81, 0.753] 
2025-01-10 15:13:02,446	***	  TS_Ar List of F1-scores: [0.845747236905334, 0.8853754940711464, 0.8451369216241738, 0.8538993089832182, 0.8704926358557643, 0.8513444951801116, 0.8456123885499767, 0.8534971644612476, 0.8406850025947067, 0.8202614379084967] 
2025-01-10 15:13:02,446	***	  TS_Ar list AUC: [0.8394999999999998, 0.8839999999999999, 0.8360000000000001, 0.852, 0.8725, 0.8535, 0.8355, 0.8450000000000001, 0.8465, 0.8350000000000001] 
2025-01-10 15:13:02,446	***	  TS_Ar Mean Accuracy: 0.84995 
2025-01-10 15:13:02,446	***	  TS_Ar Mean Precision: 0.8461436283933492 
2025-01-10 15:13:02,446	***	  TS_Ar Mean Recall: 0.8599 
2025-01-10 15:13:02,446	***	  TS_Ar Mean F1 Score: 0.8512052086134176 
2025-01-10 15:13:02,446	***	  TS_Ar Mean AUC: 0.84995 
2025-01-10 15:13:02,447	***	  TS_Ar Standard Deviation of Accuracy: 0.0156755382682701 
2025-01-10 15:13:02,447	***	  TS_Ar Standard Deviation of Precision: 0.03646841534237151 
2025-01-10 15:13:02,447	***	  TS_Ar Standard Deviation of Recall: 0.04568905777098057 
2025-01-10 15:13:02,447	***	  TS_Ar Standard Deviation of F1 Score: 0.01648705181521865 

2025-01-10 15:13:02,447	***	  TS_Ar Standard Deviation of AUC: 0.01567553826827007 
2025-01-10 15:13:02,491	***	Overall TR_As Results: Classifier SGDRegressor

2025-01-10 15:13:02,491	***	  TR_As List of Accuracies: [0.8045, 0.831, 0.8385, 0.8335, 0.844, 0.829, 0.814, 0.8625, 0.861, 0.8515] 
2025-01-10 15:13:02,491	***	  TR_As List of Precisions: [0.8440677966101695, 0.8949880668257757, 0.883352208380521, 0.875140607424072, 0.8813747228381374, 0.894484412470024, 0.9254742547425474, 0.9161882893226176, 0.9038031319910514, 0.9120750293083235] 
2025-01-10 15:13:02,491	***	  TR_As List of Recalls: [0.747, 0.75, 0.78, 0.778, 0.795, 0.746, 0.683, 0.798, 0.808, 0.778] 
2025-01-10 15:13:02,491	***	  TR_As List of F1-scores: [0.7925729442970822, 0.8161044613710555, 0.8284652150823155, 0.8237162519851773, 0.8359621451104101, 0.8135223555070884, 0.7859608745684695, 0.8530197755211117, 0.853220696937698, 0.8397193739881275] 
2025-01-10 15:13:02,491	***	  TR_As list AUC: [0.876028, 0.9043464999999998, 0.9122675, 0.919802, 0.9215239999999999, 0.895433, 0.9100885, 0.9396385, 0.9214259999999999, 0.9182929999999999] 
2025-01-10 15:13:02,492	***	  TR_As Mean Accuracy: 0.8369500000000001 
2025-01-10 15:13:02,492	***	  TR_As Mean Precision: 0.893094851991324 
2025-01-10 15:13:02,492	***	  TR_As Mean Recall: 0.7663 
2025-01-10 15:13:02,492	***	  TR_As Mean F1 Score: 0.8242264094368537 
2025-01-10 15:13:02,492	***	  TR_As Mean AUC: 0.9118847000000001 
2025-01-10 15:13:02,492	***	  TR_As Standard Deviation of Accuracy: 0.017847198659733707 
2025-01-10 15:13:02,492	***	  TR_As Standard Deviation of Precision: 0.02240636001628324 
2025-01-10 15:13:02,492	***	  TR_As Standard Deviation of Recall: 0.03466713140714127 
2025-01-10 15:13:02,492	***	  TR_As Standard Deviation of F1 Score: 0.02170817735206925 

2025-01-10 15:13:02,492	***	  TR_As Standard Deviation of AUC: 0.016354004311177114 
2025-01-10 15:13:02,534	***	Overall TS_Ar Results: SGDRegressor

2025-01-10 15:13:02,534	***	  TS_Ar List of Accuracies: [0.8195, 0.852, 0.8325, 0.851, 0.8395, 0.8435, 0.8285, 0.831, 0.8255, 0.849] 
2025-01-10 15:13:02,534	***	  TS_Ar List of Precisions: [0.828365878725591, 0.9074074074074074, 0.8586839266450917, 0.8663883089770354, 0.8933951332560834, 0.848730964467005, 0.8762886597938144, 0.8727477477477478, 0.8677966101694915, 0.8785249457700651] 
2025-01-10 15:13:02,534	***	  TS_Ar List of Recalls: [0.806, 0.784, 0.796, 0.83, 0.771, 0.836, 0.765, 0.775, 0.768, 0.81] 
2025-01-10 15:13:02,534	***	  TS_Ar List of F1-scores: [0.8170299036999493, 0.8412017167381974, 0.8261546445251688, 0.8478038815117467, 0.8276972624798712, 0.8423173803526448, 0.816871329418046, 0.8209745762711865, 0.8148541114058356, 0.8428720083246619] 
2025-01-10 15:13:02,534	***	  TS_Ar list AUC: [0.8651415, 0.921343, 0.8862559999999999, 0.9104059999999999, 0.912333, 0.9084715, 0.9011054999999999, 0.900889, 0.9026635, 0.9133045000000001] 
2025-01-10 15:13:02,535	***	  TS_Ar Mean Accuracy: 0.8371999999999999 
2025-01-10 15:13:02,535	***	  TS_Ar Mean Precision: 0.8698329582959332 
2025-01-10 15:13:02,535	***	  TS_Ar Mean Recall: 0.7941 
2025-01-10 15:13:02,535	***	  TS_Ar Mean F1 Score: 0.8297776814727309 
2025-01-10 15:13:02,535	***	  TS_Ar Mean AUC: 0.9021913500000001 
2025-01-10 15:13:02,535	***	  TS_Ar Standard Deviation of Accuracy: 0.01086324076875772 
2025-01-10 15:13:02,535	***	  TS_Ar Standard Deviation of Precision: 0.020971085097188095 
2025-01-10 15:13:02,535	***	  TS_Ar Standard Deviation of Recall: 0.02443542510373002 
2025-01-10 15:13:02,535	***	  TS_Ar Standard Deviation of F1 Score: 0.01196202248552178 

2025-01-10 15:13:02,535	***	  TS_Ar Standard Deviation of AUC: 0.015263638164032199 
2025-01-10 15:13:02,575	***	Overall TR_As Results: Classifier XGboost

2025-01-10 15:13:02,576	***	  TR_As List of Accuracies: [0.8105, 0.8315, 0.8385, 0.846, 0.846, 0.851, 0.8405, 0.8775, 0.8825, 0.8505] 
2025-01-10 15:13:02,576	***	  TR_As List of Precisions: [0.8378672470076169, 0.8913813459268005, 0.8544502617801047, 0.8611691022964509, 0.8552361396303901, 0.875, 0.8954703832752613, 0.9098805646036916, 0.909967845659164, 0.8830601092896175] 
2025-01-10 15:13:02,576	***	  TR_As List of Recalls: [0.77, 0.755, 0.816, 0.825, 0.833, 0.819, 0.771, 0.838, 0.849, 0.808] 
2025-01-10 15:13:02,576	***	  TR_As List of F1-scores: [0.8025013027618552, 0.8175419599350299, 0.8347826086956522, 0.8426966292134831, 0.8439716312056738, 0.8460743801652892, 0.8285867813003762, 0.8724622592399791, 0.8784273150543197, 0.8438642297650132] 
2025-01-10 15:13:02,576	***	  TR_As list AUC: [0.8800975, 0.8971815000000001, 0.9263459999999999, 0.9260319999999999, 0.9270785000000001, 0.926391, 0.9288345, 0.946924, 0.948974, 0.9230715] 
2025-01-10 15:13:02,576	***	  TR_As Mean Accuracy: 0.84745 
2025-01-10 15:13:02,576	***	  TR_As Mean Precision: 0.8773482999469098 
2025-01-10 15:13:02,576	***	  TR_As Mean Recall: 0.8084 
2025-01-10 15:13:02,576	***	  TR_As Mean F1 Score: 0.8410909097336672 
2025-01-10 15:13:02,576	***	  TR_As Mean AUC: 0.9230930500000001 
2025-01-10 15:13:02,576	***	  TR_As Standard Deviation of Accuracy: 0.019762907174806017 
2025-01-10 15:13:02,576	***	  TR_As Standard Deviation of Precision: 0.02349392758134336 
2025-01-10 15:13:02,576	***	  TR_As Standard Deviation of Recall: 0.03049655718273784 
2025-01-10 15:13:02,576	***	  TR_As Standard Deviation of F1 Score: 0.02159034644840514 

2025-01-10 15:13:02,576	***	  TR_As Standard Deviation of AUC: 0.019587515419840763 
2025-01-10 15:13:02,617	***	Overall TS_Ar Results: XGboost

2025-01-10 15:13:02,617	***	  TS_Ar List of Accuracies: [0.8255, 0.8775, 0.841, 0.869, 0.8585, 0.859, 0.8495, 0.8545, 0.862, 0.8535] 
2025-01-10 15:13:02,617	***	  TS_Ar List of Precisions: [0.8151016456921588, 0.8733926805143423, 0.8362919132149902, 0.8697394789579158, 0.8450433108758422, 0.8393194706994329, 0.836381135707411, 0.8379408960915157, 0.8591269841269841, 0.8503468780971258] 
2025-01-10 15:13:02,618	***	  TS_Ar List of Recalls: [0.842, 0.883, 0.848, 0.868, 0.878, 0.888, 0.869, 0.879, 0.866, 0.858] 
2025-01-10 15:13:02,618	***	  TS_Ar List of F1-scores: [0.8283325135268077, 0.8781700646444556, 0.8421052631578947, 0.8688688688688687, 0.8612064737616479, 0.8629737609329446, 0.8523786169691026, 0.8579795021961932, 0.8625498007968128, 0.8541562966650075] 
2025-01-10 15:13:02,618	***	  TS_Ar list AUC: [0.8885875000000001, 0.9458869999999999, 0.9179405, 0.928349, 0.922587, 0.9177435, 0.9259379999999999, 0.9270529999999999, 0.9366525, 0.9201834999999999] 
2025-01-10 15:13:02,618	***	  TS_Ar Mean Accuracy: 0.8550000000000001 
2025-01-10 15:13:02,618	***	  TS_Ar Mean Precision: 0.846268439397772 
2025-01-10 15:13:02,618	***	  TS_Ar Mean Recall: 0.8679 
2025-01-10 15:13:02,618	***	  TS_Ar Mean F1 Score: 0.8568721161519735 
2025-01-10 15:13:02,618	***	  TS_Ar Mean AUC: 0.9230921499999999 
2025-01-10 15:13:02,618	***	  TS_Ar Standard Deviation of Accuracy: 0.013705838172107522 
2025-01-10 15:13:02,618	***	  TS_Ar Standard Deviation of Precision: 0.0166023671540354 
2025-01-10 15:13:02,618	***	  TS_Ar Standard Deviation of Recall: 0.014236923825040309 
2025-01-10 15:13:02,618	***	  TS_Ar Standard Deviation of F1 Score: 0.01321794194714508 

2025-01-10 15:13:02,618	***	  TS_Ar Standard Deviation of AUC: 0.014175132426277322 
2025-01-10 15:13:02,659	***	Comparative Metrics:
2025-01-10 15:13:02,659	***		Mean Squared Error
2025-01-10 15:13:02,659	***			 false
2025-01-10 15:13:02,659	***			Mean Squared Error - List     : [0.097049996, 0.099400006, 0.09698, 0.100175, 0.09860001, 0.10104, 0.098845, 0.10013001, 0.095790006, 0.097295]
2025-01-10 15:13:02,659	***			Mean Squared Error - Mean    : 0.09853050112724304
2025-01-10 15:13:02,660	***			Mean Squared Error - Std. Dev.  : 0.0016140904044732451

2025-01-10 15:13:02,660	***			 positive
2025-01-10 15:13:02,660	***			Mean Squared Error - List     : [0.14586501, 0.14002, 0.13812, 0.13802, 0.14352, 0.140495, 0.140965, 0.14097, 0.14480501, 0.139185]
2025-01-10 15:13:02,660	***			Mean Squared Error - Mean    : 0.14119648933410645
2025-01-10 15:13:02,660	***			Mean Squared Error - Std. Dev.  : 0.0025650993920862675

2025-01-10 15:13:02,660	***		Cosine Similarity
2025-01-10 15:13:02,660	***			 false
2025-01-10 15:13:02,660	***			Cosine Similarity - List     : [0.7324682789444923, 0.718463716417551, 0.7749282245934009, 0.5872078540325165, 0.7696223984658718, 0.7654253076761961, 0.6847131410241127, 0.735469806060195, 0.7531512959599495, 0.2973434781879187]
2025-01-10 15:13:02,660	***			Cosine Similarity - Mean    : 0.6818793501362205
2025-01-10 15:13:02,660	***			Cosine Similarity - Std. Dev.  : 0.13857297887804992

2025-01-10 15:13:02,660	***			 positive
2025-01-10 15:13:02,660	***			Cosine Similarity - List     : [0.35216009338200094, 0.6960766446590424, 0.7179150342047215, 0.6977316559404134, 0.412810994759202, 0.6573939103782177, 0.5986475712954998, 0.6260851771831513, 0.742353674352169, 0.7384267330914736]
2025-01-10 15:13:02,660	***			Cosine Similarity - Mean    : 0.6239601489245892
2025-01-10 15:13:02,660	***			Cosine Similarity - Std. Dev.  : 0.12915589984990636

2025-01-10 15:13:02,660	***		Max Mean Discrepancy
2025-01-10 15:13:02,660	***			 false
2025-01-10 15:13:02,660	***			Max Mean Discrepancy - List     : [0.0766, 0.051911995, 0.060058, 0.099723004, 0.104406, 0.12377601, 0.059688997, 0.09160199, 0.083776, 0.06476701]
2025-01-10 15:13:02,661	***			Max Mean Discrepancy - Mean    : 0.0816309005022049
2025-01-10 15:13:02,661	***			Max Mean Discrepancy - Std. Dev.  : 0.02205904759466648

2025-01-10 15:13:02,661	***			 positive
2025-01-10 15:13:02,661	***			Max Mean Discrepancy - List     : [0.291073, 0.27729395, 0.17598997, 0.240994, 0.14039, 0.409343, 0.23504096, 0.147028, 0.22652498, 0.14896302]
2025-01-10 15:13:02,661	***			Max Mean Discrepancy - Mean    : 0.22926409542560577
2025-01-10 15:13:02,661	***			Max Mean Discrepancy - Std. Dev.  : 0.07917187362909317

2025-01-10 15:13:02,662	***	  P_value of accuracy  0.1730709208049953 and stats 11.0 of RandomForest 

2025-01-10 15:13:02,662	***	  P_value of precision  0.001953125 and stats 0.0 of RandomForest 

2025-01-10 15:13:02,663	***	  P_value of F1 score  0.02734375 and stats 6.0 of RandomForest 

2025-01-10 15:13:02,663	***	  P_value of recall  0.001953125 and stats 0.0 of RandomForest 

2025-01-10 15:13:02,664	***	  P_value of auc  0.193359375 and stats 14.0 of RandomForest 

2025-01-10 15:13:02,664	***	  P_value of accuracy  0.921875 and stats 26.5 of SupportVectorMachine 

2025-01-10 15:13:02,664	***	  P_value of precision  0.001953125 and stats 0.0 of SupportVectorMachine 

2025-01-10 15:13:02,665	***	  P_value of F1 score  0.375 and stats 18.0 of SupportVectorMachine 

2025-01-10 15:13:02,665	***	  P_value of recall  0.001953125 and stats 0.0 of SupportVectorMachine 

2025-01-10 15:13:02,666	***	  P_value of auc  0.375 and stats 18.0 of SupportVectorMachine 

2025-01-10 15:13:02,666	***	  P_value of accuracy  0.02734375 and stats 6.0 of DecisionTree 

2025-01-10 15:13:02,667	***	  P_value of precision  0.064453125 and stats 9.0 of DecisionTree 

2025-01-10 15:13:02,667	***	  P_value of F1 score  0.00390625 and stats 1.0 of DecisionTree 

2025-01-10 15:13:02,668	***	  P_value of recall  0.001953125 and stats 0.0 of DecisionTree 

2025-01-10 15:13:02,668	***	  P_value of auc  0.02734375 and stats 6.0 of DecisionTree 

2025-01-10 15:13:02,669	***	  P_value of accuracy  0.193359375 and stats 14.0 of AdaBoost 

2025-01-10 15:13:02,669	***	  P_value of precision  0.001953125 and stats 0.0 of AdaBoost 

2025-01-10 15:13:02,669	***	  P_value of F1 score  0.556640625 and stats 21.0 of AdaBoost 

2025-01-10 15:13:02,670	***	  P_value of recall  0.005859375 and stats 2.0 of AdaBoost 

2025-01-10 15:13:02,670	***	  P_value of auc  0.322265625 and stats 17.0 of AdaBoost 

2025-01-10 15:13:02,671	***	  P_value of accuracy  0.431640625 and stats 19.0 of Perceptron 

2025-01-10 15:13:02,671	***	  P_value of precision  0.02734375 and stats 6.0 of Perceptron 

2025-01-10 15:13:02,672	***	  P_value of F1 score  0.6953125 and stats 23.0 of Perceptron 

2025-01-10 15:13:02,672	***	  P_value of recall  0.193359375 and stats 14.0 of Perceptron 

2025-01-10 15:13:02,673	***	  P_value of auc  0.431640625 and stats 19.0 of Perceptron 

2025-01-10 15:13:02,673	***	  P_value of accuracy  0.845703125 and stats 25.0 of SGDRegressor 

2025-01-10 15:13:02,673	***	  P_value of precision  0.01953125 and stats 5.0 of SGDRegressor 

2025-01-10 15:13:02,674	***	  P_value of F1 score  0.6953125 and stats 23.0 of SGDRegressor 

2025-01-10 15:13:02,674	***	  P_value of recall  0.10546875 and stats 11.0 of SGDRegressor 

2025-01-10 15:13:02,675	***	  P_value of auc  0.16015625 and stats 13.0 of SGDRegressor 

2025-01-10 15:13:02,675	***	  P_value of accuracy  0.232421875 and stats 15.0 of XGboost 

2025-01-10 15:13:02,676	***	  P_value of precision  0.00390625 and stats 1.0 of XGboost 

2025-01-10 15:13:02,676	***	  P_value of F1 score  0.037109375 and stats 7.0 of XGboost 

2025-01-10 15:13:02,677	***	  P_value of recall  0.001953125 and stats 0.0 of XGboost 

2025-01-10 15:13:02,677	***	  P_value of auc  0.322265625 and stats 17.0 of XGboost 

