2025-01-19 10:53:34,115	***	     TR_As Fold 10 - Recall: 0.8869223205506391
2025-01-19 10:53:34,115	***	     TR_As Fold 10 - F1 Score: 0.9275064267352185

2025-01-19 10:53:35,178	***	 Classifier Model: SupportVectorMachine
2025-01-19 10:53:35,178	***	   TR_As Fold 10 - Confusion Matrix:
2025-01-19 10:53:35,178	***	[[987  30]
 [ 92 925]]
2025-01-19 10:53:35,178	***	
   Classifier Metrics:
2025-01-19 10:53:35,178	***	     TR_As Fold 10 - Accuracy: 0.9400196656833825
2025-01-19 10:53:35,178	***	     TR_As Fold 10 - Precision: 0.9685863874345549
2025-01-19 10:53:35,178	***	     TR_As Fold 10 - Recall: 0.9095378564405113
2025-01-19 10:53:35,178	***	     TR_As Fold 10 - F1 Score: 0.9381338742393509

2025-01-19 10:53:35,354	***	 Classifier Model: DecisionTree
2025-01-19 10:53:35,354	***	   TR_As Fold 10 - Confusion Matrix:
2025-01-19 10:53:35,355	***	[[944  73]
 [108 909]]
2025-01-19 10:53:35,355	***	
   Classifier Metrics:
2025-01-19 10:53:35,355	***	     TR_As Fold 10 - Accuracy: 0.9110127826941986
2025-01-19 10:53:35,355	***	     TR_As Fold 10 - Precision: 0.9256619144602851
2025-01-19 10:53:35,355	***	     TR_As Fold 10 - Recall: 0.8938053097345132
2025-01-19 10:53:35,355	***	     TR_As Fold 10 - F1 Score: 0.9094547273636818

2025-01-19 10:53:35,571	***	 Classifier Model: AdaBoost
2025-01-19 10:53:35,571	***	   TR_As Fold 10 - Confusion Matrix:
2025-01-19 10:53:35,571	***	[[995  22]
 [ 88 929]]
2025-01-19 10:53:35,572	***	
   Classifier Metrics:
2025-01-19 10:53:35,572	***	     TR_As Fold 10 - Accuracy: 0.9459193706981318
2025-01-19 10:53:35,572	***	     TR_As Fold 10 - Precision: 0.9768664563617245
2025-01-19 10:53:35,572	***	     TR_As Fold 10 - Recall: 0.9134709931170109
2025-01-19 10:53:35,572	***	     TR_As Fold 10 - F1 Score: 0.9441056910569107

2025-01-19 10:53:35,893	***	 Classifier Model: Perceptron
2025-01-19 10:53:35,893	***	   TR_As Fold 10 - Confusion Matrix:
2025-01-19 10:53:35,893	***	[[985  32]
 [ 77 940]]
2025-01-19 10:53:35,893	***	
   Classifier Metrics:
2025-01-19 10:53:35,893	***	     TR_As Fold 10 - Accuracy: 0.9464110127826942
2025-01-19 10:53:35,893	***	     TR_As Fold 10 - Precision: 0.9670781893004116
2025-01-19 10:53:35,893	***	     TR_As Fold 10 - Recall: 0.9242871189773845
2025-01-19 10:53:35,893	***	     TR_As Fold 10 - F1 Score: 0.9451985922574158

2025-01-19 10:53:36,076	***	 Classifier Model: SGDRegressor
2025-01-19 10:53:36,076	***	   TR_As Fold 10 - Confusion Matrix:
2025-01-19 10:53:36,076	***	[[1017    0]
 [ 296  721]]
2025-01-19 10:53:36,076	***	
   Classifier Metrics:
2025-01-19 10:53:36,076	***	     TR_As Fold 10 - Accuracy: 0.8544739429695182
2025-01-19 10:53:36,076	***	     TR_As Fold 10 - Precision: 1.0
2025-01-19 10:53:36,077	***	     TR_As Fold 10 - Recall: 0.7089478859390363
2025-01-19 10:53:36,077	***	     TR_As Fold 10 - F1 Score: 0.8296892980437284

2025-01-19 10:53:36,278	***	 Classifier Model: XGboost
2025-01-19 10:53:36,279	***	   TR_As Fold 10 - Confusion Matrix:
2025-01-19 10:53:36,279	***	[[984  33]
 [ 96 921]]
2025-01-19 10:53:36,279	***	
   Classifier Metrics:
2025-01-19 10:53:36,279	***	     TR_As Fold 10 - Accuracy: 0.9365781710914455
2025-01-19 10:53:36,279	***	     TR_As Fold 10 - Precision: 0.9654088050314465
2025-01-19 10:53:36,279	***	     TR_As Fold 10 - Recall: 0.9056047197640118
2025-01-19 10:53:36,279	***	     TR_As Fold 10 - F1 Score: 0.93455098934551

2025-01-19 10:53:36,449	***	TS_Ar Fold 10/10 results
2025-01-19 10:53:36,499	***	 Classifier Model: RandomForest
2025-01-19 10:53:36,499	***	   TS_Ar Fold 10 - Confusion Matrix:
2025-01-19 10:53:36,499	***	[[953  64]
 [ 93 924]]
2025-01-19 10:53:36,500	***	
   Classifier Metrics:
2025-01-19 10:53:36,500	***	     TS_Ar Fold 10 - Accuracy: 0.9228121927236972
2025-01-19 10:53:36,500	***	     TS_Ar Fold 10 - Precision: 0.9352226720647774
2025-01-19 10:53:36,500	***	     TS_Ar Fold 10 - Recall: 0.9085545722713865
2025-01-19 10:53:36,500	***	     TS_Ar Fold 10 - F1 Score: 0.9216957605985038

2025-01-19 10:53:36,500	***	
2025-01-19 10:53:37,424	***	 Classifier Model: SupportVectorMachine
2025-01-19 10:53:37,424	***	   TS_Ar Fold 10 - Confusion Matrix:
2025-01-19 10:53:37,424	***	[[960  57]
 [112 905]]
2025-01-19 10:53:37,425	***	
   Classifier Metrics:
2025-01-19 10:53:37,425	***	     TS_Ar Fold 10 - Accuracy: 0.9169124877089478
2025-01-19 10:53:37,425	***	     TS_Ar Fold 10 - Precision: 0.9407484407484408
2025-01-19 10:53:37,425	***	     TS_Ar Fold 10 - Recall: 0.8898721730580138
2025-01-19 10:53:37,425	***	     TS_Ar Fold 10 - F1 Score: 0.9146033350176856

2025-01-19 10:53:37,425	***	
2025-01-19 10:53:37,655	***	 Classifier Model: DecisionTree
2025-01-19 10:53:37,655	***	   TS_Ar Fold 10 - Confusion Matrix:
2025-01-19 10:53:37,655	***	[[891 126]
 [ 77 940]]
2025-01-19 10:53:37,655	***	
   Classifier Metrics:
2025-01-19 10:53:37,656	***	     TS_Ar Fold 10 - Accuracy: 0.900196656833825
2025-01-19 10:53:37,656	***	     TS_Ar Fold 10 - Precision: 0.8818011257035647
2025-01-19 10:53:37,656	***	     TS_Ar Fold 10 - Recall: 0.9242871189773845
2025-01-19 10:53:37,656	***	     TS_Ar Fold 10 - F1 Score: 0.9025444071051367

2025-01-19 10:53:37,656	***	
2025-01-19 10:53:37,933	***	 Classifier Model: AdaBoost
2025-01-19 10:53:37,933	***	   TS_Ar Fold 10 - Confusion Matrix:
2025-01-19 10:53:37,933	***	[[960  57]
 [103 914]]
2025-01-19 10:53:37,933	***	
   Classifier Metrics:
2025-01-19 10:53:37,933	***	     TS_Ar Fold 10 - Accuracy: 0.9213372664700098
2025-01-19 10:53:37,933	***	     TS_Ar Fold 10 - Precision: 0.94129763130793
2025-01-19 10:53:37,933	***	     TS_Ar Fold 10 - Recall: 0.8987217305801377
2025-01-19 10:53:37,933	***	     TS_Ar Fold 10 - F1 Score: 0.9195171026156942

2025-01-19 10:53:37,933	***	
2025-01-19 10:53:38,315	***	 Classifier Model: Perceptron
2025-01-19 10:53:38,316	***	   TS_Ar Fold 10 - Confusion Matrix:
2025-01-19 10:53:38,316	***	[[938  79]
 [101 916]]
2025-01-19 10:53:38,316	***	
   Classifier Metrics:
2025-01-19 10:53:38,316	***	     TS_Ar Fold 10 - Accuracy: 0.911504424778761
2025-01-19 10:53:38,316	***	     TS_Ar Fold 10 - Precision: 0.9206030150753769
2025-01-19 10:53:38,316	***	     TS_Ar Fold 10 - Recall: 0.9006882989183874
2025-01-19 10:53:38,316	***	     TS_Ar Fold 10 - F1 Score: 0.9105367793240556

2025-01-19 10:53:38,316	***	
2025-01-19 10:53:38,572	***	 Classifier Model: SGDRegressor
2025-01-19 10:53:38,572	***	   TS_Ar Fold 10 - Confusion Matrix:
2025-01-19 10:53:38,572	***	[[996  21]
 [126 891]]
2025-01-19 10:53:38,572	***	
   Classifier Metrics:
2025-01-19 10:53:38,572	***	     TS_Ar Fold 10 - Accuracy: 0.9277286135693216
2025-01-19 10:53:38,572	***	     TS_Ar Fold 10 - Precision: 0.9769736842105263
2025-01-19 10:53:38,572	***	     TS_Ar Fold 10 - Recall: 0.8761061946902655
2025-01-19 10:53:38,572	***	     TS_Ar Fold 10 - F1 Score: 0.9237947122861586

2025-01-19 10:53:38,572	***	
2025-01-19 10:53:38,807	***	 Classifier Model: XGboost
2025-01-19 10:53:38,807	***	   TS_Ar Fold 10 - Confusion Matrix:
2025-01-19 10:53:38,807	***	[[954  63]
 [ 86 931]]
2025-01-19 10:53:38,807	***	
   Classifier Metrics:
2025-01-19 10:53:38,807	***	     TS_Ar Fold 10 - Accuracy: 0.9267453294001966
2025-01-19 10:53:38,807	***	     TS_Ar Fold 10 - Precision: 0.9366197183098591
2025-01-19 10:53:38,807	***	     TS_Ar Fold 10 - Recall: 0.9154375614552606
2025-01-19 10:53:38,807	***	     TS_Ar Fold 10 - F1 Score: 0.9259075087021381

2025-01-19 10:53:38,807	***	
2025-01-19 10:53:39,056	***	Similarity Metrics
2025-01-19 10:53:39,056	***	  Synthetic Fold 10 falses - Mean Squared Error: 0.08847388
2025-01-19 10:53:39,056	***	  Synthetic Fold 10 falses - Cosine Similarity: 0.5377444220796564
2025-01-19 10:53:39,056	***	  Synthetic Fold 10 falses - Maximum Mean Discrepancy: 0.1093089
2025-01-19 10:53:39,056	***	
2025-01-19 10:53:39,058	***	Similarity Metrics
2025-01-19 10:53:39,058	***	  Synthetic Fold 10 true - Mean Squared Error: 0.115774475
2025-01-19 10:53:39,058	***	  Synthetic Fold 10 true - Cosine Similarity: 0.5060956116066101
2025-01-19 10:53:39,058	***	  Synthetic Fold 10 true - Maximum Mean Discrepancy: 0.08495207
2025-01-19 10:53:39,058	***	
2025-01-19 10:53:39,058	***	Overall TR_As Results: Classifier RandomForest

2025-01-19 10:53:39,058	***	  TR_As List of Accuracies: [0.951819075712881, 0.9469026548672567, 0.9355948869223205, 0.9552605703048181, 0.9424778761061947, 0.9567354965585054, 0.9582104228121927, 0.9488692232055064, 0.9503441494591937, 0.9306784660766961] 
2025-01-19 10:53:39,058	***	  TR_As List of Precisions: [0.981151832460733, 0.9871382636655949, 0.9900442477876106, 0.977319587628866, 0.9766949152542372, 0.9863874345549738, 0.9905263157894737, 0.9790136411332634, 0.9861995753715499, 0.9719827586206896] 
2025-01-19 10:53:39,058	***	  TR_As List of Recalls: [0.9213372664700098, 0.9056047197640118, 0.880039331366765, 0.9321533923303835, 0.9065880039331367, 0.9262536873156342, 0.9252704031465093, 0.9174041297935103, 0.9134709931170109, 0.8869223205506391] 
2025-01-19 10:53:39,058	***	  TR_As List of F1-scores: [0.9503042596348884, 0.9446153846153845, 0.9318063508589276, 0.9542023150478108, 0.9403365629780723, 0.9553752535496957, 0.9567869852567361, 0.9472081218274112, 0.9484430832057174, 0.9275064267352185] 
2025-01-19 10:53:39,058	***	  TR_As list AUC: [0.9836037123086487, 0.9757519416720083, 0.972654644881653, 0.9894444396102058, 0.976155600610661, 0.9859628208363428, 0.9844932122453203, 0.9767342589933762, 0.9773540084057744, 0.9729200445910184] 
2025-01-19 10:53:39,058	***	  TR_As Mean Accuracy: 0.9476892822025563 
2025-01-19 10:53:39,058	***	  TR_As Mean Precision: 0.9826458572266994 
2025-01-19 10:53:39,058	***	  TR_As Mean Recall: 0.911504424778761 
2025-01-19 10:53:39,059	***	  TR_As Mean F1 Score: 0.9456584743709863 
2025-01-19 10:53:39,059	***	  TR_As Mean AUC: 0.979507468415501 
2025-01-19 10:53:39,059	***	  TR_As Standard Deviation of Accuracy: 0.008595163589577279 
2025-01-19 10:53:39,059	***	  TR_As Standard Deviation of Precision: 0.005971243363326851 
2025-01-19 10:53:39,059	***	  TR_As Standard Deviation of Recall: 0.01619287225190866 
2025-01-19 10:53:39,059	***	  TR_As Standard Deviation of F1 Score: 0.009347643961179467 

2025-01-19 10:53:39,059	***	  TR_As Standard Deviation of AUC: 0.005568431102334651 
2025-01-19 10:53:39,135	***	Overall TS_Ar Results: RandomForest

2025-01-19 10:53:39,135	***	  TS_Ar List of Accuracies: [0.9292035398230089, 0.915929203539823, 0.9434611602753196, 0.9346116027531957, 0.9331366764995084, 0.9351032448377581, 0.9085545722713865, 0.9306784660766961, 0.9360865290068829, 0.9228121927236972] 
2025-01-19 10:53:39,135	***	  TS_Ar List of Precisions: [0.9619047619047619, 0.937888198757764, 0.9474206349206349, 0.9510204081632653, 0.9651531151003168, 0.9411764705882353, 0.8901408450704226, 0.9487704918032787, 0.9548717948717949, 0.9352226720647774] 
2025-01-19 10:53:39,135	***	  TS_Ar List of Recalls: [0.8938053097345132, 0.8908554572271387, 0.9390363815142576, 0.9164208456243854, 0.8987217305801377, 0.928220255653884, 0.9321533923303835, 0.9105211406096362, 0.9154375614552606, 0.9085545722713865] 
2025-01-19 10:53:39,136	***	  TS_Ar List of F1-scores: [0.926605504587156, 0.9137670196671709, 0.9432098765432099, 0.9334001001502252, 0.9307535641547862, 0.9346534653465347, 0.9106628242074929, 0.9292523833416959, 0.9347389558232931, 0.9216957605985038] 
2025-01-19 10:53:39,136	***	  TS_Ar list AUC: [0.9705425659559369, 0.9635885134619049, 0.9795071783611736, 0.9787177471673778, 0.9789551082917831, 0.9684251693675558, 0.9687422954319345, 0.9673891919956608, 0.9712884890006562, 0.974372733346289] 
2025-01-19 10:53:39,136	***	  TS_Ar Mean Accuracy: 0.9289577187807275 
2025-01-19 10:53:39,136	***	  TS_Ar Mean Precision: 0.9433569393245251 
2025-01-19 10:53:39,136	***	  TS_Ar Mean Recall: 0.9133726647000981 
2025-01-19 10:53:39,136	***	  TS_Ar Mean F1 Score: 0.9278739454420067 
2025-01-19 10:53:39,136	***	  TS_Ar Mean AUC: 0.9721528992380273 
2025-01-19 10:53:39,136	***	  TS_Ar Standard Deviation of Accuracy: 0.009875154779333295 
2025-01-19 10:53:39,136	***	  TS_Ar Standard Deviation of Precision: 0.019972522086564446 
2025-01-19 10:53:39,136	***	  TS_Ar Standard Deviation of Recall: 0.015431297227825555 
2025-01-19 10:53:39,137	***	  TS_Ar Standard Deviation of F1 Score: 0.009507989694851223 

2025-01-19 10:53:39,137	***	  TS_Ar Standard Deviation of AUC: 0.005227719754312455 
2025-01-19 10:53:39,184	***	Overall TR_As Results: Classifier SupportVectorMachine

2025-01-19 10:53:39,184	***	  TR_As List of Accuracies: [0.9498525073746312, 0.9591937069813176, 0.9478859390363815, 0.9601769911504425, 0.9493608652900688, 0.9616519174041298, 0.9577187807276303, 0.9469026548672567, 0.9528023598820059, 0.9400196656833825] 
2025-01-19 10:53:39,184	***	  TR_As List of Precisions: [0.9644670050761421, 0.989517819706499, 0.9892588614393125, 0.9785276073619632, 0.9810526315789474, 0.9885535900104059, 0.9803921568627451, 0.9623601220752798, 0.9811912225705329, 0.9685863874345549] 
2025-01-19 10:53:39,184	***	  TR_As List of Recalls: [0.9341199606686332, 0.928220255653884, 0.9056047197640118, 0.9410029498525073, 0.9164208456243854, 0.9341199606686332, 0.9341199606686332, 0.9301868239921337, 0.9233038348082596, 0.9095378564405113] 
2025-01-19 10:53:39,184	***	  TR_As List of F1-scores: [0.9490509490509491, 0.9578893962455607, 0.9455852156057495, 0.9593984962406015, 0.9476359938993391, 0.9605662285136503, 0.9566968781470293, 0.946, 0.9513677811550152, 0.9381338742393509] 
2025-01-19 10:53:39,184	***	  TR_As list AUC: [0.9807287905024611, 0.9809763035283177, 0.9763465530427182, 0.9907013416946328, 0.9733121013565841, 0.988938778233163, 0.9828350683416338, 0.9775024195365125, 0.9762580864729296, 0.973932334192861] 
2025-01-19 10:53:39,184	***	  TR_As Mean Accuracy: 0.9525565388397246 
2025-01-19 10:53:39,185	***	  TR_As Mean Precision: 0.9783907404116384 
2025-01-19 10:53:39,185	***	  TR_As Mean Recall: 0.9256637168141595 
2025-01-19 10:53:39,185	***	  TR_As Mean F1 Score: 0.9512324813097246 
2025-01-19 10:53:39,185	***	  TR_As Mean AUC: 0.9801531776901815 
2025-01-19 10:53:39,185	***	  TR_As Standard Deviation of Accuracy: 0.006633525348705134 
2025-01-19 10:53:39,185	***	  TR_As Standard Deviation of Precision: 0.009545368996499727 
2025-01-19 10:53:39,185	***	  TR_As Standard Deviation of Recall: 0.011091515163975269 
2025-01-19 10:53:39,185	***	  TR_As Standard Deviation of F1 Score: 0.006903136058964996 

2025-01-19 10:53:39,185	***	  TR_As Standard Deviation of AUC: 0.0056465902037773725 
2025-01-19 10:53:39,229	***	Overall TS_Ar Results: SupportVectorMachine

2025-01-19 10:53:39,229	***	  TS_Ar List of Accuracies: [0.9267453294001966, 0.9154375614552606, 0.9488692232055064, 0.9385447394296952, 0.9370698131760079, 0.9351032448377581, 0.9164208456243854, 0.9360865290068829, 0.9405113077679449, 0.9169124877089478] 
2025-01-19 10:53:39,229	***	  TS_Ar List of Precisions: [0.9511434511434511, 0.9229229229229229, 0.9560439560439561, 0.9486921529175051, 0.9703703703703703, 0.9474216380182002, 0.9052631578947369, 0.9539406345957011, 0.9590163934426229, 0.9407484407484408] 
2025-01-19 10:53:39,229	***	  TS_Ar List of Recalls: [0.8997050147492626, 0.9065880039331367, 0.9410029498525073, 0.9272369714847591, 0.9016715830875123, 0.9213372664700098, 0.9301868239921337, 0.9164208456243854, 0.9203539823008849, 0.8898721730580138] 
2025-01-19 10:53:39,229	***	  TS_Ar List of F1-scores: [0.9247094492167761, 0.9146825396825398, 0.9484638255698712, 0.937841869716559, 0.9347604485219163, 0.9341974077766699, 0.9175557710960233, 0.9348044132397192, 0.9392875062719518, 0.9146033350176856] 
2025-01-19 10:53:39,229	***	  TS_Ar list AUC: [0.9725052669031578, 0.9601871430518935, 0.9768459299093387, 0.9751902031250453, 0.9754565696821682, 0.9631674512636217, 0.9603872805376448, 0.9679311101636002, 0.9649010092923738, 0.9694485777186067] 
2025-01-19 10:53:39,229	***	  TS_Ar Mean Accuracy: 0.9311701081612587 
2025-01-19 10:53:39,229	***	  TS_Ar Mean Precision: 0.9455563118097908 
2025-01-19 10:53:39,229	***	  TS_Ar Mean Recall: 0.9154375614552606 
2025-01-19 10:53:39,229	***	  TS_Ar Mean F1 Score: 0.9300906566109713 
2025-01-19 10:53:39,229	***	  TS_Ar Mean AUC: 0.9686020541647451 
2025-01-19 10:53:39,230	***	  TS_Ar Standard Deviation of Accuracy: 0.011032956658936739 
2025-01-19 10:53:39,230	***	  TS_Ar Standard Deviation of Precision: 0.017834382765575214 
2025-01-19 10:53:39,230	***	  TS_Ar Standard Deviation of Recall: 0.01496402153765725 
2025-01-19 10:53:39,230	***	  TS_Ar Standard Deviation of F1 Score: 0.010983972388790036 

2025-01-19 10:53:39,230	***	  TS_Ar Standard Deviation of AUC: 0.005968896809940026 
2025-01-19 10:53:39,274	***	Overall TR_As Results: Classifier DecisionTree

2025-01-19 10:53:39,274	***	  TR_As List of Accuracies: [0.928220255653884, 0.9124877089478859, 0.9154375614552606, 0.9336283185840708, 0.9188790560471977, 0.911504424778761, 0.9380530973451328, 0.9105211406096362, 0.9149459193706981, 0.9110127826941986] 
2025-01-19 10:53:39,274	***	  TR_As List of Precisions: [0.9448416751787538, 0.932920536635707, 0.9461457233368532, 0.950920245398773, 0.9355828220858896, 0.9409905163329821, 0.9645464025026069, 0.9273285568065507, 0.9470338983050848, 0.9256619144602851] 
2025-01-19 10:53:39,274	***	  TR_As List of Recalls: [0.9095378564405113, 0.8888888888888888, 0.8810226155358899, 0.9144542772861357, 0.8997050147492626, 0.8780727630285152, 0.9095378564405113, 0.8908554572271387, 0.8790560471976401, 0.8938053097345132] 
2025-01-19 10:53:39,274	***	  TR_As List of F1-scores: [0.9268537074148295, 0.9103726082578046, 0.9124236252545825, 0.9323308270676691, 0.9172932330827068, 0.9084435401831129, 0.9362348178137652, 0.9087261785356068, 0.9117797042325344, 0.9094547273636818] 
2025-01-19 10:53:39,274	***	  TR_As list AUC: [0.9273810318005895, 0.9118331530162266, 0.9149188476334951, 0.9315022203658746, 0.9188655201785961, 0.9094087822649182, 0.9360691257472524, 0.9088011184494855, 0.9146331441212273, 0.9099806727133326] 
2025-01-19 10:53:39,274	***	  TR_As Mean Accuracy: 0.9194690265486726 
2025-01-19 10:53:39,274	***	  TR_As Mean Precision: 0.9415972291043486 
2025-01-19 10:53:39,274	***	  TR_As Mean Recall: 0.8944936086529006 
2025-01-19 10:53:39,274	***	  TR_As Mean F1 Score: 0.9173912969206294 
2025-01-19 10:53:39,274	***	  TR_As Mean AUC: 0.9183393616290998 
2025-01-19 10:53:39,274	***	  TR_As Standard Deviation of Accuracy: 0.009608553082538262 
2025-01-19 10:53:39,274	***	  TR_As Standard Deviation of Precision: 0.011152180239369225 
2025-01-19 10:53:39,274	***	  TR_As Standard Deviation of Recall: 0.012699601347567558 
2025-01-19 10:53:39,275	***	  TR_As Standard Deviation of F1 Score: 0.009956807510232866 

2025-01-19 10:53:39,275	***	  TR_As Standard Deviation of AUC: 0.00937017477940953 
2025-01-19 10:53:39,321	***	Overall TS_Ar Results: DecisionTree

2025-01-19 10:53:39,321	***	  TS_Ar List of Accuracies: [0.9031465093411996, 0.8824975417895772, 0.9277286135693216, 0.9203539823008849, 0.8938053097345132, 0.8947885939036382, 0.884464110127827, 0.8883972468043264, 0.9075712881022615, 0.900196656833825] 
2025-01-19 10:53:39,321	***	  TS_Ar List of Precisions: [0.894990366088632, 0.8642322097378277, 0.9096045197740112, 0.9262213359920239, 0.908256880733945, 0.9010989010989011, 0.843585237258348, 0.884990253411306, 0.9051808406647116, 0.8818011257035647] 
2025-01-19 10:53:39,321	***	  TS_Ar List of Recalls: [0.9134709931170109, 0.9075712881022615, 0.9498525073746312, 0.9134709931170109, 0.8761061946902655, 0.8869223205506391, 0.943952802359882, 0.8928220255653884, 0.9105211406096362, 0.9242871189773845] 
2025-01-19 10:53:39,321	***	  TS_Ar List of F1-scores: [0.9041362530413626, 0.8853717026378897, 0.9292929292929293, 0.9198019801980198, 0.891891891891892, 0.893954410307235, 0.8909512761020881, 0.8888888888888888, 0.907843137254902, 0.9025444071051367] 
2025-01-19 10:53:39,321	***	  TS_Ar list AUC: [0.9019094276357962, 0.8820165350303446, 0.9267424288569248, 0.9198304342403333, 0.8899069795772748, 0.8936332108337224, 0.8834010610187287, 0.8845438750678002, 0.9073276424674342, 0.8986874074847552] 
2025-01-19 10:53:39,321	***	  TS_Ar Mean Accuracy: 0.9002949852507376 
2025-01-19 10:53:39,321	***	  TS_Ar Mean Precision: 0.891996167046327 
2025-01-19 10:53:39,321	***	  TS_Ar Mean Recall: 0.911897738446411 
2025-01-19 10:53:39,321	***	  TS_Ar Mean F1 Score: 0.9014676876720344 
2025-01-19 10:53:39,321	***	  TS_Ar Mean AUC: 0.8987999002213115 
2025-01-19 10:53:39,321	***	  TS_Ar Standard Deviation of Accuracy: 0.014132978389943431 
2025-01-19 10:53:39,322	***	  TS_Ar Standard Deviation of Precision: 0.022975997999089618 
2025-01-19 10:53:39,322	***	  TS_Ar Standard Deviation of Recall: 0.022171695327534227 
2025-01-19 10:53:39,322	***	  TS_Ar Standard Deviation of F1 Score: 0.013547561787566963 

2025-01-19 10:53:39,322	***	  TS_Ar Standard Deviation of AUC: 0.014605790073658066 
2025-01-19 10:53:39,364	***	Overall TR_As Results: Classifier AdaBoost

2025-01-19 10:53:39,364	***	  TR_As List of Accuracies: [0.9582104228121927, 0.9591937069813176, 0.9459193706981318, 0.9631268436578171, 0.9493608652900688, 0.9670599803343166, 0.9601769911504425, 0.9523107177974435, 0.9523107177974435, 0.9459193706981318] 
2025-01-19 10:53:39,364	***	  TR_As List of Precisions: [0.9794238683127572, 0.9884937238493724, 0.9892125134843581, 0.9776876267748479, 0.9810526315789474, 0.9896907216494846, 0.9834710743801653, 0.9742268041237113, 0.9752066115702479, 0.9768664563617245] 
2025-01-19 10:53:39,364	***	  TR_As List of Recalls: [0.9360865290068829, 0.9292035398230089, 0.9016715830875123, 0.9478859390363815, 0.9164208456243854, 0.943952802359882, 0.9360865290068829, 0.9292035398230089, 0.928220255653884, 0.9134709931170109] 
2025-01-19 10:53:39,364	***	  TR_As List of F1-scores: [0.9572649572649573, 0.9579320831221491, 0.9434156378600824, 0.9625561657513729, 0.9476359938993391, 0.9662808253648717, 0.9591939546599496, 0.9511826874685455, 0.9511335012594458, 0.9441056910569107] 
2025-01-19 10:53:39,364	***	  TR_As list AUC: [0.9854760129905664, 0.9822254708306866, 0.9766448255758305, 0.9928752988768128, 0.9807519948486352, 0.990713910715477, 0.9845401043615469, 0.9824164232627438, 0.9783798338762183, 0.9738951105542069] 
2025-01-19 10:53:39,365	***	  TR_As Mean Accuracy: 0.9553588987217306 
2025-01-19 10:53:39,365	***	  TR_As Mean Precision: 0.9815332032085617 
2025-01-19 10:53:39,365	***	  TR_As Mean Recall: 0.928220255653884 
2025-01-19 10:53:39,365	***	  TR_As Mean F1 Score: 0.9540701497707623 
2025-01-19 10:53:39,365	***	  TR_As Mean AUC: 0.9827918985892724 
2025-01-19 10:53:39,365	***	  TR_As Standard Deviation of Accuracy: 0.006899824893942496 
2025-01-19 10:53:39,365	***	  TR_As Standard Deviation of Precision: 0.005589074718356935 
2025-01-19 10:53:39,365	***	  TR_As Standard Deviation of Recall: 0.013496448327845415 
2025-01-19 10:53:39,365	***	  TR_As Standard Deviation of F1 Score: 0.0073733068068819645 

2025-01-19 10:53:39,365	***	  TR_As Standard Deviation of AUC: 0.005618919997928359 
2025-01-19 10:53:39,408	***	Overall TS_Ar Results: AdaBoost

2025-01-19 10:53:39,408	***	  TS_Ar List of Accuracies: [0.9233038348082596, 0.9233038348082596, 0.9414945919370699, 0.9277286135693216, 0.9233038348082596, 0.9267453294001966, 0.9183874139626352, 0.9252704031465093, 0.9360865290068829, 0.9213372664700098] 
2025-01-19 10:53:39,408	***	  TS_Ar List of Precisions: [0.9442724458204335, 0.9326633165829146, 0.9393346379647749, 0.935, 0.9565217391304348, 0.9392712550607287, 0.9033175355450237, 0.9417773237997957, 0.942173479561316, 0.94129763130793] 
2025-01-19 10:53:39,408	***	  TS_Ar List of Recalls: [0.8997050147492626, 0.9124877089478859, 0.943952802359882, 0.9193706981317601, 0.8869223205506391, 0.9124877089478859, 0.9370698131760079, 0.9065880039331367, 0.9292035398230089, 0.8987217305801377] 
2025-01-19 10:53:39,408	***	  TS_Ar List of F1-scores: [0.9214501510574019, 0.9224652087475148, 0.9416380578715056, 0.9271194843827466, 0.9204081632653062, 0.9256857855361595, 0.9198841698841699, 0.9238476953907816, 0.9356435643564356, 0.9195171026156942] 
2025-01-19 10:53:39,408	***	  TS_Ar list AUC: [0.9547104339309419, 0.9458144677164699, 0.9741600268396938, 0.9565145718459734, 0.9637770487745689, 0.9593058613211589, 0.9612811312892238, 0.9632254621290567, 0.9686591465248108, 0.9693726801696624] 
2025-01-19 10:53:39,408	***	  TS_Ar Mean Accuracy: 0.9266961651917404 
2025-01-19 10:53:39,408	***	  TS_Ar Mean Precision: 0.9375629364773352 
2025-01-19 10:53:39,408	***	  TS_Ar Mean Recall: 0.9146509341199606 
2025-01-19 10:53:39,408	***	  TS_Ar Mean F1 Score: 0.9257659383107717 
2025-01-19 10:53:39,408	***	  TS_Ar Mean AUC: 0.9616820830541561 
2025-01-19 10:53:39,408	***	  TS_Ar Standard Deviation of Accuracy: 0.006652446089131338 
2025-01-19 10:53:39,408	***	  TS_Ar Standard Deviation of Precision: 0.012910458974139198 
2025-01-19 10:53:39,409	***	  TS_Ar Standard Deviation of Recall: 0.01707520452811012 
2025-01-19 10:53:39,409	***	  TS_Ar Standard Deviation of F1 Score: 0.0069776756807457185 

2025-01-19 10:53:39,409	***	  TS_Ar Standard Deviation of AUC: 0.00776653173721072 
2025-01-19 10:53:39,455	***	Overall TR_As Results: Classifier Perceptron

2025-01-19 10:53:39,455	***	  TR_As List of Accuracies: [0.9591937069813176, 0.9611602753195674, 0.9528023598820059, 0.9695181907571289, 0.9523107177974435, 0.9670599803343166, 0.9557522123893806, 0.9523107177974435, 0.9464110127826942, 0.9464110127826942] 
2025-01-19 10:53:39,455	***	  TR_As List of Precisions: [0.991578947368421, 0.9895615866388309, 0.9893730074388948, 0.9808660624370594, 0.9801670146137788, 0.9886831275720165, 0.9853403141361257, 0.967479674796748, 0.9860813704496788, 0.9670781893004116] 
2025-01-19 10:53:39,455	***	  TR_As List of Recalls: [0.9262536873156342, 0.9321533923303835, 0.9154375614552606, 0.9577187807276303, 0.9233038348082596, 0.9449360865290068, 0.9252704031465093, 0.9360865290068829, 0.9056047197640118, 0.9242871189773845] 
2025-01-19 10:53:39,455	***	  TR_As List of F1-scores: [0.9578037620742246, 0.96, 0.9509703779366702, 0.9691542288557214, 0.9508860759493671, 0.9663147310206133, 0.9543610547667343, 0.9515242378810594, 0.9441312147616606, 0.9451985922574158] 
2025-01-19 10:53:39,455	***	  TR_As list AUC: [0.9591937069813175, 0.9611602753195674, 0.9528023598820059, 0.9695181907571289, 0.9523107177974435, 0.9670599803343166, 0.9557522123893805, 0.9523107177974434, 0.9464110127826941, 0.9464110127826942] 
2025-01-19 10:53:39,455	***	  TR_As Mean Accuracy: 0.956293018682399 
2025-01-19 10:53:39,455	***	  TR_As Mean Precision: 0.9826209294751964 
2025-01-19 10:53:39,456	***	  TR_As Mean Recall: 0.9291052114060963 
2025-01-19 10:53:39,456	***	  TR_As Mean F1 Score: 0.9550344275503468 
2025-01-19 10:53:39,456	***	  TR_As Mean AUC: 0.956293018682399 
2025-01-19 10:53:39,456	***	  TR_As Standard Deviation of Accuracy: 0.007499596733072962 
2025-01-19 10:53:39,456	***	  TR_As Standard Deviation of Precision: 0.00842653508596801 
2025-01-19 10:53:39,456	***	  TR_As Standard Deviation of Recall: 0.013950511999821884 
2025-01-19 10:53:39,456	***	  TR_As Standard Deviation of F1 Score: 0.007880761679275402 

2025-01-19 10:53:39,456	***	  TR_As Standard Deviation of AUC: 0.00749959673307298 
2025-01-19 10:53:39,503	***	Overall TS_Ar Results: Perceptron

2025-01-19 10:53:39,503	***	  TS_Ar List of Accuracies: [0.9267453294001966, 0.9183874139626352, 0.9419862340216323, 0.9306784660766961, 0.9277286135693216, 0.9223205506391348, 0.9213372664700098, 0.9169124877089478, 0.9390363815142576, 0.911504424778761] 
2025-01-19 10:53:39,503	***	  TS_Ar List of Precisions: [0.9597457627118644, 0.9250749250749251, 0.9481555333998006, 0.9336633663366337, 0.9341317365269461, 0.9478623566214807, 0.9100478468899521, 0.9214711729622267, 0.9570112589559877, 0.9206030150753769] 
2025-01-19 10:53:39,503	***	  TS_Ar List of Recalls: [0.8908554572271387, 0.9105211406096362, 0.9351032448377581, 0.9272369714847591, 0.9203539823008849, 0.8938053097345132, 0.9351032448377581, 0.911504424778761, 0.9193706981317601, 0.9006882989183874] 
2025-01-19 10:53:39,503	***	  TS_Ar List of F1-scores: [0.924018357980622, 0.9177403369672944, 0.9415841584158416, 0.930439072520967, 0.9271916790490342, 0.9200404858299595, 0.9224054316197866, 0.9164607019278301, 0.9378134403209629, 0.9105367793240556] 
2025-01-19 10:53:39,503	***	  TS_Ar list AUC: [0.9267453294001966, 0.9183874139626351, 0.9419862340216323, 0.9306784660766961, 0.9277286135693216, 0.9223205506391347, 0.9213372664700097, 0.9169124877089478, 0.9390363815142576, 0.9115044247787611] 
2025-01-19 10:53:39,503	***	  TS_Ar Mean Accuracy: 0.9256637168141593 
2025-01-19 10:53:39,503	***	  TS_Ar Mean Precision: 0.9357766974555194 
2025-01-19 10:53:39,503	***	  TS_Ar Mean Recall: 0.9144542772861357 
2025-01-19 10:53:39,503	***	  TS_Ar Mean F1 Score: 0.9248230443956353 
2025-01-19 10:53:39,503	***	  TS_Ar Mean AUC: 0.9256637168141593 
2025-01-19 10:53:39,503	***	  TS_Ar Standard Deviation of Accuracy: 0.009141899153722297 
2025-01-19 10:53:39,503	***	  TS_Ar Standard Deviation of Precision: 0.01594767645953128 
2025-01-19 10:53:39,503	***	  TS_Ar Standard Deviation of Recall: 0.01507346088176587 
2025-01-19 10:53:39,503	***	  TS_Ar Standard Deviation of F1 Score: 0.009167287796700115 

2025-01-19 10:53:39,504	***	  TS_Ar Standard Deviation of AUC: 0.009141899153722299 
2025-01-19 10:53:39,546	***	Overall TR_As Results: Classifier SGDRegressor

2025-01-19 10:53:39,547	***	  TR_As List of Accuracies: [0.9287118977384464, 0.9124877089478859, 0.8692232055063913, 0.8913470993117011, 0.8938053097345132, 0.911504424778761, 0.9026548672566371, 0.8824975417895772, 0.8933136676499508, 0.8544739429695182] 
2025-01-19 10:53:39,547	***	  TR_As List of Precisions: [0.9954545454545455, 1.0, 0.9960369881109643, 0.9877450980392157, 0.992619926199262, 0.9952662721893492, 0.9904191616766467, 0.9949109414758269, 0.9962779156327544, 1.0] 
2025-01-19 10:53:39,547	***	  TR_As List of Recalls: [0.8613569321533924, 0.8249754178957719, 0.7413962635201573, 0.7925270403146509, 0.7935103244837758, 0.8269419862340216, 0.8131760078662733, 0.7689282202556539, 0.7895771878072763, 0.7089478859390363] 
2025-01-19 10:53:39,547	***	  TR_As List of F1-scores: [0.9235635213494993, 0.9040948275862069, 0.8500563697857949, 0.8794326241134751, 0.881967213114754, 0.9033297529538131, 0.8930885529157667, 0.8674431503050472, 0.8809654415798136, 0.8296892980437284] 
2025-01-19 10:53:39,547	***	  TR_As list AUC: [0.977318235038756, 0.9774009005220011, 0.965170759816647, 0.9787520702627602, 0.9694601798916938, 0.9851361660038924, 0.9650958291154601, 0.9663314605492276, 0.9673427833033127, 0.8855276426608036] 
2025-01-19 10:53:39,547	***	  TR_As Mean Accuracy: 0.8940019665683382 
2025-01-19 10:53:39,547	***	  TR_As Mean Precision: 0.9948730848778565 
2025-01-19 10:53:39,547	***	  TR_As Mean Recall: 0.7921337266470009 
2025-01-19 10:53:39,547	***	  TR_As Mean F1 Score: 0.8813630751747897 
2025-01-19 10:53:39,547	***	  TR_As Mean AUC: 0.9637536027164554 
2025-01-19 10:53:39,547	***	  TR_As Standard Deviation of Accuracy: 0.02060115267462387 
2025-01-19 10:53:39,547	***	  TR_As Standard Deviation of Precision: 0.0036347656815327494 
2025-01-19 10:53:39,547	***	  TR_As Standard Deviation of Recall: 0.041911903789794584 
2025-01-19 10:53:39,547	***	  TR_As Standard Deviation of F1 Score: 0.026011411103686384 

2025-01-19 10:53:39,547	***	  TR_As Standard Deviation of AUC: 0.026884232093999837 
2025-01-19 10:53:39,590	***	Overall TS_Ar Results: SGDRegressor

2025-01-19 10:53:39,590	***	  TS_Ar List of Accuracies: [0.8992133726647001, 0.9041297935103245, 0.9351032448377581, 0.9188790560471977, 0.883480825958702, 0.8259587020648967, 0.8269419862340216, 0.9070796460176991, 0.9060963618485742, 0.9277286135693216] 
2025-01-19 10:53:39,590	***	  TS_Ar List of Precisions: [0.9787735849056604, 0.9467391304347826, 0.9752953813104189, 0.927710843373494, 0.9733009708737864, 0.9853587115666179, 0.9089790897908979, 0.9662162162162162, 0.9609375, 0.9769736842105263] 
2025-01-19 10:53:39,590	***	  TS_Ar List of Recalls: [0.816125860373648, 0.856440511307768, 0.8928220255653884, 0.9085545722713865, 0.7885939036381514, 0.6617502458210422, 0.7266470009832842, 0.8436578171091446, 0.8466076696165191, 0.8761061946902655] 
2025-01-19 10:53:39,590	***	  TS_Ar List of F1-scores: [0.8900804289544235, 0.8993288590604026, 0.9322381930184804, 0.918032786885246, 0.8712656165127648, 0.7917647058823529, 0.8076502732240436, 0.9007874015748031, 0.9001568217459487, 0.9237947122861586] 
2025-01-19 10:53:39,590	***	  TS_Ar list AUC: [0.9483824153597303, 0.9319595393550545, 0.9630026037210103, 0.9454122590494534, 0.9405872053168891, 0.9466875312412683, 0.9412427280963058, 0.9534651340196019, 0.9336259014646777, 0.9665093605365618] 
2025-01-19 10:53:39,591	***	  TS_Ar Mean Accuracy: 0.8934611602753195 
2025-01-19 10:53:39,591	***	  TS_Ar Mean Precision: 0.96002851126824 
2025-01-19 10:53:39,591	***	  TS_Ar Mean Recall: 0.8217305801376599 
2025-01-19 10:53:39,591	***	  TS_Ar Mean F1 Score: 0.8835099799144623 
2025-01-19 10:53:39,591	***	  TS_Ar Mean AUC: 0.9470874678160552 
2025-01-19 10:53:39,591	***	  TS_Ar Standard Deviation of Accuracy: 0.03623175347023318 
2025-01-19 10:53:39,591	***	  TS_Ar Standard Deviation of Precision: 0.023570252249474642 
2025-01-19 10:53:39,591	***	  TS_Ar Standard Deviation of Recall: 0.07322404380455949 
2025-01-19 10:53:39,591	***	  TS_Ar Standard Deviation of F1 Score: 0.045144182169378315 

2025-01-19 10:53:39,591	***	  TS_Ar Standard Deviation of AUC: 0.010781009413982145 
2025-01-19 10:53:39,633	***	Overall TR_As Results: Classifier XGboost

2025-01-19 10:53:39,633	***	  TR_As List of Accuracies: [0.948377581120944, 0.9469026548672567, 0.9360865290068829, 0.9616519174041298, 0.9424778761061947, 0.9547689282202556, 0.9532940019665683, 0.9449360865290068, 0.9478859390363815, 0.9365781710914455] 
2025-01-19 10:53:39,633	***	  TR_As List of Precisions: [0.9691358024691358, 0.9809523809523809, 0.9878987898789879, 0.9805527123848515, 0.9746835443037974, 0.9873551106427819, 0.9762396694214877, 0.9689119170984456, 0.9769633507853404, 0.9654088050314465] 
2025-01-19 10:53:39,633	***	  TR_As List of Recalls: [0.9262536873156342, 0.911504424778761, 0.8829891838741396, 0.9419862340216323, 0.9085545722713865, 0.9213372664700098, 0.9292035398230089, 0.9193706981317601, 0.9174041297935103, 0.9056047197640118] 
2025-01-19 10:53:39,633	***	  TR_As List of F1-scores: [0.947209653092006, 0.944954128440367, 0.9325025960539979, 0.9608826479438315, 0.9404580152671757, 0.953204476093591, 0.9521410579345089, 0.9434914228052472, 0.9462474645030425, 0.93455098934551] 
2025-01-19 10:53:39,633	***	  TR_As list AUC: [0.9841905888973006, 0.9770644375024776, 0.9666287662345824, 0.9908294490224687, 0.9715427699608136, 0.9845734606091721, 0.980558625297185, 0.9795589047161867, 0.9770702385890211, 0.9731308174020994] 
2025-01-19 10:53:39,634	***	  TR_As Mean Accuracy: 0.9472959685349067 
2025-01-19 10:53:39,634	***	  TR_As Mean Precision: 0.9768102082968655 
2025-01-19 10:53:39,634	***	  TR_As Mean Recall: 0.9164208456243855 
2025-01-19 10:53:39,634	***	  TR_As Mean F1 Score: 0.9455642451479278 
2025-01-19 10:53:39,634	***	  TR_As Mean AUC: 0.9785148058231308 
2025-01-19 10:53:39,634	***	  TR_As Standard Deviation of Accuracy: 0.00754250104651528 
2025-01-19 10:53:39,634	***	  TR_As Standard Deviation of Precision: 0.007221209803065767 
2025-01-19 10:53:39,634	***	  TR_As Standard Deviation of Recall: 0.01506062694084232 
2025-01-19 10:53:39,634	***	  TR_As Standard Deviation of F1 Score: 0.008136928870395103 

2025-01-19 10:53:39,634	***	  TR_As Standard Deviation of AUC: 0.006700033464339205 
2025-01-19 10:53:39,676	***	Overall TS_Ar Results: XGboost

2025-01-19 10:53:39,676	***	  TS_Ar List of Accuracies: [0.9292035398230089, 0.9041297935103245, 0.9464110127826942, 0.9301868239921337, 0.9287118977384464, 0.9203539823008849, 0.9070796460176991, 0.9213372664700098, 0.9370698131760079, 0.9267453294001966] 
2025-01-19 10:53:39,676	***	  TS_Ar List of Precisions: [0.9404641775983855, 0.9093625498007968, 0.9512922465208747, 0.9353233830845771, 0.9541666666666667, 0.9366700715015321, 0.8869158878504673, 0.9280719280719281, 0.9521871820956256, 0.9366197183098591] 
2025-01-19 10:53:39,676	***	  TS_Ar List of Recalls: [0.9164208456243854, 0.8977384464110127, 0.9410029498525073, 0.9242871189773845, 0.9006882989183874, 0.9016715830875123, 0.9331366764995084, 0.9134709931170109, 0.9203539823008849, 0.9154375614552606] 
2025-01-19 10:53:39,676	***	  TS_Ar List of F1-scores: [0.9282868525896414, 0.9035131123206332, 0.9461196243203163, 0.9297725024727992, 0.9266565503287809, 0.9188376753507013, 0.9094393866794441, 0.9207135777998018, 0.9359999999999999, 0.9259075087021381] 
2025-01-19 10:53:39,676	***	  TS_Ar list AUC: [0.9662710325643994, 0.9565155386937305, 0.9775817010526071, 0.966325659462684, 0.9625965276629646, 0.9527506335269932, 0.9619124828747091, 0.9651494891659874, 0.9637954188819566, 0.9703622488492094] 
2025-01-19 10:53:39,676	***	  TS_Ar Mean Accuracy: 0.9251229105211406 
2025-01-19 10:53:39,676	***	  TS_Ar Mean Precision: 0.9331073811500714 
2025-01-19 10:53:39,676	***	  TS_Ar Mean Recall: 0.9164208456243854 
2025-01-19 10:53:39,676	***	  TS_Ar Mean F1 Score: 0.9245246790564255 
2025-01-19 10:53:39,676	***	  TS_Ar Mean AUC: 0.9643260732735242 
2025-01-19 10:53:39,676	***	  TS_Ar Standard Deviation of Accuracy: 0.012070889533800295 
2025-01-19 10:53:39,677	***	  TS_Ar Standard Deviation of Precision: 0.019862303213174507 
2025-01-19 10:53:39,677	***	  TS_Ar Standard Deviation of Recall: 0.013359644306217337 
2025-01-19 10:53:39,677	***	  TS_Ar Standard Deviation of F1 Score: 0.01167087756636889 

2025-01-19 10:53:39,677	***	  TS_Ar Standard Deviation of AUC: 0.006516900376439446 
2025-01-19 10:53:39,719	***	Comparative Metrics:
2025-01-19 10:53:39,719	***		Mean Squared Error
2025-01-19 10:53:39,719	***			 false
2025-01-19 10:53:39,719	***			Mean Squared Error - List     : [0.08488779, 0.08770027, 0.0865507, 0.09010787, 0.085748166, 0.083571926, 0.088314824, 0.09048384, 0.08779426, 0.08847388]
2025-01-19 10:53:39,719	***			Mean Squared Error - Mean    : 0.0873633474111557
2025-01-19 10:53:39,719	***			Mean Squared Error - Std. Dev.  : 0.0020851893350481987

2025-01-19 10:53:39,719	***			 positive
2025-01-19 10:53:39,719	***			Mean Squared Error - List     : [0.113540396, 0.11898462, 0.11731448, 0.11438631, 0.115940765, 0.121478975, 0.11910029, 0.10974464, 0.11727832, 0.115774475]
2025-01-19 10:53:39,719	***			Mean Squared Error - Mean    : 0.1163543313741684
2025-01-19 10:53:39,719	***			Mean Squared Error - Std. Dev.  : 0.0031381992157548666

2025-01-19 10:53:39,719	***		Cosine Similarity
2025-01-19 10:53:39,719	***			 false
2025-01-19 10:53:39,719	***			Cosine Similarity - List     : [0.6046838676419581, 0.5278855412319347, 0.6165243933964503, 0.5140401632209092, 0.4419869933215097, 0.5523727478325777, 0.46342060303236765, 0.4991058365257792, 0.5202569106819004, 0.5377444220796564]
2025-01-19 10:53:39,719	***			Cosine Similarity - Mean    : 0.5278021478965044
2025-01-19 10:53:39,720	***			Cosine Similarity - Std. Dev.  : 0.052023101614682446

2025-01-19 10:53:39,720	***			 positive
2025-01-19 10:53:39,720	***			Cosine Similarity - List     : [0.6269995652234426, 0.5485477821723784, 0.6357728356574255, 0.6850187424332226, 0.6237636516667397, 0.5130340323189132, 0.6040887314397677, 0.7045580038513288, 0.5487662384702275, 0.5060956116066101]
2025-01-19 10:53:39,720	***			Cosine Similarity - Mean    : 0.5996645194840056
2025-01-19 10:53:39,720	***			Cosine Similarity - Std. Dev.  : 0.0651174946962818

2025-01-19 10:53:39,720	***		Max Mean Discrepancy
2025-01-19 10:53:39,720	***			 false
2025-01-19 10:53:39,720	***			Max Mean Discrepancy - List     : [0.07307727, 0.13150483, 0.061535023, 0.053883392, 0.0973519, 0.08626505, 0.08646229, 0.05478255, 0.12084727, 0.1093089]
2025-01-19 10:53:39,720	***			Max Mean Discrepancy - Mean    : 0.08750184625387192
2025-01-19 10:53:39,720	***			Max Mean Discrepancy - Std. Dev.  : 0.0258968323469162

2025-01-19 10:53:39,720	***			 positive
2025-01-19 10:53:39,720	***			Max Mean Discrepancy - List     : [0.21346644, 0.16007422, 0.15024622, 0.11821937, 0.23281501, 0.21808408, 0.14150687, 0.13813646, 0.1043683, 0.08495207]
2025-01-19 10:53:39,720	***			Max Mean Discrepancy - Mean    : 0.15618690848350525
2025-01-19 10:53:39,720	***			Max Mean Discrepancy - Std. Dev.  : 0.04772515222430229

2025-01-19 10:53:39,721	***	  P_value of accuracy  0.005859375 and stats 2.0 of RandomForest 

2025-01-19 10:53:39,721	***	  P_value of precision  0.001953125 and stats 0.0 of RandomForest 

2025-01-19 10:53:39,722	***	  P_value of F1 score  0.009765625 and stats 3.0 of RandomForest 

2025-01-19 10:53:39,722	***	  P_value of recall  0.845703125 and stats 25.0 of RandomForest 

2025-01-19 10:53:39,723	***	  P_value of auc  0.037109375 and stats 7.0 of RandomForest 

2025-01-19 10:53:39,723	***	  P_value of accuracy  0.00390625 and stats 1.0 of SupportVectorMachine 

2025-01-19 10:53:39,724	***	  P_value of precision  0.001953125 and stats 0.0 of SupportVectorMachine 

2025-01-19 10:53:39,724	***	  P_value of F1 score  0.00390625 and stats 1.0 of SupportVectorMachine 

2025-01-19 10:53:39,725	***	  P_value of recall  0.083984375 and stats 10.0 of SupportVectorMachine 

2025-01-19 10:53:39,725	***	  P_value of auc  0.009765625 and stats 3.0 of SupportVectorMachine 

2025-01-19 10:53:39,726	***	  P_value of accuracy  0.009765625 and stats 3.0 of DecisionTree 

2025-01-19 10:53:39,726	***	  P_value of precision  0.001953125 and stats 0.0 of DecisionTree 

2025-01-19 10:53:39,726	***	  P_value of F1 score  0.01953125 and stats 5.0 of DecisionTree 

2025-01-19 10:53:39,727	***	  P_value of recall  0.037109375 and stats 7.0 of DecisionTree 

2025-01-19 10:53:39,727	***	  P_value of auc  0.013671875 and stats 4.0 of DecisionTree 

2025-01-19 10:53:39,728	***	  P_value of accuracy  0.001953125 and stats 0.0 of AdaBoost 

2025-01-19 10:53:39,728	***	  P_value of precision  0.001953125 and stats 0.0 of AdaBoost 

2025-01-19 10:53:39,729	***	  P_value of F1 score  0.001953125 and stats 0.0 of AdaBoost 

2025-01-19 10:53:39,729	***	  P_value of recall  0.16015625 and stats 13.0 of AdaBoost 

2025-01-19 10:53:39,729	***	  P_value of auc  0.001953125 and stats 0.0 of AdaBoost 

2025-01-19 10:53:39,730	***	  P_value of accuracy  0.001953125 and stats 0.0 of Perceptron 

2025-01-19 10:53:39,730	***	  P_value of precision  0.001953125 and stats 0.0 of Perceptron 

2025-01-19 10:53:39,731	***	  P_value of F1 score  0.001953125 and stats 0.0 of Perceptron 

2025-01-19 10:53:39,731	***	  P_value of recall  0.064453125 and stats 9.0 of Perceptron 

2025-01-19 10:53:39,732	***	  P_value of auc  0.001953125 and stats 0.0 of Perceptron 

2025-01-19 10:53:39,732	***	  P_value of accuracy  1.0 and stats 27.0 of SGDRegressor 

2025-01-19 10:53:39,732	***	  P_value of precision  0.001953125 and stats 0.0 of SGDRegressor 

2025-01-19 10:53:39,733	***	  P_value of F1 score  0.921875 and stats 26.0 of SGDRegressor 

2025-01-19 10:53:39,733	***	  P_value of recall  0.431640625 and stats 19.0 of SGDRegressor 

2025-01-19 10:53:39,734	***	  P_value of auc  0.083984375 and stats 10.0 of SGDRegressor 

2025-01-19 10:53:39,734	***	  P_value of accuracy  0.005859375 and stats 2.0 of XGboost 

2025-01-19 10:53:39,735	***	  P_value of precision  0.001953125 and stats 0.0 of XGboost 

2025-01-19 10:53:39,735	***	  P_value of F1 score  0.009765625 and stats 3.0 of XGboost 

2025-01-19 10:53:39,736	***	  P_value of recall  0.375 and stats 18.5 of XGboost 

2025-01-19 10:53:39,736	***	  P_value of auc  0.009765625 and stats 3.0 of XGboost 

