2025-01-10 20:36:20,589	***	 Classifier Model: SupportVectorMachine
2025-01-10 20:36:20,590	***	   TR_As Fold 10 - Confusion Matrix:
2025-01-10 20:36:20,590	***	[[532 375]
 [443 465]]
2025-01-10 20:36:20,590	***	
   Classifier Metrics:
2025-01-10 20:36:20,590	***	     TR_As Fold 10 - Accuracy: 0.5493112947658402
2025-01-10 20:36:20,590	***	     TR_As Fold 10 - Precision: 0.5535714285714286
2025-01-10 20:36:20,590	***	     TR_As Fold 10 - Recall: 0.512114537444934
2025-01-10 20:36:20,590	***	     TR_As Fold 10 - F1 Score: 0.5320366132723112

2025-01-10 20:36:20,782	***	 Classifier Model: DecisionTree
2025-01-10 20:36:20,782	***	   TR_As Fold 10 - Confusion Matrix:
2025-01-10 20:36:20,783	***	[[575 332]
 [476 432]]
2025-01-10 20:36:20,783	***	
   Classifier Metrics:
2025-01-10 20:36:20,783	***	     TR_As Fold 10 - Accuracy: 0.5548209366391185
2025-01-10 20:36:20,783	***	     TR_As Fold 10 - Precision: 0.5654450261780105
2025-01-10 20:36:20,783	***	     TR_As Fold 10 - Recall: 0.47577092511013214
2025-01-10 20:36:20,783	***	     TR_As Fold 10 - F1 Score: 0.5167464114832536

2025-01-10 20:36:20,991	***	 Classifier Model: AdaBoost
2025-01-10 20:36:20,991	***	   TR_As Fold 10 - Confusion Matrix:
2025-01-10 20:36:20,991	***	[[517 390]
 [414 494]]
2025-01-10 20:36:20,991	***	
   Classifier Metrics:
2025-01-10 20:36:20,991	***	     TR_As Fold 10 - Accuracy: 0.5570247933884298
2025-01-10 20:36:20,991	***	     TR_As Fold 10 - Precision: 0.5588235294117647
2025-01-10 20:36:20,991	***	     TR_As Fold 10 - Recall: 0.5440528634361234
2025-01-10 20:36:20,991	***	     TR_As Fold 10 - F1 Score: 0.5513392857142857

2025-01-10 20:36:21,313	***	 Classifier Model: Perceptron
2025-01-10 20:36:21,313	***	   TR_As Fold 10 - Confusion Matrix:
2025-01-10 20:36:21,313	***	[[534 373]
 [429 479]]
2025-01-10 20:36:21,313	***	
   Classifier Metrics:
2025-01-10 20:36:21,314	***	     TR_As Fold 10 - Accuracy: 0.5581267217630854
2025-01-10 20:36:21,314	***	     TR_As Fold 10 - Precision: 0.562206572769953
2025-01-10 20:36:21,314	***	     TR_As Fold 10 - Recall: 0.5275330396475771
2025-01-10 20:36:21,314	***	     TR_As Fold 10 - F1 Score: 0.5443181818181818

2025-01-10 20:36:21,512	***	 Classifier Model: SGDRegressor
2025-01-10 20:36:21,512	***	   TR_As Fold 10 - Confusion Matrix:
2025-01-10 20:36:21,512	***	[[525 382]
 [447 461]]
2025-01-10 20:36:21,512	***	
   Classifier Metrics:
2025-01-10 20:36:21,512	***	     TR_As Fold 10 - Accuracy: 0.5432506887052342
2025-01-10 20:36:21,512	***	     TR_As Fold 10 - Precision: 0.5468564650059312
2025-01-10 20:36:21,512	***	     TR_As Fold 10 - Recall: 0.5077092511013216
2025-01-10 20:36:21,512	***	     TR_As Fold 10 - F1 Score: 0.526556253569389

2025-01-10 20:36:21,719	***	 Classifier Model: XGboost
2025-01-10 20:36:21,719	***	   TR_As Fold 10 - Confusion Matrix:
2025-01-10 20:36:21,719	***	[[539 368]
 [441 467]]
2025-01-10 20:36:21,719	***	
   Classifier Metrics:
2025-01-10 20:36:21,719	***	     TR_As Fold 10 - Accuracy: 0.5542699724517907
2025-01-10 20:36:21,719	***	     TR_As Fold 10 - Precision: 0.5592814371257485
2025-01-10 20:36:21,719	***	     TR_As Fold 10 - Recall: 0.51431718061674
2025-01-10 20:36:21,719	***	     TR_As Fold 10 - F1 Score: 0.5358577165806082

2025-01-10 20:36:21,909	***	TS_Ar Fold 10/10 results
2025-01-10 20:36:21,977	***	 Classifier Model: RandomForest
2025-01-10 20:36:21,977	***	   TS_Ar Fold 10 - Confusion Matrix:
2025-01-10 20:36:21,977	***	[[532 375]
 [375 533]]
2025-01-10 20:36:21,977	***	
   Classifier Metrics:
2025-01-10 20:36:21,977	***	     TS_Ar Fold 10 - Accuracy: 0.5867768595041323
2025-01-10 20:36:21,977	***	     TS_Ar Fold 10 - Precision: 0.5870044052863436
2025-01-10 20:36:21,977	***	     TS_Ar Fold 10 - Recall: 0.5870044052863436
2025-01-10 20:36:21,977	***	     TS_Ar Fold 10 - F1 Score: 0.5870044052863436

2025-01-10 20:36:21,977	***	
2025-01-10 20:36:28,762	***	 Classifier Model: SupportVectorMachine
2025-01-10 20:36:28,762	***	   TS_Ar Fold 10 - Confusion Matrix:
2025-01-10 20:36:28,762	***	[[557 350]
 [360 548]]
2025-01-10 20:36:28,762	***	
   Classifier Metrics:
2025-01-10 20:36:28,762	***	     TS_Ar Fold 10 - Accuracy: 0.6088154269972452
2025-01-10 20:36:28,762	***	     TS_Ar Fold 10 - Precision: 0.6102449888641426
2025-01-10 20:36:28,762	***	     TS_Ar Fold 10 - Recall: 0.6035242290748899
2025-01-10 20:36:28,762	***	     TS_Ar Fold 10 - F1 Score: 0.6068660022148394

2025-01-10 20:36:28,762	***	
2025-01-10 20:36:29,024	***	 Classifier Model: DecisionTree
2025-01-10 20:36:29,024	***	   TS_Ar Fold 10 - Confusion Matrix:
2025-01-10 20:36:29,024	***	[[540 367]
 [374 534]]
2025-01-10 20:36:29,025	***	
   Classifier Metrics:
2025-01-10 20:36:29,025	***	     TS_Ar Fold 10 - Accuracy: 0.5917355371900826
2025-01-10 20:36:29,025	***	     TS_Ar Fold 10 - Precision: 0.5926748057713651
2025-01-10 20:36:29,025	***	     TS_Ar Fold 10 - Recall: 0.5881057268722467
2025-01-10 20:36:29,025	***	     TS_Ar Fold 10 - F1 Score: 0.5903814262023217

2025-01-10 20:36:29,025	***	
2025-01-10 20:36:29,317	***	 Classifier Model: AdaBoost
2025-01-10 20:36:29,317	***	   TS_Ar Fold 10 - Confusion Matrix:
2025-01-10 20:36:29,317	***	[[569 338]
 [380 528]]
2025-01-10 20:36:29,318	***	
   Classifier Metrics:
2025-01-10 20:36:29,318	***	     TS_Ar Fold 10 - Accuracy: 0.6044077134986225
2025-01-10 20:36:29,318	***	     TS_Ar Fold 10 - Precision: 0.6096997690531177
2025-01-10 20:36:29,318	***	     TS_Ar Fold 10 - Recall: 0.5814977973568282
2025-01-10 20:36:29,318	***	     TS_Ar Fold 10 - F1 Score: 0.5952649379932355

2025-01-10 20:36:29,318	***	
2025-01-10 20:36:29,697	***	 Classifier Model: Perceptron
2025-01-10 20:36:29,698	***	   TS_Ar Fold 10 - Confusion Matrix:
2025-01-10 20:36:29,698	***	[[554 353]
 [381 527]]
2025-01-10 20:36:29,698	***	
   Classifier Metrics:
2025-01-10 20:36:29,698	***	     TS_Ar Fold 10 - Accuracy: 0.5955922865013774
2025-01-10 20:36:29,698	***	     TS_Ar Fold 10 - Precision: 0.5988636363636364
2025-01-10 20:36:29,698	***	     TS_Ar Fold 10 - Recall: 0.5803964757709251
2025-01-10 20:36:29,698	***	     TS_Ar Fold 10 - F1 Score: 0.5894854586129755

2025-01-10 20:36:29,698	***	
2025-01-10 20:36:29,956	***	 Classifier Model: SGDRegressor
2025-01-10 20:36:29,956	***	   TS_Ar Fold 10 - Confusion Matrix:
2025-01-10 20:36:29,956	***	[[534 373]
 [397 511]]
2025-01-10 20:36:29,956	***	
   Classifier Metrics:
2025-01-10 20:36:29,957	***	     TS_Ar Fold 10 - Accuracy: 0.5757575757575758
2025-01-10 20:36:29,957	***	     TS_Ar Fold 10 - Precision: 0.5780542986425339
2025-01-10 20:36:29,957	***	     TS_Ar Fold 10 - Recall: 0.5627753303964758
2025-01-10 20:36:29,957	***	     TS_Ar Fold 10 - F1 Score: 0.5703125

2025-01-10 20:36:29,957	***	
2025-01-10 20:36:30,215	***	 Classifier Model: XGboost
2025-01-10 20:36:30,215	***	   TS_Ar Fold 10 - Confusion Matrix:
2025-01-10 20:36:30,215	***	[[566 341]
 [369 539]]
2025-01-10 20:36:30,215	***	
   Classifier Metrics:
2025-01-10 20:36:30,215	***	     TS_Ar Fold 10 - Accuracy: 0.6088154269972452
2025-01-10 20:36:30,215	***	     TS_Ar Fold 10 - Precision: 0.6125
2025-01-10 20:36:30,215	***	     TS_Ar Fold 10 - Recall: 0.5936123348017621
2025-01-10 20:36:30,215	***	     TS_Ar Fold 10 - F1 Score: 0.6029082774049217

2025-01-10 20:36:30,215	***	
2025-01-10 20:36:30,471	***	Similarity Metrics
2025-01-10 20:36:30,471	***	  Synthetic Fold 10 falses - Mean Squared Error: 0.037732054
2025-01-10 20:36:30,471	***	  Synthetic Fold 10 falses - Cosine Similarity: 0.4967338516979654
2025-01-10 20:36:30,471	***	  Synthetic Fold 10 falses - Maximum Mean Discrepancy: 0.009375809
2025-01-10 20:36:30,471	***	
2025-01-10 20:36:30,473	***	Similarity Metrics
2025-01-10 20:36:30,473	***	  Synthetic Fold 10 true - Mean Squared Error: 0.03690515
2025-01-10 20:36:30,473	***	  Synthetic Fold 10 true - Cosine Similarity: 0.2645312725610481
2025-01-10 20:36:30,473	***	  Synthetic Fold 10 true - Maximum Mean Discrepancy: 0.012343054
2025-01-10 20:36:30,473	***	
2025-01-10 20:36:30,473	***	Overall TR_As Results: Classifier RandomForest

2025-01-10 20:36:30,473	***	  TR_As List of Accuracies: [0.5848017621145375, 0.5644273127753304, 0.5567180616740088, 0.5523127753303965, 0.5597796143250688, 0.5730027548209367, 0.5316804407713499, 0.5741046831955923, 0.5713498622589531, 0.5498622589531681] 
2025-01-10 20:36:30,473	***	  TR_As List of Precisions: [0.592326139088729, 0.5670103092783505, 0.5621230398069964, 0.5551684088269454, 0.5641330166270784, 0.5772833723653396, 0.5340501792114696, 0.5840597758405978, 0.5768321513002365, 0.5607476635514018] 
2025-01-10 20:36:30,473	***	  TR_As List of Recalls: [0.5440528634361234, 0.5451541850220264, 0.513215859030837, 0.526431718061674, 0.523704520396913, 0.5435501653803748, 0.4928335170893054, 0.5165198237885462, 0.5374449339207048, 0.46255506607929514] 
2025-01-10 20:36:30,473	***	  TR_As List of F1-scores: [0.5671641791044777, 0.5558674901740595, 0.5365572826712723, 0.5404183154324477, 0.5431675242995998, 0.5599091425326519, 0.5126146788990825, 0.5482174167153712, 0.556442417331813, 0.5069402534701267] 
2025-01-10 20:36:30,474	***	  TR_As list AUC: [0.595200639445749, 0.5842292689553454, 0.5588218527431155, 0.5771537629296124, 0.5716721145860149, 0.5886843153349621, 0.5389524209646945, 0.5814486203731136, 0.5710825979046962, 0.5649360820636362] 
2025-01-10 20:36:30,474	***	  TR_As Mean Accuracy: 0.5618039526219342 
2025-01-10 20:36:30,474	***	  TR_As Mean Precision: 0.5673734055897145 
2025-01-10 20:36:30,474	***	  TR_As Mean Recall: 0.52054626522058 
2025-01-10 20:36:30,474	***	  TR_As Mean F1 Score: 0.5427298700630903 
2025-01-10 20:36:30,474	***	  TR_As Mean AUC: 0.5732181675300939 
2025-01-10 20:36:30,474	***	  TR_As Standard Deviation of Accuracy: 0.014400359324105173 
2025-01-10 20:36:30,474	***	  TR_As Standard Deviation of Precision: 0.015589250441694673 
2025-01-10 20:36:30,474	***	  TR_As Standard Deviation of Recall: 0.02493670007492412 
2025-01-10 20:36:30,474	***	  TR_As Standard Deviation of F1 Score: 0.018746637297975318 

2025-01-10 20:36:30,474	***	  TR_As Standard Deviation of AUC: 0.015439700655537762 
2025-01-10 20:36:30,528	***	Overall TS_Ar Results: RandomForest

2025-01-10 20:36:30,528	***	  TS_Ar List of Accuracies: [0.5837004405286343, 0.5870044052863436, 0.5622246696035242, 0.5743392070484582, 0.5498622589531681, 0.5746556473829201, 0.5570247933884298, 0.5757575757575758, 0.5911845730027548, 0.5867768595041323] 
2025-01-10 20:36:30,529	***	  TS_Ar List of Precisions: [0.5793319415448852, 0.5868131868131868, 0.56442417331813, 0.5714285714285714, 0.5489130434782609, 0.5754189944134078, 0.561091340450771, 0.5746753246753247, 0.5868200836820083, 0.5870044052863436] 
2025-01-10 20:36:30,529	***	  TS_Ar List of Recalls: [0.6112334801762115, 0.5881057268722467, 0.5451541850220264, 0.5947136563876652, 0.5567805953693495, 0.5678059536934951, 0.5214994487320838, 0.5848017621145375, 0.6178414096916299, 0.5870044052863436] 
2025-01-10 20:36:30,529	***	  TS_Ar List of F1-scores: [0.594855305466238, 0.5874587458745876, 0.5546218487394958, 0.5828386400431732, 0.5528188286808977, 0.5715871254162044, 0.5405714285714286, 0.5796943231441047, 0.601931330472103, 0.5870044052863436] 
2025-01-10 20:36:30,529	***	  TS_Ar list AUC: [0.6099574996603855, 0.5945517330047159, 0.5654958858118729, 0.582877481612296, 0.5534487029418764, 0.5740186459694301, 0.5553392847602349, 0.5920750987182414, 0.5996519969498126, 0.6060103988071243] 
2025-01-10 20:36:30,529	***	  TS_Ar Mean Accuracy: 0.5742530430455941 
2025-01-10 20:36:30,529	***	  TS_Ar Mean Precision: 0.573592106509089 
2025-01-10 20:36:30,529	***	  TS_Ar Mean Recall: 0.5774940623345589 
2025-01-10 20:36:30,529	***	  TS_Ar Mean F1 Score: 0.5753381981694577 
2025-01-10 20:36:30,529	***	  TS_Ar Mean AUC: 0.5833426728235991 
2025-01-10 20:36:30,529	***	  TS_Ar Standard Deviation of Accuracy: 0.01316894482978348 
2025-01-10 20:36:30,529	***	  TS_Ar Standard Deviation of Precision: 0.011921324915447472 
2025-01-10 20:36:30,529	***	  TS_Ar Standard Deviation of Recall: 0.02832560551450727 
2025-01-10 20:36:30,530	***	  TS_Ar Standard Deviation of F1 Score: 0.01898799787263359 

2025-01-10 20:36:30,530	***	  TS_Ar Standard Deviation of AUC: 0.01942567378244184 
2025-01-10 20:36:30,574	***	Overall TR_As Results: Classifier SupportVectorMachine

2025-01-10 20:36:30,574	***	  TR_As List of Accuracies: [0.5930616740088106, 0.5803964757709251, 0.5743392070484582, 0.5936123348017621, 0.5873278236914601, 0.5955922865013774, 0.5537190082644629, 0.593939393939394, 0.5818181818181818, 0.5493112947658402] 
2025-01-10 20:36:30,574	***	  TR_As List of Precisions: [0.6054931335830213, 0.5827664399092971, 0.5796930342384888, 0.5981524249422633, 0.5947242206235012, 0.6028537455410226, 0.5578069129916567, 0.6051660516605166, 0.5861271676300578, 0.5535714285714286] 
2025-01-10 20:36:30,574	***	  TR_As List of Recalls: [0.5341409691629956, 0.566079295154185, 0.5407488986784141, 0.5704845814977973, 0.5468577728776185, 0.5589856670341786, 0.515986769570011, 0.5418502202643172, 0.5583700440528634, 0.512114537444934] 
2025-01-10 20:36:30,574	***	  TR_As List of F1-scores: [0.5675833820947923, 0.5743016759776536, 0.5595441595441597, 0.5839909808342728, 0.5697874784606549, 0.580091533180778, 0.5360824742268041, 0.5717606042998257, 0.571912013536379, 0.5320366132723112] 
2025-01-10 20:36:30,574	***	  TR_As list AUC: [0.6149195113431272, 0.5987283859574221, 0.5828235071513128, 0.5973189854256826, 0.6093623263020365, 0.6262439955510007, 0.5659663702286184, 0.6048690070863427, 0.6091219054927656, 0.5656694869565639] 
2025-01-10 20:36:30,574	***	  TR_As Mean Accuracy: 0.5803117680610673 
2025-01-10 20:36:30,574	***	  TR_As Mean Precision: 0.5866354559691255 
2025-01-10 20:36:30,574	***	  TR_As Mean Recall: 0.5445618755737315 
2025-01-10 20:36:30,574	***	  TR_As Mean F1 Score: 0.564709091542763 
2025-01-10 20:36:30,574	***	  TR_As Mean AUC: 0.5975023481494872 
2025-01-10 20:36:30,574	***	  TR_As Standard Deviation of Accuracy: 0.015855752286706878 
2025-01-10 20:36:30,574	***	  TR_As Standard Deviation of Precision: 0.017742142615872813 
2025-01-10 20:36:30,575	***	  TR_As Standard Deviation of Recall: 0.018811757072667173 
2025-01-10 20:36:30,575	***	  TR_As Standard Deviation of F1 Score: 0.01658232944024939 

2025-01-10 20:36:30,575	***	  TR_As Standard Deviation of AUC: 0.01919436075098503 
2025-01-10 20:36:30,615	***	Overall TS_Ar Results: SupportVectorMachine

2025-01-10 20:36:30,615	***	  TS_Ar List of Accuracies: [0.5952643171806168, 0.5930616740088106, 0.5892070484581498, 0.5991189427312775, 0.5730027548209367, 0.5845730027548209, 0.5509641873278237, 0.6011019283746556, 0.5983471074380166, 0.6088154269972452] 
2025-01-10 20:36:30,615	***	  TS_Ar List of Precisions: [0.5935135135135136, 0.595050618672666, 0.5950704225352113, 0.5971922246220303, 0.5776470588235294, 0.5872291904218928, 0.5552884615384616, 0.6008771929824561, 0.6041909196740396, 0.6102449888641426] 
2025-01-10 20:36:30,615	***	  TS_Ar List of Recalls: [0.6046255506607929, 0.5825991189427313, 0.5583700440528634, 0.6090308370044053, 0.5413450937155457, 0.5678059536934951, 0.5093715545755237, 0.6035242290748899, 0.5715859030837004, 0.6035242290748899] 
2025-01-10 20:36:30,615	***	  TS_Ar List of F1-scores: [0.5990180032733223, 0.5887590428491931, 0.5761363636363637, 0.6030534351145038, 0.5589072282299373, 0.5773542600896862, 0.5313398504887867, 0.6021978021978022, 0.5874363327674023, 0.6068660022148394] 
2025-01-10 20:36:30,615	***	  TS_Ar list AUC: [0.6092752382153739, 0.6124160666808982, 0.6006720730074327, 0.6202854218013157, 0.5756068804064326, 0.6103312950181894, 0.576570385013284, 0.6142484542641908, 0.6115327919412887, 0.6310299481759589] 
2025-01-10 20:36:30,615	***	  TS_Ar Mean Accuracy: 0.5893456390092353 
2025-01-10 20:36:30,615	***	  TS_Ar Mean Precision: 0.5916304591647942 
2025-01-10 20:36:30,615	***	  TS_Ar Mean Recall: 0.5751782513878838 
2025-01-10 20:36:30,615	***	  TS_Ar Mean F1 Score: 0.5831068320861836 
2025-01-10 20:36:30,615	***	  TS_Ar Mean AUC: 0.6061968554524365 
2025-01-10 20:36:30,615	***	  TS_Ar Standard Deviation of Accuracy: 0.015829369892058597 
2025-01-10 20:36:30,616	***	  TS_Ar Standard Deviation of Precision: 0.014776418311895655 
2025-01-10 20:36:30,616	***	  TS_Ar Standard Deviation of Recall: 0.030822353319642445 
2025-01-10 20:36:30,616	***	  TS_Ar Standard Deviation of F1 Score: 0.022311002743194676 

2025-01-10 20:36:30,616	***	  TS_Ar Standard Deviation of AUC: 0.016786056183464664 
2025-01-10 20:36:30,658	***	Overall TR_As Results: Classifier DecisionTree

2025-01-10 20:36:30,658	***	  TR_As List of Accuracies: [0.5677312775330396, 0.545704845814978, 0.5578193832599119, 0.5451541850220264, 0.5619834710743802, 0.5669421487603306, 0.5333333333333333, 0.5768595041322314, 0.5586776859504132, 0.5548209366391185] 
2025-01-10 20:36:30,658	***	  TR_As List of Precisions: [0.5765877957658779, 0.5472127417519909, 0.5619834710743802, 0.5475638051044084, 0.5665083135391924, 0.570267131242741, 0.535799522673031, 0.5866336633663366, 0.5628672150411281, 0.5654450261780105] 
2025-01-10 20:36:30,659	***	  TR_As List of Recalls: [0.5099118942731278, 0.5297356828193832, 0.5242290748898678, 0.5198237885462555, 0.525909592061742, 0.5413450937155457, 0.49503858875413453, 0.5220264317180616, 0.5275330396475771, 0.47577092511013214] 
2025-01-10 20:36:30,659	***	  TR_As List of F1-scores: [0.5412039742840443, 0.5383324006715164, 0.5424501424501424, 0.5333333333333334, 0.5454545454545454, 0.5554298642533937, 0.5146131805157593, 0.5524475524475525, 0.5446276293348494, 0.5167464114832536] 
2025-01-10 20:36:30,659	***	  TR_As list AUC: [0.5702929418385764, 0.5513879320382697, 0.5629481699625454, 0.5493835995264802, 0.5555396354346274, 0.5762382885923969, 0.5360588715278621, 0.5571837252111574, 0.5426771221386282, 0.557665781076211] 
2025-01-10 20:36:30,659	***	  TR_As Mean Accuracy: 0.5569026771519763 
2025-01-10 20:36:30,659	***	  TR_As Mean Precision: 0.5620868685737097 
2025-01-10 20:36:30,659	***	  TR_As Mean Recall: 0.5171324111535827 
2025-01-10 20:36:30,659	***	  TR_As Mean F1 Score: 0.5384639034228391 
2025-01-10 20:36:30,659	***	  TR_As Mean AUC: 0.5559376067346754 
2025-01-10 20:36:30,659	***	  TR_As Standard Deviation of Accuracy: 0.012121864948496907 
2025-01-10 20:36:30,659	***	  TR_As Standard Deviation of Precision: 0.014263128432543477 
2025-01-10 20:36:30,659	***	  TR_As Standard Deviation of Recall: 0.018063530654321404 
2025-01-10 20:36:30,659	***	  TR_As Standard Deviation of F1 Score: 0.012886005710632543 

2025-01-10 20:36:30,659	***	  TR_As Standard Deviation of AUC: 0.0114310901538143 
2025-01-10 20:36:30,700	***	Overall TS_Ar Results: DecisionTree

2025-01-10 20:36:30,700	***	  TS_Ar List of Accuracies: [0.5831497797356828, 0.5803964757709251, 0.5699339207048458, 0.572136563876652, 0.5410468319559228, 0.5724517906336088, 0.5482093663911846, 0.5730027548209367, 0.5757575757575758, 0.5917355371900826] 
2025-01-10 20:36:30,700	***	  TS_Ar List of Precisions: [0.5787278415015641, 0.5793478260869566, 0.5704772475027747, 0.5700534759358289, 0.5388655462184874, 0.5725359911406424, 0.5519713261648745, 0.5725190839694656, 0.5746753246753247, 0.5926748057713651] 
2025-01-10 20:36:30,700	***	  TS_Ar List of Recalls: [0.6112334801762115, 0.5870044052863436, 0.566079295154185, 0.5870044052863436, 0.565600882028666, 0.5700110253583242, 0.5093715545755237, 0.5781938325991189, 0.5848017621145375, 0.5881057268722467] 
2025-01-10 20:36:30,700	***	  TS_Ar List of F1-scores: [0.5945366898768077, 0.5831509846827133, 0.5682697622996131, 0.578404774823657, 0.5519096288327058, 0.5712707182320441, 0.5298165137614679, 0.5753424657534246, 0.5796943231441047, 0.5903814262023217] 
2025-01-10 20:36:30,700	***	  TS_Ar list AUC: [0.5913842205360089, 0.5688908187622503, 0.5614514399658445, 0.5586393099031615, 0.5363848967161917, 0.5553222853090743, 0.5344676014745809, 0.580923458756903, 0.5668667340168732, 0.5871051877467957] 
2025-01-10 20:36:30,700	***	  TS_Ar Mean Accuracy: 0.5707820596837417 
2025-01-10 20:36:30,700	***	  TS_Ar Mean Precision: 0.5701848468967283 
2025-01-10 20:36:30,700	***	  TS_Ar Mean Recall: 0.57474063694515 
2025-01-10 20:36:30,700	***	  TS_Ar Mean F1 Score: 0.572277728760886 
2025-01-10 20:36:30,701	***	  TS_Ar Mean AUC: 0.5641435953187683 
2025-01-10 20:36:30,701	***	  TS_Ar Standard Deviation of Accuracy: 0.01453679894601606 
2025-01-10 20:36:30,701	***	  TS_Ar Standard Deviation of Precision: 0.014165506754637045 
2025-01-10 20:36:30,701	***	  TS_Ar Standard Deviation of Recall: 0.025255383942360366 
2025-01-10 20:36:30,701	***	  TS_Ar Standard Deviation of F1 Score: 0.01810597752996974 

2025-01-10 20:36:30,701	***	  TS_Ar Standard Deviation of AUC: 0.018295825065483433 
2025-01-10 20:36:30,740	***	Overall TR_As Results: Classifier AdaBoost

2025-01-10 20:36:30,740	***	  TR_As List of Accuracies: [0.6156387665198237, 0.5754405286343612, 0.5825991189427313, 0.586453744493392, 0.5796143250688706, 0.6066115702479339, 0.5669421487603306, 0.5955922865013774, 0.596694214876033, 0.5570247933884298] 
2025-01-10 20:36:30,740	***	  TR_As List of Precisions: [0.6133909287257019, 0.5689828801611279, 0.5778008298755186, 0.5834218916046758, 0.5812641083521445, 0.6029882604055496, 0.5636172450052577, 0.5935483870967742, 0.5914760914760915, 0.5588235294117647] 
2025-01-10 20:36:30,740	***	  TR_As List of Recalls: [0.6255506607929515, 0.6222466960352423, 0.6134361233480177, 0.6046255506607929, 0.5678059536934951, 0.6229327453142227, 0.5909592061742006, 0.6079295154185022, 0.6266519823788547, 0.5440528634361234] 
2025-01-10 20:36:30,740	***	  TR_As List of F1-scores: [0.619411123227917, 0.5944239873750659, 0.5950854700854701, 0.5938345051379124, 0.5744562186279978, 0.6127982646420824, 0.5769644779332616, 0.6006528835690967, 0.6085561497326203, 0.5513392857142857] 
2025-01-10 20:36:30,740	***	  TR_As list AUC: [0.6367191290341361, 0.6043302072619301, 0.6027419026179432, 0.6099356672941451, 0.5957566941410177, 0.6333819436686758, 0.5778131663177731, 0.6129989946038885, 0.6149253966943353, 0.5785769273734875] 
2025-01-10 20:36:30,740	***	  TR_As Mean Accuracy: 0.5862611497433283 
2025-01-10 20:36:30,740	***	  TR_As Mean Precision: 0.5835314152114606 
2025-01-10 20:36:30,740	***	  TR_As Mean Recall: 0.6026191297252403 
2025-01-10 20:36:30,740	***	  TR_As Mean F1 Score: 0.5927522366045709 
2025-01-10 20:36:30,740	***	  TR_As Mean AUC: 0.6067180029007332 
2025-01-10 20:36:30,740	***	  TR_As Standard Deviation of Accuracy: 0.016958198480653334 
2025-01-10 20:36:30,740	***	  TR_As Standard Deviation of Precision: 0.01640220390930837 
2025-01-10 20:36:30,740	***	  TR_As Standard Deviation of Recall: 0.0261313400407028 
2025-01-10 20:36:30,741	***	  TR_As Standard Deviation of F1 Score: 0.019321396176496117 

2025-01-10 20:36:30,741	***	  TR_As Standard Deviation of AUC: 0.018700988693838554 
2025-01-10 20:36:30,779	***	Overall TS_Ar Results: AdaBoost

2025-01-10 20:36:30,780	***	  TS_Ar List of Accuracies: [0.5991189427312775, 0.5936123348017621, 0.5726872246696035, 0.5991189427312775, 0.5856749311294766, 0.5922865013774105, 0.559228650137741, 0.5845730027548209, 0.6049586776859505, 0.6044077134986225] 
2025-01-10 20:36:30,780	***	  TS_Ar List of Precisions: [0.5991189427312775, 0.591792656587473, 0.570362473347548, 0.5933609958506224, 0.5875706214689266, 0.5943502824858757, 0.5619930475086906, 0.5857461024498887, 0.6046002190580504, 0.6096997690531177] 
2025-01-10 20:36:30,780	***	  TS_Ar List of Recalls: [0.5991189427312775, 0.6035242290748899, 0.5892070484581498, 0.6299559471365639, 0.5733186328555678, 0.5799338478500551, 0.5347298787210585, 0.579295154185022, 0.6079295154185022, 0.5814977973568282] 
2025-01-10 20:36:30,780	***	  TS_Ar List of F1-scores: [0.5991189427312775, 0.5976008724100327, 0.5796316359696642, 0.6111111111111112, 0.5803571428571429, 0.5870535714285714, 0.5480225988700566, 0.5825027685492802, 0.6062602965403625, 0.5952649379932355] 
2025-01-10 20:36:30,780	***	  TS_Ar list AUC: [0.6129624822915251, 0.6136198790972074, 0.5702244124667664, 0.6173756525451687, 0.6008759574333744, 0.6026026159726844, 0.5733240969648694, 0.6095626769764291, 0.6110446648436779, 0.6253284536813526] 
2025-01-10 20:36:30,780	***	  TS_Ar Mean Accuracy: 0.5895666921517944 
2025-01-10 20:36:30,780	***	  TS_Ar Mean Precision: 0.5898595110541471 
2025-01-10 20:36:30,780	***	  TS_Ar Mean Recall: 0.5878510993787914 
2025-01-10 20:36:30,780	***	  TS_Ar Mean F1 Score: 0.5886923878460735 
2025-01-10 20:36:30,780	***	  TS_Ar Mean AUC: 0.6036920892273054 
2025-01-10 20:36:30,780	***	  TS_Ar Standard Deviation of Accuracy: 0.013816007584028091 
2025-01-10 20:36:30,780	***	  TS_Ar Standard Deviation of Precision: 0.013826276708254544 
2025-01-10 20:36:30,780	***	  TS_Ar Standard Deviation of Recall: 0.023999414712630236 
2025-01-10 20:36:30,780	***	  TS_Ar Standard Deviation of F1 Score: 0.016997368924034258 

2025-01-10 20:36:30,781	***	  TS_Ar Standard Deviation of AUC: 0.01726214190619359 
2025-01-10 20:36:30,819	***	Overall TR_As Results: Classifier Perceptron

2025-01-10 20:36:30,819	***	  TR_As List of Accuracies: [0.6051762114537445, 0.5798458149779736, 0.5875550660792952, 0.5776431718061674, 0.577961432506887, 0.6038567493112947, 0.5603305785123966, 0.5944903581267218, 0.6011019283746556, 0.5581267217630854] 
2025-01-10 20:36:30,819	***	  TR_As List of Precisions: [0.6030204962243797, 0.5834292289988493, 0.5783251231527093, 0.5871446229913473, 0.568780487804878, 0.6177944862155389, 0.5570680628272251, 0.5972850678733032, 0.5993520518358532, 0.562206572769953] 
2025-01-10 20:36:30,819	***	  TR_As List of Recalls: [0.6156387665198237, 0.5583700440528634, 0.6464757709251101, 0.5231277533039648, 0.6427783902976847, 0.5435501653803748, 0.5865490628445424, 0.5814977973568282, 0.6112334801762115, 0.5275330396475771] 
2025-01-10 20:36:30,819	***	  TR_As List of F1-scores: [0.6092643051771116, 0.5706246482836241, 0.6105044201768071, 0.5532906231799651, 0.60351966873706, 0.5782991202346041, 0.5714285714285714, 0.5892857142857143, 0.6052344601962922, 0.5443181818181818] 
2025-01-10 20:36:30,819	***	  TR_As list AUC: [0.6051762114537445, 0.5798458149779735, 0.5875550660792952, 0.5776431718061673, 0.5779971246642608, 0.6038235408399673, 0.5603450160037691, 0.5944975205086236, 0.6010963431752061, 0.5581435870784743] 
2025-01-10 20:36:30,819	***	  TR_As Mean Accuracy: 0.5846088032912221 
2025-01-10 20:36:30,819	***	  TR_As Mean Precision: 0.5854406200694038 
2025-01-10 20:36:30,819	***	  TR_As Mean Recall: 0.5836754270504979 
2025-01-10 20:36:30,819	***	  TR_As Mean F1 Score: 0.5835769713517931 
2025-01-10 20:36:30,819	***	  TR_As Mean AUC: 0.5846123396587481 
2025-01-10 20:36:30,819	***	  TR_As Standard Deviation of Accuracy: 0.016056079622351112 
2025-01-10 20:36:30,819	***	  TR_As Standard Deviation of Precision: 0.018356487026693572 
2025-01-10 20:36:30,820	***	  TR_As Standard Deviation of Recall: 0.042777952456151416 
2025-01-10 20:36:30,820	***	  TR_As Standard Deviation of F1 Score: 0.022552143610783813 

2025-01-10 20:36:30,820	***	  TR_As Standard Deviation of AUC: 0.01604552857721514 
2025-01-10 20:36:30,857	***	Overall TS_Ar Results: Perceptron

2025-01-10 20:36:30,857	***	  TS_Ar List of Accuracies: [0.585352422907489, 0.598568281938326, 0.5825991189427313, 0.5941629955947136, 0.5801652892561984, 0.5972451790633608, 0.5586776859504132, 0.5955922865013774, 0.5884297520661157, 0.5955922865013774] 
2025-01-10 20:36:30,857	***	  TS_Ar List of Precisions: [0.5895953757225434, 0.5925542916235781, 0.5837053571428571, 0.5873340143003064, 0.5957727873183619, 0.6018518518518519, 0.5714285714285714, 0.6063569682151589, 0.6010037641154329, 0.5988636363636364] 
2025-01-10 20:36:30,858	***	  TS_Ar List of Recalls: [0.5616740088105727, 0.6310572687224669, 0.5759911894273128, 0.6332599118942731, 0.4972436604189636, 0.5733186328555678, 0.46747519294377066, 0.5462555066079295, 0.5275330396475771, 0.5803964757709251] 
2025-01-10 20:36:30,858	***	  TS_Ar List of F1-scores: [0.5752961082910322, 0.6112, 0.5798226164079823, 0.6094329623741388, 0.5420673076923077, 0.5872388481084134, 0.5142510612492419, 0.574739281575898, 0.5618768328445748, 0.5894854586129755] 
2025-01-10 20:36:30,858	***	  TS_Ar list AUC: [0.585352422907489, 0.598568281938326, 0.5825991189427312, 0.5941629955947136, 0.58011962756631, 0.5972320036524534, 0.558627464313295, 0.5956194842852217, 0.5884633224698747, 0.595600663464294] 
2025-01-10 20:36:30,858	***	  TS_Ar Mean Accuracy: 0.5876385298722102 
2025-01-10 20:36:30,858	***	  TS_Ar Mean Precision: 0.5928466618082298 
2025-01-10 20:36:30,858	***	  TS_Ar Mean Recall: 0.5594204887099359 
2025-01-10 20:36:30,858	***	  TS_Ar Mean F1 Score: 0.5745410477156565 
2025-01-10 20:36:30,858	***	  TS_Ar Mean AUC: 0.5876345385134709 
2025-01-10 20:36:30,858	***	  TS_Ar Standard Deviation of Accuracy: 0.011430958476884967 
2025-01-10 20:36:30,858	***	  TS_Ar Standard Deviation of Precision: 0.009789126666160473 
2025-01-10 20:36:30,858	***	  TS_Ar Standard Deviation of Recall: 0.050006926657261315 
2025-01-10 20:36:30,858	***	  TS_Ar Standard Deviation of F1 Score: 0.027971784035909834 

2025-01-10 20:36:30,858	***	  TS_Ar Standard Deviation of AUC: 0.011448283560792936 
2025-01-10 20:36:30,895	***	Overall TR_As Results: Classifier SGDRegressor

2025-01-10 20:36:30,895	***	  TR_As List of Accuracies: [0.5930616740088106, 0.5743392070484582, 0.5616740088105727, 0.5726872246696035, 0.5707988980716253, 0.5862258953168044, 0.5608815426997246, 0.5922865013774105, 0.5801652892561984, 0.5432506887052342] 
2025-01-10 20:36:30,895	***	  TR_As List of Precisions: [0.5979142526071842, 0.573449401523395, 0.5599571734475375, 0.5714285714285714, 0.5720720720720721, 0.5926365795724465, 0.5611111111111111, 0.5923076923076923, 0.5858823529411765, 0.5468564650059312] 
2025-01-10 20:36:30,895	***	  TR_As List of Recalls: [0.5682819383259912, 0.5803964757709251, 0.5759911894273128, 0.5814977973568282, 0.5600882028665931, 0.5501653803748622, 0.5567805953693495, 0.5936123348017621, 0.5484581497797357, 0.5077092511013216] 
2025-01-10 20:36:30,895	***	  TR_As List of F1-scores: [0.5827216261998871, 0.5769020251778872, 0.5678610206297503, 0.5764192139737991, 0.566016713091922, 0.5706117781589479, 0.5589374654122856, 0.592959295929593, 0.5665529010238908, 0.526556253569389] 
2025-01-10 20:36:30,895	***	  TR_As list AUC: [0.60018205767626, 0.5993960924916066, 0.569052135690582, 0.5736605843311533, 0.5771155816969338, 0.6110944489506482, 0.5703406932861882, 0.6029529260912434, 0.5911935557509143, 0.5626162641034732] 
2025-01-10 20:36:30,895	***	  TR_As Mean Accuracy: 0.5735370929964443 
2025-01-10 20:36:30,895	***	  TR_As Mean Precision: 0.5753615672017118 
2025-01-10 20:36:30,895	***	  TR_As Mean Recall: 0.562298131517468 
2025-01-10 20:36:30,896	***	  TR_As Mean F1 Score: 0.5685538293167351 
2025-01-10 20:36:30,896	***	  TR_As Mean AUC: 0.5857604340069004 
2025-01-10 20:36:30,896	***	  TR_As Standard Deviation of Accuracy: 0.014712965871991652 
2025-01-10 20:36:30,896	***	  TR_As Standard Deviation of Precision: 0.015772650596989044 
2025-01-10 20:36:30,896	***	  TR_As Standard Deviation of Recall: 0.022921788627633697 
2025-01-10 20:36:30,896	***	  TR_As Standard Deviation of F1 Score: 0.016731217984759583 

2025-01-10 20:36:30,896	***	  TR_As Standard Deviation of AUC: 0.01623131353703169 
2025-01-10 20:36:30,936	***	Overall TS_Ar Results: SGDRegressor

2025-01-10 20:36:30,936	***	  TS_Ar List of Accuracies: [0.5803964757709251, 0.5831497797356828, 0.5495594713656388, 0.5925110132158591, 0.5702479338842975, 0.5790633608815428, 0.5432506887052342, 0.5840220385674931, 0.6055096418732783, 0.5757575757575758] 
2025-01-10 20:36:30,936	***	  TS_Ar List of Precisions: [0.5844907407407407, 0.5821545157780196, 0.5504484304932735, 0.5935412026726058, 0.5690968443960827, 0.5824682814302191, 0.5435267857142857, 0.5858585858585859, 0.6069042316258352, 0.5780542986425339] 
2025-01-10 20:36:30,936	***	  TS_Ar List of Recalls: [0.5561674008810573, 0.5892070484581498, 0.5407488986784141, 0.5870044052863436, 0.5766262403528115, 0.5567805953693495, 0.5369349503858876, 0.5748898678414097, 0.6002202643171806, 0.5627753303964758] 
2025-01-10 20:36:30,936	***	  TS_Ar List of F1-scores: [0.5699774266365688, 0.5856595511767926, 0.5455555555555556, 0.5902547065337763, 0.5728368017524644, 0.5693348365276212, 0.5402107598447031, 0.5803224013340744, 0.6035437430786267, 0.5703125] 
2025-01-10 20:36:30,936	***	  TS_Ar list AUC: [0.5918966746880399, 0.6021196801800928, 0.5464635205418308, 0.6074825583651924, 0.5831819572682367, 0.5868392677607838, 0.5564163214159086, 0.5943912739388699, 0.6075883121487793, 0.5703303721908407] 
2025-01-10 20:36:30,936	***	  TS_Ar Mean Accuracy: 0.5763467979757528 
2025-01-10 20:36:30,937	***	  TS_Ar Mean Precision: 0.5776543917352182 
2025-01-10 20:36:30,937	***	  TS_Ar Mean Recall: 0.568135500196708 
2025-01-10 20:36:30,937	***	  TS_Ar Mean F1 Score: 0.5728008282440182 
2025-01-10 20:36:30,937	***	  TS_Ar Mean AUC: 0.5846709938498574 
2025-01-10 20:36:30,937	***	  TS_Ar Standard Deviation of Accuracy: 0.017581750321126324 
2025-01-10 20:36:30,937	***	  TS_Ar Standard Deviation of Precision: 0.018010170394909424 
2025-01-10 20:36:30,937	***	  TS_Ar Standard Deviation of Recall: 0.019928855715105272 
2025-01-10 20:36:30,937	***	  TS_Ar Standard Deviation of F1 Score: 0.018172178476978725 

2025-01-10 20:36:30,937	***	  TS_Ar Standard Deviation of AUC: 0.01991841238422642 
2025-01-10 20:36:30,978	***	Overall TR_As Results: Classifier XGboost

2025-01-10 20:36:30,978	***	  TR_As List of Accuracies: [0.598568281938326, 0.5715859030837004, 0.572136563876652, 0.5688325991189427, 0.5768595041322314, 0.5922865013774105, 0.5493112947658402, 0.5911845730027548, 0.5713498622589531, 0.5542699724517907] 
2025-01-10 20:36:30,978	***	  TR_As List of Precisions: [0.6064209274673008, 0.5670103092783505, 0.5750286368843069, 0.5692137320044297, 0.5812865497076023, 0.5932960893854748, 0.5522914218566393, 0.5945330296127562, 0.5731981981981982, 0.5592814371257485] 
2025-01-10 20:36:30,978	***	  TR_As List of Recalls: [0.5616740088105727, 0.6057268722466961, 0.552863436123348, 0.566079295154185, 0.5479603087100331, 0.5854465270121278, 0.5181918412348401, 0.5748898678414097, 0.5605726872246696, 0.51431718061674] 
2025-01-10 20:36:30,978	***	  TR_As List of F1-scores: [0.5831903945111493, 0.5857294994675186, 0.5637282425603594, 0.567642186637217, 0.5641316685584563, 0.5893451720310765, 0.5346985210466438, 0.5845464725643896, 0.566815144766147, 0.5358577165806082] 
2025-01-10 20:36:30,979	***	  TR_As list AUC: [0.6245348493081566, 0.5946336043781172, 0.5998709464573347, 0.5783375623435347, 0.58702201186076, 0.6120008839714604, 0.5498557475144374, 0.5940567490249602, 0.5903757607254394, 0.5663968206169343] 
2025-01-10 20:36:30,979	***	  TR_As Mean Accuracy: 0.5746385056006602 
2025-01-10 20:36:30,979	***	  TR_As Mean Precision: 0.5771560331520807 
2025-01-10 20:36:30,979	***	  TR_As Mean Recall: 0.5587722024974623 
2025-01-10 20:36:30,979	***	  TR_As Mean F1 Score: 0.5675685018723565 
2025-01-10 20:36:30,979	***	  TR_As Mean AUC: 0.5897084936201135 
2025-01-10 20:36:30,979	***	  TR_As Standard Deviation of Accuracy: 0.015097144439883702 
2025-01-10 20:36:30,979	***	  TR_As Standard Deviation of Precision: 0.01599972761746314 
2025-01-10 20:36:30,979	***	  TR_As Standard Deviation of Recall: 0.026487583547566897 
2025-01-10 20:36:30,979	***	  TR_As Standard Deviation of F1 Score: 0.018572781562753913 

2025-01-10 20:36:30,979	***	  TR_As Standard Deviation of AUC: 0.02030985274417454 
2025-01-10 20:36:31,018	***	Overall TS_Ar Results: XGboost

2025-01-10 20:36:31,018	***	  TS_Ar List of Accuracies: [0.5969162995594713, 0.5870044052863436, 0.5649779735682819, 0.5974669603524229, 0.5713498622589531, 0.5917355371900826, 0.5515151515151515, 0.5994490358126722, 0.5977961432506887, 0.6088154269972452] 
2025-01-10 20:36:31,018	***	  TS_Ar List of Precisions: [0.5950323974082073, 0.5870044052863436, 0.5646929824561403, 0.594855305466238, 0.5704918032786885, 0.5962877030162413, 0.5527809307604994, 0.5997794928335171, 0.5982339955849889, 0.6125] 
2025-01-10 20:36:31,018	***	  TS_Ar List of Recalls: [0.6068281938325991, 0.5870044052863436, 0.5671806167400881, 0.6112334801762115, 0.5755237045203969, 0.5667034178610805, 0.5369349503858876, 0.5991189427312775, 0.5969162995594713, 0.5936123348017621] 
2025-01-10 20:36:31,018	***	  TS_Ar List of F1-scores: [0.6008724100327154, 0.5870044052863436, 0.5659340659340659, 0.6029331884845193, 0.5729967069154775, 0.58111927642736, 0.5447427293064876, 0.5994490358126721, 0.5975744211686879, 0.6029082774049217] 
2025-01-10 20:36:31,018	***	  TS_Ar list AUC: [0.6117137922334996, 0.6050664431679249, 0.5611500320208038, 0.6068700392012265, 0.5810212056010764, 0.6091838320648504, 0.5607396461199966, 0.6093805399997085, 0.6173004628707701, 0.6225284012259032] 
2025-01-10 20:36:31,018	***	  TS_Ar Mean Accuracy: 0.5867026795791312 
2025-01-10 20:36:31,018	***	  TS_Ar Mean Precision: 0.5871659016090864 
2025-01-10 20:36:31,018	***	  TS_Ar Mean Recall: 0.5841056345895119 
2025-01-10 20:36:31,018	***	  TS_Ar Mean F1 Score: 0.5855534516773251 
2025-01-10 20:36:31,018	***	  TS_Ar Mean AUC: 0.598495439450576 
2025-01-10 20:36:31,018	***	  TS_Ar Standard Deviation of Accuracy: 0.017221935378531984 
2025-01-10 20:36:31,018	***	  TS_Ar Standard Deviation of Precision: 0.01758706294288942 
2025-01-10 20:36:31,018	***	  TS_Ar Standard Deviation of Recall: 0.021514050831393492 
2025-01-10 20:36:31,018	***	  TS_Ar Standard Deviation of F1 Score: 0.018453674570396657 

2025-01-10 20:36:31,019	***	  TS_Ar Standard Deviation of AUC: 0.02139510318751683 
2025-01-10 20:36:31,056	***	Comparative Metrics:
2025-01-10 20:36:31,056	***		Mean Squared Error
2025-01-10 20:36:31,056	***			 false
2025-01-10 20:36:31,056	***			Mean Squared Error - List     : [0.0379063, 0.035926897, 0.034513034, 0.038925763, 0.037881047, 0.034618136, 0.035318393, 0.0394529, 0.03543014, 0.037732054]
2025-01-10 20:36:31,056	***			Mean Squared Error - Mean    : 0.03677046671509743
2025-01-10 20:36:31,057	***			Mean Squared Error - Std. Dev.  : 0.0017214538529515266

2025-01-10 20:36:31,057	***			 positive
2025-01-10 20:36:31,057	***			Mean Squared Error - List     : [0.03353822, 0.03338195, 0.03338195, 0.03519764, 0.03573557, 0.035214104, 0.036130395, 0.035072558, 0.034379747, 0.03690515]
2025-01-10 20:36:31,057	***			Mean Squared Error - Mean    : 0.03489372879266739
2025-01-10 20:36:31,057	***			Mean Squared Error - Std. Dev.  : 0.0011481887195259333

2025-01-10 20:36:31,057	***		Cosine Similarity
2025-01-10 20:36:31,057	***			 false
2025-01-10 20:36:31,057	***			Cosine Similarity - List     : [0.5146231322102085, 0.5273306553092034, 0.0, 0.4112390908310067, 0.3280883563852888, 0.5205600163113847, 0.3798860771193394, 0.49357086732211425, 0.5120764791209748, 0.4967338516979654]
2025-01-10 20:36:31,057	***			Cosine Similarity - Mean    : 0.4184108526307487
2025-01-10 20:36:31,057	***			Cosine Similarity - Std. Dev.  : 0.15390676879132284

2025-01-10 20:36:31,057	***			 positive
2025-01-10 20:36:31,057	***			Cosine Similarity - List     : [0.4323521011431049, 0.0, 0.4514394743523934, 0.38930038119859106, 0.41746307549692174, 0.40214522281515824, 0.38024651174574203, 0.4301075660834107, 0.2883586232214673, 0.2645312725610481]
2025-01-10 20:36:31,057	***			Cosine Similarity - Mean    : 0.34559442286178377
2025-01-10 20:36:31,057	***			Cosine Similarity - Std. Dev.  : 0.1290849687293013

2025-01-10 20:36:31,057	***		Max Mean Discrepancy
2025-01-10 20:36:31,058	***			 false
2025-01-10 20:36:31,058	***			Max Mean Discrepancy - List     : [0.012657919, 0.010079279, 0.012650645, 0.019029332, 0.017585875, 0.011447167, 0.0078538945, 0.03584275, 0.0141858775, 0.009375809]
2025-01-10 20:36:31,058	***			Max Mean Discrepancy - Mean    : 0.015070855617523193
2025-01-10 20:36:31,058	***			Max Mean Discrepancy - Std. Dev.  : 0.007671338506042957

2025-01-10 20:36:31,058	***			 positive
2025-01-10 20:36:31,058	***			Max Mean Discrepancy - List     : [0.010917396, 0.01907664, 0.008381206, 0.012131517, 0.008342561, 0.015942402, 0.010147711, 0.03976665, 0.009516817, 0.012343054]
2025-01-10 20:36:31,058	***			Max Mean Discrepancy - Mean    : 0.014656594023108482
2025-01-10 20:36:31,058	***			Max Mean Discrepancy - Std. Dev.  : 0.00896331388503313

2025-01-10 20:36:31,059	***	  P_value of accuracy  0.02734375 and stats 6.0 of RandomForest 

2025-01-10 20:36:31,059	***	  P_value of precision  0.232421875 and stats 15.0 of RandomForest 

2025-01-10 20:36:31,060	***	  P_value of F1 score  0.001953125 and stats 0.0 of RandomForest 

2025-01-10 20:36:31,060	***	  P_value of recall  0.001953125 and stats 0.0 of RandomForest 

2025-01-10 20:36:31,060	***	  P_value of auc  0.16015625 and stats 13.0 of RandomForest 

2025-01-10 20:36:31,061	***	  P_value of accuracy  0.193359375 and stats 14.0 of SupportVectorMachine 

2025-01-10 20:36:31,061	***	  P_value of precision  0.845703125 and stats 25.0 of SupportVectorMachine 

2025-01-10 20:36:31,062	***	  P_value of F1 score  0.02734375 and stats 6.0 of SupportVectorMachine 

2025-01-10 20:36:31,062	***	  P_value of recall  0.009765625 and stats 3.0 of SupportVectorMachine 

2025-01-10 20:36:31,063	***	  P_value of auc  0.322265625 and stats 17.0 of SupportVectorMachine 

2025-01-10 20:36:31,063	***	  P_value of accuracy  0.048828125 and stats 8.0 of DecisionTree 

2025-01-10 20:36:31,064	***	  P_value of precision  0.193359375 and stats 14.0 of DecisionTree 

2025-01-10 20:36:31,064	***	  P_value of F1 score  0.001953125 and stats 0.0 of DecisionTree 

2025-01-10 20:36:31,065	***	  P_value of recall  0.001953125 and stats 0.0 of DecisionTree 

2025-01-10 20:36:31,065	***	  P_value of auc  0.193359375 and stats 14.0 of DecisionTree 

2025-01-10 20:36:31,066	***	  P_value of accuracy  0.921875 and stats 26.0 of AdaBoost 

2025-01-10 20:36:31,066	***	  P_value of precision  0.556640625 and stats 21.0 of AdaBoost 

2025-01-10 20:36:31,067	***	  P_value of F1 score  0.4921875 and stats 20.0 of AdaBoost 

2025-01-10 20:36:31,067	***	  P_value of recall  0.193359375 and stats 14.0 of AdaBoost 

2025-01-10 20:36:31,067	***	  P_value of auc  0.845703125 and stats 25.0 of AdaBoost 

2025-01-10 20:36:31,068	***	  P_value of accuracy  0.921875 and stats 26.0 of Perceptron 

2025-01-10 20:36:31,068	***	  P_value of precision  0.193359375 and stats 14.0 of Perceptron 

2025-01-10 20:36:31,069	***	  P_value of F1 score  0.556640625 and stats 21.0 of Perceptron 

2025-01-10 20:36:31,069	***	  P_value of recall  0.375 and stats 18.0 of Perceptron 

2025-01-10 20:36:31,070	***	  P_value of auc  0.921875 and stats 26.0 of Perceptron 

2025-01-10 20:36:31,070	***	  P_value of accuracy  0.76953125 and stats 24.0 of SGDRegressor 

2025-01-10 20:36:31,071	***	  P_value of precision  0.845703125 and stats 25.0 of SGDRegressor 

2025-01-10 20:36:31,071	***	  P_value of F1 score  0.845703125 and stats 25.0 of SGDRegressor 

2025-01-10 20:36:31,072	***	  P_value of recall  0.845703125 and stats 25.0 of SGDRegressor 

2025-01-10 20:36:31,072	***	  P_value of auc  0.6953125 and stats 23.0 of SGDRegressor 

2025-01-10 20:36:31,073	***	  P_value of accuracy  0.130859375 and stats 12.0 of XGboost 

2025-01-10 20:36:31,073	***	  P_value of precision  0.232421875 and stats 15.0 of XGboost 

2025-01-10 20:36:31,073	***	  P_value of F1 score  0.009765625 and stats 3.0 of XGboost 

2025-01-10 20:36:31,074	***	  P_value of recall  0.01953125 and stats 5.0 of XGboost 

2025-01-10 20:36:31,074	***	  P_value of auc  0.322265625 and stats 17.0 of XGboost 

