2025-01-18 23:19:57,694	***	   TS_Ar Fold 10 - Confusion Matrix:
2025-01-18 23:19:57,694	***	[[912  88]
 [ 91 909]]
2025-01-18 23:19:57,694	***	
   Classifier Metrics:
2025-01-18 23:19:57,694	***	     TS_Ar Fold 10 - Accuracy: 0.9105
2025-01-18 23:19:57,694	***	     TS_Ar Fold 10 - Precision: 0.9117352056168505
2025-01-18 23:19:57,695	***	     TS_Ar Fold 10 - Recall: 0.909
2025-01-18 23:19:57,695	***	     TS_Ar Fold 10 - F1 Score: 0.9103655483224836

2025-01-18 23:19:57,695	***	
2025-01-18 23:19:59,050	***	 Classifier Model: SupportVectorMachine
2025-01-18 23:19:59,050	***	   TS_Ar Fold 10 - Confusion Matrix:
2025-01-18 23:19:59,050	***	[[920  80]
 [ 99 901]]
2025-01-18 23:19:59,050	***	
   Classifier Metrics:
2025-01-18 23:19:59,050	***	     TS_Ar Fold 10 - Accuracy: 0.9105
2025-01-18 23:19:59,051	***	     TS_Ar Fold 10 - Precision: 0.9184505606523955
2025-01-18 23:19:59,051	***	     TS_Ar Fold 10 - Recall: 0.901
2025-01-18 23:19:59,051	***	     TS_Ar Fold 10 - F1 Score: 0.9096415951539627

2025-01-18 23:19:59,051	***	
2025-01-18 23:19:59,304	***	 Classifier Model: DecisionTree
2025-01-18 23:19:59,304	***	   TS_Ar Fold 10 - Confusion Matrix:
2025-01-18 23:19:59,304	***	[[875 125]
 [150 850]]
2025-01-18 23:19:59,305	***	
   Classifier Metrics:
2025-01-18 23:19:59,305	***	     TS_Ar Fold 10 - Accuracy: 0.8625
2025-01-18 23:19:59,305	***	     TS_Ar Fold 10 - Precision: 0.8717948717948718
2025-01-18 23:19:59,305	***	     TS_Ar Fold 10 - Recall: 0.85
2025-01-18 23:19:59,305	***	     TS_Ar Fold 10 - F1 Score: 0.8607594936708861

2025-01-18 23:19:59,305	***	
2025-01-18 23:19:59,578	***	 Classifier Model: AdaBoost
2025-01-18 23:19:59,578	***	   TS_Ar Fold 10 - Confusion Matrix:
2025-01-18 23:19:59,578	***	[[931  69]
 [103 897]]
2025-01-18 23:19:59,578	***	
   Classifier Metrics:
2025-01-18 23:19:59,578	***	     TS_Ar Fold 10 - Accuracy: 0.914
2025-01-18 23:19:59,578	***	     TS_Ar Fold 10 - Precision: 0.9285714285714286
2025-01-18 23:19:59,578	***	     TS_Ar Fold 10 - Recall: 0.897
2025-01-18 23:19:59,578	***	     TS_Ar Fold 10 - F1 Score: 0.9125127161749745

2025-01-18 23:19:59,578	***	
2025-01-18 23:19:59,976	***	 Classifier Model: Perceptron
2025-01-18 23:19:59,976	***	   TS_Ar Fold 10 - Confusion Matrix:
2025-01-18 23:19:59,976	***	[[924  76]
 [ 99 901]]
2025-01-18 23:19:59,976	***	
   Classifier Metrics:
2025-01-18 23:19:59,976	***	     TS_Ar Fold 10 - Accuracy: 0.9125
2025-01-18 23:19:59,976	***	     TS_Ar Fold 10 - Precision: 0.9222108495394064
2025-01-18 23:19:59,976	***	     TS_Ar Fold 10 - Recall: 0.901
2025-01-18 23:19:59,976	***	     TS_Ar Fold 10 - F1 Score: 0.911482043500253

2025-01-18 23:19:59,977	***	
2025-01-18 23:20:00,238	***	 Classifier Model: SGDRegressor
2025-01-18 23:20:00,238	***	   TS_Ar Fold 10 - Confusion Matrix:
2025-01-18 23:20:00,238	***	[[957  43]
 [251 749]]
2025-01-18 23:20:00,239	***	
   Classifier Metrics:
2025-01-18 23:20:00,239	***	     TS_Ar Fold 10 - Accuracy: 0.853
2025-01-18 23:20:00,239	***	     TS_Ar Fold 10 - Precision: 0.9457070707070707
2025-01-18 23:20:00,239	***	     TS_Ar Fold 10 - Recall: 0.749
2025-01-18 23:20:00,239	***	     TS_Ar Fold 10 - F1 Score: 0.8359375

2025-01-18 23:20:00,239	***	
2025-01-18 23:20:00,479	***	 Classifier Model: XGboost
2025-01-18 23:20:00,479	***	   TS_Ar Fold 10 - Confusion Matrix:
2025-01-18 23:20:00,479	***	[[906  94]
 [ 90 910]]
2025-01-18 23:20:00,479	***	
   Classifier Metrics:
2025-01-18 23:20:00,479	***	     TS_Ar Fold 10 - Accuracy: 0.908
2025-01-18 23:20:00,479	***	     TS_Ar Fold 10 - Precision: 0.9063745019920318
2025-01-18 23:20:00,479	***	     TS_Ar Fold 10 - Recall: 0.91
2025-01-18 23:20:00,479	***	     TS_Ar Fold 10 - F1 Score: 0.908183632734531

2025-01-18 23:20:00,479	***	
2025-01-18 23:20:00,740	***	Similarity Metrics
2025-01-18 23:20:00,741	***	  Synthetic Fold 10 falses - Mean Squared Error: 0.105450004
2025-01-18 23:20:00,741	***	  Synthetic Fold 10 falses - Cosine Similarity: 0.6429859305098653
2025-01-18 23:20:00,741	***	  Synthetic Fold 10 falses - Maximum Mean Discrepancy: 0.09135998
2025-01-18 23:20:00,741	***	
2025-01-18 23:20:00,743	***	Similarity Metrics
2025-01-18 23:20:00,743	***	  Synthetic Fold 10 true - Mean Squared Error: 0.161605
2025-01-18 23:20:00,743	***	  Synthetic Fold 10 true - Cosine Similarity: 0.7383670638501644
2025-01-18 23:20:00,743	***	  Synthetic Fold 10 true - Maximum Mean Discrepancy: 0.19012499
2025-01-18 23:20:00,743	***	
2025-01-18 23:20:00,743	***	Overall TR_As Results: Classifier RandomForest

2025-01-18 23:20:00,743	***	  TR_As List of Accuracies: [0.922, 0.908, 0.9465, 0.9215, 0.917, 0.9255, 0.9045, 0.929, 0.927, 0.8985] 
2025-01-18 23:20:00,743	***	  TR_As List of Precisions: [0.9773755656108597, 0.9434782608695652, 0.9785637727759914, 0.9586507072905331, 0.9532608695652174, 0.9400206825232679, 0.9591373439273553, 0.9693654266958425, 0.9591397849462365, 0.9129533678756476] 
2025-01-18 23:20:00,743	***	  TR_As List of Recalls: [0.864, 0.868, 0.913, 0.881, 0.877, 0.909, 0.845, 0.886, 0.892, 0.881] 
2025-01-18 23:20:00,743	***	  TR_As List of F1-scores: [0.9171974522292994, 0.9041666666666667, 0.9446456285566478, 0.918186555497655, 0.9135416666666667, 0.9242501270971022, 0.8984582668793195, 0.9258098223615465, 0.9243523316062177, 0.8966921119592874] 
2025-01-18 23:20:00,743	***	  TR_As list AUC: [0.9790765, 0.9706834999999999, 0.98993, 0.9745185, 0.9685215, 0.9828145, 0.964992, 0.9805015000000001, 0.9793415, 0.9638994999999999] 
2025-01-18 23:20:00,744	***	  TR_As Mean Accuracy: 0.91995 
2025-01-18 23:20:00,744	***	  TR_As Mean Precision: 0.9551945782080518 
2025-01-18 23:20:00,744	***	  TR_As Mean Recall: 0.8815999999999999 
2025-01-18 23:20:00,744	***	  TR_As Mean F1 Score: 0.9167300629520408 
2025-01-18 23:20:00,744	***	  TR_As Mean AUC: 0.9754279 
2025-01-18 23:20:00,744	***	  TR_As Standard Deviation of Accuracy: 0.013130974830529541 
2025-01-18 23:20:00,744	***	  TR_As Standard Deviation of Precision: 0.018540662262797877 
2025-01-18 23:20:00,744	***	  TR_As Standard Deviation of Recall: 0.019288338445807112 
2025-01-18 23:20:00,744	***	  TR_As Standard Deviation of F1 Score: 0.013718942416312104 

2025-01-18 23:20:00,744	***	  TR_As Standard Deviation of AUC: 0.007950405297216013 
2025-01-18 23:20:00,815	***	Overall TS_Ar Results: RandomForest

2025-01-18 23:20:00,816	***	  TS_Ar List of Accuracies: [0.9175, 0.905, 0.912, 0.907, 0.8835, 0.903, 0.9115, 0.8965, 0.9, 0.9105] 
2025-01-18 23:20:00,816	***	  TS_Ar List of Precisions: [0.9238578680203046, 0.900990099009901, 0.907920792079208, 0.907, 0.8823529411764706, 0.9352051835853131, 0.917766497461929, 0.8921859545004945, 0.9228329809725159, 0.9117352056168505] 
2025-01-18 23:20:00,816	***	  TS_Ar List of Recalls: [0.91, 0.91, 0.917, 0.907, 0.885, 0.866, 0.904, 0.902, 0.873, 0.909] 
2025-01-18 23:20:00,816	***	  TS_Ar List of F1-scores: [0.9168765743073047, 0.9054726368159204, 0.9124378109452737, 0.907, 0.8836744882675986, 0.8992731048805815, 0.910831234256927, 0.8970661362506216, 0.8972250770811921, 0.9103655483224836] 
2025-01-18 23:20:00,816	***	  TS_Ar list AUC: [0.9737765, 0.9642755000000001, 0.9689795000000001, 0.9674825, 0.959188, 0.963022, 0.966113, 0.9572955, 0.9620695000000001, 0.9702419999999999] 
2025-01-18 23:20:00,816	***	  TS_Ar Mean Accuracy: 0.90465 
2025-01-18 23:20:00,816	***	  TS_Ar Mean Precision: 0.9101847522422986 
2025-01-18 23:20:00,816	***	  TS_Ar Mean Recall: 0.8983000000000001 
2025-01-18 23:20:00,816	***	  TS_Ar Mean F1 Score: 0.9040222611127904 
2025-01-18 23:20:00,816	***	  TS_Ar Mean AUC: 0.9652444000000001 
2025-01-18 23:20:00,816	***	  TS_Ar Standard Deviation of Accuracy: 0.009187083323884692 
2025-01-18 23:20:00,816	***	  TS_Ar Standard Deviation of Precision: 0.014937258027517785 
2025-01-18 23:20:00,816	***	  TS_Ar Standard Deviation of Recall: 0.016492725669215516 
2025-01-18 23:20:00,816	***	  TS_Ar Standard Deviation of F1 Score: 0.009299465047428719 

2025-01-18 23:20:00,816	***	  TS_Ar Standard Deviation of AUC: 0.004830218182442693 
2025-01-18 23:20:00,865	***	Overall TR_As Results: Classifier SupportVectorMachine

2025-01-18 23:20:00,865	***	  TR_As List of Accuracies: [0.936, 0.933, 0.9615, 0.9205, 0.9215, 0.9355, 0.922, 0.9475, 0.94, 0.916] 
2025-01-18 23:20:00,865	***	  TR_As List of Precisions: [0.9718614718614719, 0.9586864406779662, 0.9782383419689119, 0.9348500517063082, 0.9358841778697001, 0.943031536113937, 0.9720357941834452, 0.9685863874345549, 0.9690831556503199, 0.9126984126984127] 
2025-01-18 23:20:00,865	***	  TR_As List of Recalls: [0.898, 0.905, 0.944, 0.904, 0.905, 0.927, 0.869, 0.925, 0.909, 0.92] 
2025-01-18 23:20:00,865	***	  TR_As List of F1-scores: [0.9334719334719336, 0.9310699588477367, 0.9608142493638676, 0.9191662430096594, 0.920183019827148, 0.9349470499243571, 0.9176346356916579, 0.9462915601023018, 0.9380804953560372, 0.9163346613545816] 
2025-01-18 23:20:00,866	***	  TR_As list AUC: [0.9846469999999999, 0.982466, 0.9938345, 0.9793464999999999, 0.9721584999999999, 0.9833455, 0.9740930000000001, 0.9903550000000001, 0.9859465000000001, 0.9749639999999999] 
2025-01-18 23:20:00,866	***	  TR_As Mean Accuracy: 0.9333500000000001 
2025-01-18 23:20:00,866	***	  TR_As Mean Precision: 0.9544955770165029 
2025-01-18 23:20:00,866	***	  TR_As Mean Recall: 0.9106 
2025-01-18 23:20:00,866	***	  TR_As Mean F1 Score: 0.9317993806949281 
2025-01-18 23:20:00,866	***	  TR_As Mean AUC: 0.9821156500000001 
2025-01-18 23:20:00,866	***	  TR_As Standard Deviation of Accuracy: 0.013356739871690244 
2025-01-18 23:20:00,866	***	  TR_As Standard Deviation of Precision: 0.02052467334269625 
2025-01-18 23:20:00,866	***	  TR_As Standard Deviation of Recall: 0.01917915535157896 
2025-01-18 23:20:00,866	***	  TR_As Standard Deviation of F1 Score: 0.013560638379910575 

2025-01-18 23:20:00,866	***	  TR_As Standard Deviation of AUC: 0.006710132584569413 
2025-01-18 23:20:00,910	***	Overall TS_Ar Results: SupportVectorMachine

2025-01-18 23:20:00,910	***	  TS_Ar List of Accuracies: [0.9255, 0.9155, 0.9105, 0.913, 0.8975, 0.9115, 0.9115, 0.9095, 0.9035, 0.9105] 
2025-01-18 23:20:00,910	***	  TS_Ar List of Precisions: [0.9250749250749251, 0.9142572283150548, 0.9068384539147671, 0.9121756487025948, 0.9206349206349206, 0.9317943336831059, 0.9152371342078708, 0.920863309352518, 0.9287991498405951, 0.9184505606523955] 
2025-01-18 23:20:00,910	***	  TS_Ar List of Recalls: [0.926, 0.917, 0.915, 0.914, 0.87, 0.888, 0.907, 0.896, 0.874, 0.901] 
2025-01-18 23:20:00,910	***	  TS_Ar List of F1-scores: [0.9255372313843079, 0.9156265601597604, 0.9109009457441514, 0.913086913086913, 0.8946015424164524, 0.9093701996927803, 0.9110999497739829, 0.9082615306639635, 0.9005667181865018, 0.9096415951539627] 
2025-01-18 23:20:00,910	***	  TS_Ar list AUC: [0.9745020000000001, 0.961925, 0.9673039999999999, 0.969465, 0.9549799999999999, 0.9708229999999999, 0.970385, 0.960412, 0.9584155000000001, 0.9721165] 
2025-01-18 23:20:00,910	***	  TS_Ar Mean Accuracy: 0.9108500000000002 
2025-01-18 23:20:00,910	***	  TS_Ar Mean Precision: 0.9194125664378747 
2025-01-18 23:20:00,910	***	  TS_Ar Mean Recall: 0.9008 
2025-01-18 23:20:00,910	***	  TS_Ar Mean F1 Score: 0.9098693186262776 
2025-01-18 23:20:00,910	***	  TS_Ar Mean AUC: 0.9660328000000001 
2025-01-18 23:20:00,910	***	  TS_Ar Standard Deviation of Accuracy: 0.00689945650033393 
2025-01-18 23:20:00,911	***	  TS_Ar Standard Deviation of Precision: 0.0072972303161099325 
2025-01-18 23:20:00,911	***	  TS_Ar Standard Deviation of Recall: 0.017792133093027393 
2025-01-18 23:20:00,911	***	  TS_Ar Standard Deviation of F1 Score: 0.007836391178789226 

2025-01-18 23:20:00,911	***	  TS_Ar Standard Deviation of AUC: 0.006266397865600306 
2025-01-18 23:20:00,955	***	Overall TR_As Results: Classifier DecisionTree

2025-01-18 23:20:00,955	***	  TR_As List of Accuracies: [0.86, 0.8425, 0.887, 0.8585, 0.848, 0.8845, 0.857, 0.8535, 0.863, 0.8615] 
2025-01-18 23:20:00,955	***	  TR_As List of Precisions: [0.9205607476635514, 0.8726877040261154, 0.9252747252747253, 0.8892508143322475, 0.8918918918918919, 0.9147788565264293, 0.9038461538461539, 0.9058553386911596, 0.8903225806451613, 0.8793284365162645] 
2025-01-18 23:20:00,955	***	  TR_As List of Recalls: [0.788, 0.802, 0.842, 0.819, 0.792, 0.848, 0.799, 0.789, 0.828, 0.838] 
2025-01-18 23:20:00,955	***	  TR_As List of F1-scores: [0.8491379310344829, 0.835852006253257, 0.8816753926701572, 0.8526808953669963, 0.8389830508474576, 0.8801245459263103, 0.8481953290870489, 0.8433992517370391, 0.8580310880829015, 0.8581669226830517] 
2025-01-18 23:20:00,955	***	  TR_As list AUC: [0.8559720000000001, 0.843159, 0.885077, 0.8565054999999999, 0.841656, 0.8811815, 0.8551570000000001, 0.852522, 0.860769, 0.8581215] 
2025-01-18 23:20:00,955	***	  TR_As Mean Accuracy: 0.8615499999999999 
2025-01-18 23:20:00,955	***	  TR_As Mean Precision: 0.89937972494137 
2025-01-18 23:20:00,955	***	  TR_As Mean Recall: 0.8145000000000001 
2025-01-18 23:20:00,955	***	  TR_As Mean F1 Score: 0.8546246413688703 
2025-01-18 23:20:00,955	***	  TR_As Mean AUC: 0.8590120499999999 
2025-01-18 23:20:00,955	***	  TR_As Standard Deviation of Accuracy: 0.013491571442941691 
2025-01-18 23:20:00,956	***	  TR_As Standard Deviation of Precision: 0.016653573384556 
2025-01-18 23:20:00,956	***	  TR_As Standard Deviation of Recall: 0.022109952510125357 
2025-01-18 23:20:00,956	***	  TR_As Standard Deviation of F1 Score: 0.014847352172583967 

2025-01-18 23:20:00,956	***	  TR_As Standard Deviation of AUC: 0.013415679657494059 
2025-01-18 23:20:01,000	***	Overall TS_Ar Results: DecisionTree

2025-01-18 23:20:01,000	***	  TS_Ar List of Accuracies: [0.878, 0.8675, 0.865, 0.8595, 0.836, 0.8545, 0.8625, 0.8475, 0.8455, 0.8625] 
2025-01-18 23:20:01,000	***	  TS_Ar List of Precisions: [0.8865030674846626, 0.8730964467005076, 0.8443396226415094, 0.8672114402451481, 0.8333333333333334, 0.8591691995947315, 0.8748707342295761, 0.8403525954946132, 0.8595213319458896, 0.8717948717948718] 
2025-01-18 23:20:01,000	***	  TS_Ar List of Recalls: [0.867, 0.86, 0.895, 0.849, 0.84, 0.848, 0.846, 0.858, 0.826, 0.85] 
2025-01-18 23:20:01,000	***	  TS_Ar List of F1-scores: [0.8766430738119312, 0.8664987405541562, 0.8689320388349514, 0.8580090955027792, 0.8366533864541832, 0.8535480624056367, 0.8601931875953229, 0.8490846115784266, 0.8424273329933707, 0.8607594936708861] 
2025-01-18 23:20:01,000	***	  TS_Ar list AUC: [0.8784855, 0.8681394999999998, 0.8649435000000001, 0.859163, 0.8347555, 0.8535074999999999, 0.8623234999999999, 0.8469769999999999, 0.8455849999999999, 0.8635165] 
2025-01-18 23:20:01,000	***	  TS_Ar Mean Accuracy: 0.85785 
2025-01-18 23:20:01,000	***	  TS_Ar Mean Precision: 0.8610192643464842 
2025-01-18 23:20:01,000	***	  TS_Ar Mean Recall: 0.8539 
2025-01-18 23:20:01,001	***	  TS_Ar Mean F1 Score: 0.8572749023401643 
2025-01-18 23:20:01,001	***	  TS_Ar Mean AUC: 0.8577396499999999 
2025-01-18 23:20:01,001	***	  TS_Ar Standard Deviation of Accuracy: 0.011595365453490467 
2025-01-18 23:20:01,001	***	  TS_Ar Standard Deviation of Precision: 0.016183638336691508 
2025-01-18 23:20:01,001	***	  TS_Ar Standard Deviation of Recall: 0.0173864890072723 
2025-01-18 23:20:01,001	***	  TS_Ar Standard Deviation of F1 Score: 0.0115929259705711 

2025-01-18 23:20:01,001	***	  TS_Ar Standard Deviation of AUC: 0.012068987635775444 
2025-01-18 23:20:01,043	***	Overall TR_As Results: Classifier AdaBoost

2025-01-18 23:20:01,043	***	  TR_As List of Accuracies: [0.9295, 0.926, 0.945, 0.9165, 0.9145, 0.9215, 0.92, 0.9355, 0.937, 0.925] 
2025-01-18 23:20:01,043	***	  TR_As List of Precisions: [0.9633225458468176, 0.9355828220858896, 0.9654811715481172, 0.9454545454545454, 0.9304257528556594, 0.9227683049147443, 0.9838709677419355, 0.958904109589041, 0.9571129707112971, 0.9390495867768595] 
2025-01-18 23:20:01,043	***	  TR_As List of Recalls: [0.893, 0.915, 0.923, 0.884, 0.896, 0.92, 0.854, 0.91, 0.915, 0.909] 
2025-01-18 23:20:01,043	***	  TR_As List of F1-scores: [0.9268292682926829, 0.9251769464105156, 0.9437627811860941, 0.9136950904392764, 0.912888436067244, 0.9213820731096646, 0.9143468950749465, 0.9338122113904567, 0.9355828220858896, 0.923780487804878] 
2025-01-18 23:20:01,043	***	  TR_As list AUC: [0.9808675, 0.977042, 0.9861055, 0.9748330000000001, 0.9678175000000001, 0.978713, 0.9738649999999999, 0.9827000000000001, 0.982638, 0.975848] 
2025-01-18 23:20:01,044	***	  TR_As Mean Accuracy: 0.92705 
2025-01-18 23:20:01,044	***	  TR_As Mean Precision: 0.9501972777524905 
2025-01-18 23:20:01,044	***	  TR_As Mean Recall: 0.9019 
2025-01-18 23:20:01,044	***	  TR_As Mean F1 Score: 0.9251257011861649 
2025-01-18 23:20:01,044	***	  TR_As Mean AUC: 0.9780429500000001 
2025-01-18 23:20:01,044	***	  TR_As Standard Deviation of Accuracy: 0.009237017917055263 
2025-01-18 23:20:01,044	***	  TR_As Standard Deviation of Precision: 0.01779615628496411 
2025-01-18 23:20:01,044	***	  TR_As Standard Deviation of Recall: 0.0199020099487464 
2025-01-18 23:20:01,044	***	  TR_As Standard Deviation of F1 Score: 0.009733801343571533 

2025-01-18 23:20:01,044	***	  TR_As Standard Deviation of AUC: 0.005043539835522261 
2025-01-18 23:20:01,087	***	Overall TS_Ar Results: AdaBoost

2025-01-18 23:20:01,087	***	  TS_Ar List of Accuracies: [0.9135, 0.8855, 0.903, 0.882, 0.8835, 0.8895, 0.8975, 0.902, 0.8795, 0.914] 
2025-01-18 23:20:01,087	***	  TS_Ar List of Precisions: [0.9106256206554121, 0.8688995215311005, 0.8838095238095238, 0.8680154142581888, 0.8965873836608066, 0.9027921406411582, 0.8963110667996012, 0.9205020920502092, 0.9015873015873016, 0.9285714285714286] 
2025-01-18 23:20:01,087	***	  TS_Ar List of Recalls: [0.917, 0.908, 0.928, 0.901, 0.867, 0.873, 0.899, 0.88, 0.852, 0.897] 
2025-01-18 23:20:01,087	***	  TS_Ar List of F1-scores: [0.9138016940707523, 0.8880195599022005, 0.9053658536585366, 0.8842001962708538, 0.8815455007625826, 0.887646161667514, 0.8976535197204194, 0.899795501022495, 0.8760925449871465, 0.9125127161749745] 
2025-01-18 23:20:01,088	***	  TS_Ar list AUC: [0.965025, 0.9475495, 0.9614265000000001, 0.955962, 0.928254, 0.9405049999999999, 0.9513775, 0.951552, 0.9363324999999999, 0.9692884999999999] 
2025-01-18 23:20:01,088	***	  TS_Ar Mean Accuracy: 0.8949999999999999 
2025-01-18 23:20:01,088	***	  TS_Ar Mean Precision: 0.897770149356473 
2025-01-18 23:20:01,088	***	  TS_Ar Mean Recall: 0.8922000000000001 
2025-01-18 23:20:01,088	***	  TS_Ar Mean F1 Score: 0.8946633248237476 
2025-01-18 23:20:01,088	***	  TS_Ar Mean AUC: 0.9507272499999999 
2025-01-18 23:20:01,088	***	  TS_Ar Standard Deviation of Accuracy: 0.01218400590938795 
2025-01-18 23:20:01,088	***	  TS_Ar Standard Deviation of Precision: 0.018941485010168974 
2025-01-18 23:20:01,088	***	  TS_Ar Standard Deviation of Recall: 0.02249799991110323 
2025-01-18 23:20:01,088	***	  TS_Ar Standard Deviation of F1 Score: 0.012468003018150353 

2025-01-18 23:20:01,088	***	  TS_Ar Standard Deviation of AUC: 0.012323853032331246 
2025-01-18 23:20:01,133	***	Overall TR_As Results: Classifier Perceptron

2025-01-18 23:20:01,133	***	  TR_As List of Accuracies: [0.9295, 0.923, 0.957, 0.919, 0.9245, 0.9295, 0.906, 0.9445, 0.9335, 0.9215] 
2025-01-18 23:20:01,133	***	  TR_As List of Precisions: [0.97669256381798, 0.9334016393442623, 0.9721074380165289, 0.9355509355509356, 0.9232303090727817, 0.9165858389912707, 0.9765258215962441, 0.9774436090225563, 0.9437052200614124, 0.9072463768115943] 
2025-01-18 23:20:01,133	***	  TR_As List of Recalls: [0.88, 0.911, 0.941, 0.9, 0.926, 0.945, 0.832, 0.91, 0.922, 0.939] 
2025-01-18 23:20:01,133	***	  TR_As List of F1-scores: [0.9258285113098369, 0.9220647773279353, 0.95630081300813, 0.9174311926605505, 0.9246130803794309, 0.930576070901034, 0.8984881209503239, 0.9425168306576903, 0.9327263530601922, 0.9228501228501228] 
2025-01-18 23:20:01,133	***	  TR_As list AUC: [0.9295, 0.923, 0.9569999999999999, 0.9189999999999999, 0.9245000000000001, 0.9294999999999999, 0.9059999999999999, 0.9445, 0.9335, 0.9215000000000001] 
2025-01-18 23:20:01,134	***	  TR_As Mean Accuracy: 0.9288000000000001 
2025-01-18 23:20:01,134	***	  TR_As Mean Precision: 0.9462489752285567 
2025-01-18 23:20:01,134	***	  TR_As Mean Recall: 0.9106 
2025-01-18 23:20:01,134	***	  TR_As Mean F1 Score: 0.9273395873105248 
2025-01-18 23:20:01,134	***	  TR_As Mean AUC: 0.9288000000000001 
2025-01-18 23:20:01,134	***	  TR_As Standard Deviation of Accuracy: 0.013364505228402568 
2025-01-18 23:20:01,134	***	  TR_As Standard Deviation of Precision: 0.02588860926428679 
2025-01-18 23:20:01,134	***	  TR_As Standard Deviation of Recall: 0.032416662382176234 
2025-01-18 23:20:01,134	***	  TR_As Standard Deviation of F1 Score: 0.01448058313291412 

2025-01-18 23:20:01,134	***	  TR_As Standard Deviation of AUC: 0.013364505228402561 
2025-01-18 23:20:01,180	***	Overall TS_Ar Results: Perceptron

2025-01-18 23:20:01,180	***	  TS_Ar List of Accuracies: [0.922, 0.901, 0.9035, 0.906, 0.8815, 0.8935, 0.8985, 0.9075, 0.891, 0.9125] 
2025-01-18 23:20:01,180	***	  TS_Ar List of Precisions: [0.934156378600823, 0.8797348484848485, 0.8861244019138756, 0.9185567010309278, 0.9301014656144306, 0.8667287977632805, 0.8734770384254921, 0.9179487179487179, 0.9064449064449065, 0.9222108495394064] 
2025-01-18 23:20:01,180	***	  TS_Ar List of Recalls: [0.908, 0.929, 0.926, 0.891, 0.825, 0.93, 0.932, 0.895, 0.872, 0.901] 
2025-01-18 23:20:01,180	***	  TS_Ar List of F1-scores: [0.9208924949290062, 0.9036964980544747, 0.9056234718826406, 0.9045685279187817, 0.8744038155802861, 0.8972503617945007, 0.9017900338655056, 0.9063291139240507, 0.8888888888888888, 0.911482043500253] 
2025-01-18 23:20:01,180	***	  TS_Ar list AUC: [0.9219999999999999, 0.901, 0.9035000000000001, 0.906, 0.8815, 0.8935000000000001, 0.8985, 0.9075, 0.891, 0.9125000000000001] 
2025-01-18 23:20:01,180	***	  TS_Ar Mean Accuracy: 0.9017 
2025-01-18 23:20:01,181	***	  TS_Ar Mean Precision: 0.9035484105766709 
2025-01-18 23:20:01,181	***	  TS_Ar Mean Recall: 0.9009 
2025-01-18 23:20:01,181	***	  TS_Ar Mean F1 Score: 0.9014925250338388 
2025-01-18 23:20:01,181	***	  TS_Ar Mean AUC: 0.9017 
2025-01-18 23:20:01,181	***	  TS_Ar Standard Deviation of Accuracy: 0.010883933112620656 
2025-01-18 23:20:01,181	***	  TS_Ar Standard Deviation of Precision: 0.023583594971276194 
2025-01-18 23:20:01,181	***	  TS_Ar Standard Deviation of Recall: 0.03164316671889844 
2025-01-18 23:20:01,181	***	  TS_Ar Standard Deviation of F1 Score: 0.012006915508556053 

2025-01-18 23:20:01,181	***	  TS_Ar Standard Deviation of AUC: 0.010883933112620639 
2025-01-18 23:20:01,221	***	Overall TR_As Results: Classifier SGDRegressor

2025-01-18 23:20:01,221	***	  TR_As List of Accuracies: [0.8955, 0.889, 0.9195, 0.8925, 0.9075, 0.907, 0.877, 0.9325, 0.9035, 0.909] 
2025-01-18 23:20:01,221	***	  TR_As List of Precisions: [0.986469864698647, 0.9709443099273608, 0.9894982497082847, 0.9375696767001115, 0.9414951245937161, 0.9512195121951219, 0.9665841584158416, 0.9675675675675676, 0.9763872491145218, 0.9701149425287356] 
2025-01-18 23:20:01,222	***	  TR_As List of Recalls: [0.802, 0.802, 0.848, 0.841, 0.869, 0.858, 0.781, 0.895, 0.827, 0.844] 
2025-01-18 23:20:01,222	***	  TR_As List of F1-scores: [0.8847214561500276, 0.8784227820372399, 0.9133010231556272, 0.8866631523458091, 0.9037961518460739, 0.9022082018927444, 0.8639380530973452, 0.92987012987013, 0.8955062263129399, 0.9026737967914439] 
2025-01-18 23:20:01,222	***	  TR_As list AUC: [0.970304, 0.9725509999999999, 0.9768430000000001, 0.9603154999999999, 0.9649384999999999, 0.973792, 0.9609574999999999, 0.9717605, 0.9790025000000001, 0.975502] 
2025-01-18 23:20:01,222	***	  TR_As Mean Accuracy: 0.9033 
2025-01-18 23:20:01,222	***	  TR_As Mean Precision: 0.9657850655449909 
2025-01-18 23:20:01,222	***	  TR_As Mean Recall: 0.8366999999999999 
2025-01-18 23:20:01,222	***	  TR_As Mean F1 Score: 0.8961100973499381 
2025-01-18 23:20:01,222	***	  TR_As Mean AUC: 0.9705966500000001 
2025-01-18 23:20:01,222	***	  TR_As Standard Deviation of Accuracy: 0.015008664164408506 
2025-01-18 23:20:01,222	***	  TR_As Standard Deviation of Precision: 0.01658321006099713 
2025-01-18 23:20:01,222	***	  TR_As Standard Deviation of Recall: 0.03271100732169523 
2025-01-18 23:20:01,222	***	  TR_As Standard Deviation of F1 Score: 0.01772513560397882 

2025-01-18 23:20:01,222	***	  TR_As Standard Deviation of AUC: 0.006163095951102889 
2025-01-18 23:20:01,264	***	Overall TS_Ar Results: SGDRegressor

2025-01-18 23:20:01,264	***	  TS_Ar List of Accuracies: [0.8875, 0.8815, 0.888, 0.874, 0.8405, 0.884, 0.8925, 0.874, 0.8675, 0.853] 
2025-01-18 23:20:01,264	***	  TS_Ar List of Precisions: [0.9428571428571428, 0.9310734463276836, 0.944954128440367, 0.9318706697459584, 0.8954703832752613, 0.9363636363636364, 0.9280261723009815, 0.9279176201372997, 0.9143179255918827, 0.9457070707070707] 
2025-01-18 23:20:01,264	***	  TS_Ar List of Recalls: [0.825, 0.824, 0.824, 0.807, 0.771, 0.824, 0.851, 0.811, 0.811, 0.749] 
2025-01-18 23:20:01,264	***	  TS_Ar List of F1-scores: [0.88, 0.8742705570291777, 0.8803418803418803, 0.864951768488746, 0.8285867813003762, 0.876595744680851, 0.8878455920709442, 0.8655282817502667, 0.859565447800742, 0.8359375] 
2025-01-18 23:20:01,264	***	  TS_Ar list AUC: [0.9498734999999999, 0.9520845, 0.9578794999999999, 0.948368, 0.9011870000000002, 0.9432735, 0.9478489999999999, 0.938821, 0.9392564999999999, 0.947313] 
2025-01-18 23:20:01,264	***	  TS_Ar Mean Accuracy: 0.87425 
2025-01-18 23:20:01,264	***	  TS_Ar Mean Precision: 0.9298558195747285 
2025-01-18 23:20:01,264	***	  TS_Ar Mean Recall: 0.8097 
2025-01-18 23:20:01,264	***	  TS_Ar Mean F1 Score: 0.8653623553462986 
2025-01-18 23:20:01,264	***	  TS_Ar Mean AUC: 0.94259055 
2025-01-18 23:20:01,265	***	  TS_Ar Standard Deviation of Accuracy: 0.01575317428329921 
2025-01-18 23:20:01,265	***	  TS_Ar Standard Deviation of Precision: 0.014584368415427203 
2025-01-18 23:20:01,265	***	  TS_Ar Standard Deviation of Recall: 0.02783181632592453 
2025-01-18 23:20:01,265	***	  TS_Ar Standard Deviation of F1 Score: 0.018443841914500363 

2025-01-18 23:20:01,265	***	  TS_Ar Standard Deviation of AUC: 0.0148334283570083 
2025-01-18 23:20:01,306	***	Overall TR_As Results: Classifier XGboost

2025-01-18 23:20:01,306	***	  TR_As List of Accuracies: [0.931, 0.9135, 0.946, 0.9255, 0.9125, 0.9245, 0.9105, 0.935, 0.9215, 0.9045] 
2025-01-18 23:20:01,306	***	  TR_As List of Precisions: [0.9694989106753813, 0.9431939978563773, 0.965553235908142, 0.9409326424870467, 0.9256965944272446, 0.9318413021363174, 0.9617547806524185, 0.9667381974248928, 0.9469777306468717, 0.9040959040959041] 
2025-01-18 23:20:01,306	***	  TR_As List of Recalls: [0.89, 0.88, 0.925, 0.908, 0.897, 0.916, 0.855, 0.901, 0.893, 0.905] 
2025-01-18 23:20:01,306	***	  TR_As List of F1-scores: [0.9280500521376435, 0.9105018106570097, 0.944841675178754, 0.9241730279898219, 0.9111223971559167, 0.9238527483610691, 0.9052408681842246, 0.932712215320911, 0.9191971178589811, 0.9045477261369316] 
2025-01-18 23:20:01,306	***	  TR_As list AUC: [0.979092, 0.9726370000000001, 0.9863620000000001, 0.978111, 0.9683984999999999, 0.975445, 0.96897, 0.9858145, 0.9755035000000001, 0.97121] 
2025-01-18 23:20:01,306	***	  TR_As Mean Accuracy: 0.9224500000000001 
2025-01-18 23:20:01,306	***	  TR_As Mean Precision: 0.9456283296310597 
2025-01-18 23:20:01,306	***	  TR_As Mean Recall: 0.897 
2025-01-18 23:20:01,307	***	  TR_As Mean F1 Score: 0.9204239638981262 
2025-01-18 23:20:01,307	***	  TR_As Mean AUC: 0.9761543500000001 
2025-01-18 23:20:01,307	***	  TR_As Standard Deviation of Accuracy: 0.012015510808950249 
2025-01-18 23:20:01,307	***	  TR_As Standard Deviation of Precision: 0.020036442719743468 
2025-01-18 23:20:01,307	***	  TR_As Standard Deviation of Recall: 0.018611824198610964 
2025-01-18 23:20:01,307	***	  TR_As Standard Deviation of F1 Score: 0.01224846828962199 

2025-01-18 23:20:01,307	***	  TR_As Standard Deviation of AUC: 0.005995716041683444 
2025-01-18 23:20:01,348	***	Overall TS_Ar Results: XGboost

2025-01-18 23:20:01,348	***	  TS_Ar List of Accuracies: [0.918, 0.905, 0.908, 0.91, 0.888, 0.9045, 0.908, 0.888, 0.8965, 0.908] 
2025-01-18 23:20:01,348	***	  TS_Ar List of Precisions: [0.9213709677419355, 0.8986220472440944, 0.890057361376673, 0.9035433070866141, 0.895112016293279, 0.9165808444902163, 0.9171779141104295, 0.8911290322580645, 0.9186906019007391, 0.9063745019920318] 
2025-01-18 23:20:01,348	***	  TS_Ar List of Recalls: [0.914, 0.913, 0.931, 0.918, 0.879, 0.89, 0.897, 0.884, 0.87, 0.91] 
2025-01-18 23:20:01,348	***	  TS_Ar List of F1-scores: [0.9176706827309237, 0.9057539682539683, 0.9100684261974584, 0.9107142857142858, 0.8869828456104945, 0.9030948756976154, 0.9069767441860465, 0.8875502008032129, 0.8936825885978428, 0.908183632734531] 
2025-01-18 23:20:01,348	***	  TS_Ar list AUC: [0.9694245, 0.9630029999999998, 0.9621875000000001, 0.9664615, 0.9485315000000001, 0.959767, 0.9664265, 0.9501144999999999, 0.9542875000000001, 0.9669805000000001] 
2025-01-18 23:20:01,348	***	  TS_Ar Mean Accuracy: 0.9033999999999999 
2025-01-18 23:20:01,348	***	  TS_Ar Mean Precision: 0.9058658594494077 
2025-01-18 23:20:01,348	***	  TS_Ar Mean Recall: 0.9006000000000001 
2025-01-18 23:20:01,348	***	  TS_Ar Mean F1 Score: 0.9030678250526378 
2025-01-18 23:20:01,348	***	  TS_Ar Mean AUC: 0.9607184 
2025-01-18 23:20:01,348	***	  TS_Ar Standard Deviation of Accuracy: 0.009197282207261024 
2025-01-18 23:20:01,348	***	  TS_Ar Standard Deviation of Precision: 0.01135125322937696 
2025-01-18 23:20:01,349	***	  TS_Ar Standard Deviation of Recall: 0.018580635080642442 
2025-01-18 23:20:01,349	***	  TS_Ar Standard Deviation of F1 Score: 0.009782603706525617 

2025-01-18 23:20:01,349	***	  TS_Ar Standard Deviation of AUC: 0.007008410607263252 
2025-01-18 23:20:01,388	***	Comparative Metrics:
2025-01-18 23:20:01,388	***		Mean Squared Error
2025-01-18 23:20:01,388	***			 false
2025-01-18 23:20:01,388	***			Mean Squared Error - List     : [0.10077, 0.106035, 0.102139995, 0.10655, 0.103865005, 0.105195, 0.104104996, 0.104724996, 0.10467, 0.105450004]
2025-01-18 23:20:01,388	***			Mean Squared Error - Mean    : 0.1043504923582077
2025-01-18 23:20:01,388	***			Mean Squared Error - Std. Dev.  : 0.001668594777584076

2025-01-18 23:20:01,388	***			 positive
2025-01-18 23:20:01,388	***			Mean Squared Error - List     : [0.16486, 0.170655, 0.17019501, 0.161255, 0.16848, 0.165135, 0.16319999, 0.17015, 0.17232999, 0.161605]
2025-01-18 23:20:01,388	***			Mean Squared Error - Mean    : 0.16678650677204132
2025-01-18 23:20:01,388	***			Mean Squared Error - Std. Dev.  : 0.00385021953843534

2025-01-18 23:20:01,388	***		Cosine Similarity
2025-01-18 23:20:01,388	***			 false
2025-01-18 23:20:01,388	***			Cosine Similarity - List     : [0.627630781672895, 0.6167207796126604, 0.45635845616459847, 0.6837666019722819, 0.42407489043474195, 0.6397514226883649, 0.644561091993004, 0.6885787762589752, 0.7222381458729505, 0.6429859305098653]
2025-01-18 23:20:01,389	***			Cosine Similarity - Mean    : 0.6146666877180338
2025-01-18 23:20:01,389	***			Cosine Similarity - Std. Dev.  : 0.09257069127678953

2025-01-18 23:20:01,389	***			 positive
2025-01-18 23:20:01,389	***			Cosine Similarity - List     : [0.3383393030166626, 0.6838984272181988, 0.6209737045913934, 0.715520200714469, 0.5206083901077508, 0.6862032004445792, 0.7294698913991451, 0.5730258376821875, 0.6509861555695534, 0.7383670638501644]
2025-01-18 23:20:01,389	***			Cosine Similarity - Mean    : 0.6257392174594104
2025-01-18 23:20:01,389	***			Cosine Similarity - Std. Dev.  : 0.11646206097127383

2025-01-18 23:20:01,389	***		Max Mean Discrepancy
2025-01-18 23:20:01,389	***			 false
2025-01-18 23:20:01,389	***			Max Mean Discrepancy - List     : [0.07101, 0.126035, 0.13097401, 0.124245994, 0.13461298, 0.09796303, 0.10537501, 0.107954994, 0.10977799, 0.09135998]
2025-01-18 23:20:01,389	***			Max Mean Discrepancy - Mean    : 0.10993089526891708
2025-01-18 23:20:01,389	***			Max Mean Discrepancy - Std. Dev.  : 0.01882527768611908

2025-01-18 23:20:01,389	***			 positive
2025-01-18 23:20:01,389	***			Max Mean Discrepancy - List     : [0.37670997, 0.160495, 0.146411, 0.28302097, 0.18900996, 0.195431, 0.28039, 0.204582, 0.253894, 0.19012499]
2025-01-18 23:20:01,389	***			Max Mean Discrepancy - Mean    : 0.22800688445568085
2025-01-18 23:20:01,389	***			Max Mean Discrepancy - Std. Dev.  : 0.06658434122800827

2025-01-18 23:20:01,390	***	  P_value of accuracy  0.037109375 and stats 7.0 of RandomForest 

2025-01-18 23:20:01,390	***	  P_value of precision  0.001953125 and stats 0.0 of RandomForest 

2025-01-18 23:20:01,391	***	  P_value of F1 score  0.10546875 and stats 11.0 of RandomForest 

2025-01-18 23:20:01,391	***	  P_value of recall  0.130859375 and stats 12.0 of RandomForest 

2025-01-18 23:20:01,392	***	  P_value of auc  0.013671875 and stats 4.0 of RandomForest 

2025-01-18 23:20:01,392	***	  P_value of accuracy  0.001953125 and stats 0.0 of SupportVectorMachine 

2025-01-18 23:20:01,393	***	  P_value of precision  0.00390625 and stats 1.0 of SupportVectorMachine 

2025-01-18 23:20:01,393	***	  P_value of F1 score  0.001953125 and stats 0.0 of SupportVectorMachine 

2025-01-18 23:20:01,394	***	  P_value of recall  0.275390625 and stats 16.0 of SupportVectorMachine 

2025-01-18 23:20:01,394	***	  P_value of auc  0.001953125 and stats 0.0 of SupportVectorMachine 

2025-01-18 23:20:01,395	***	  P_value of accuracy  0.625 and stats 22.0 of DecisionTree 

2025-01-18 23:20:01,395	***	  P_value of precision  0.00390625 and stats 1.0 of DecisionTree 

2025-01-18 23:20:01,396	***	  P_value of F1 score  0.625 and stats 22.0 of DecisionTree 

2025-01-18 23:20:01,396	***	  P_value of recall  0.010862224704815628 and stats 1.0 of DecisionTree 

2025-01-18 23:20:01,397	***	  P_value of auc  0.845703125 and stats 25.0 of DecisionTree 

2025-01-18 23:20:01,397	***	  P_value of accuracy  0.001953125 and stats 0.0 of AdaBoost 

2025-01-18 23:20:01,398	***	  P_value of precision  0.001953125 and stats 0.0 of AdaBoost 

2025-01-18 23:20:01,398	***	  P_value of F1 score  0.001953125 and stats 0.0 of AdaBoost 

2025-01-18 23:20:01,398	***	  P_value of recall  0.375 and stats 18.0 of AdaBoost 

2025-01-18 23:20:01,399	***	  P_value of auc  0.001953125 and stats 0.0 of AdaBoost 

2025-01-18 23:20:01,399	***	  P_value of accuracy  0.001953125 and stats 0.0 of Perceptron 

2025-01-18 23:20:01,400	***	  P_value of precision  0.009765625 and stats 3.0 of Perceptron 

2025-01-18 23:20:01,400	***	  P_value of F1 score  0.00390625 and stats 1.0 of Perceptron 

2025-01-18 23:20:01,401	***	  P_value of recall  0.4921875 and stats 20.0 of Perceptron 

2025-01-18 23:20:01,401	***	  P_value of auc  0.001953125 and stats 0.0 of Perceptron 

2025-01-18 23:20:01,401	***	  P_value of accuracy  0.009765625 and stats 3.0 of SGDRegressor 

2025-01-18 23:20:01,402	***	  P_value of precision  0.001953125 and stats 0.0 of SGDRegressor 

2025-01-18 23:20:01,402	***	  P_value of F1 score  0.013671875 and stats 4.0 of SGDRegressor 

2025-01-18 23:20:01,403	***	  P_value of recall  0.130859375 and stats 12.0 of SGDRegressor 

2025-01-18 23:20:01,403	***	  P_value of auc  0.001953125 and stats 0.0 of SGDRegressor 

2025-01-18 23:20:01,404	***	  P_value of accuracy  0.005859375 and stats 2.0 of XGboost 

2025-01-18 23:20:01,404	***	  P_value of precision  0.00390625 and stats 1.0 of XGboost 

2025-01-18 23:20:01,405	***	  P_value of F1 score  0.009765625 and stats 3.0 of XGboost 

2025-01-18 23:20:01,405	***	  P_value of recall  0.6953125 and stats 23.0 of XGboost 

2025-01-18 23:20:01,405	***	  P_value of auc  0.001953125 and stats 0.0 of XGboost 

