2025-01-18 11:27:34,731	***	 Classifier Model: SupportVectorMachine
2025-01-18 11:27:34,732	***	   TR_As Fold 10 - Confusion Matrix:
2025-01-18 11:27:34,732	***	[[523  32]
 [ 40 516]]
2025-01-18 11:27:34,732	***	
   Classifier Metrics:
2025-01-18 11:27:34,732	***	     TR_As Fold 10 - Accuracy: 0.9351935193519352
2025-01-18 11:27:34,732	***	     TR_As Fold 10 - Precision: 0.9416058394160584
2025-01-18 11:27:34,732	***	     TR_As Fold 10 - Recall: 0.9280575539568345
2025-01-18 11:27:34,732	***	     TR_As Fold 10 - F1 Score: 0.9347826086956521

2025-01-18 11:27:34,960	***	 Classifier Model: DecisionTree
2025-01-18 11:27:34,961	***	   TR_As Fold 10 - Confusion Matrix:
2025-01-18 11:27:34,961	***	[[494  61]
 [109 447]]
2025-01-18 11:27:34,961	***	
   Classifier Metrics:
2025-01-18 11:27:34,961	***	     TR_As Fold 10 - Accuracy: 0.846984698469847
2025-01-18 11:27:34,961	***	     TR_As Fold 10 - Precision: 0.8799212598425197
2025-01-18 11:27:34,961	***	     TR_As Fold 10 - Recall: 0.8039568345323741
2025-01-18 11:27:34,961	***	     TR_As Fold 10 - F1 Score: 0.8402255639097744

2025-01-18 11:27:35,229	***	 Classifier Model: AdaBoost
2025-01-18 11:27:35,229	***	   TR_As Fold 10 - Confusion Matrix:
2025-01-18 11:27:35,229	***	[[511  44]
 [ 34 522]]
2025-01-18 11:27:35,229	***	
   Classifier Metrics:
2025-01-18 11:27:35,229	***	     TR_As Fold 10 - Accuracy: 0.9297929792979298
2025-01-18 11:27:35,229	***	     TR_As Fold 10 - Precision: 0.9222614840989399
2025-01-18 11:27:35,230	***	     TR_As Fold 10 - Recall: 0.9388489208633094
2025-01-18 11:27:35,230	***	     TR_As Fold 10 - F1 Score: 0.93048128342246

2025-01-18 11:27:35,589	***	 Classifier Model: Perceptron
2025-01-18 11:27:35,589	***	   TR_As Fold 10 - Confusion Matrix:
2025-01-18 11:27:35,589	***	[[517  38]
 [ 42 514]]
2025-01-18 11:27:35,590	***	
   Classifier Metrics:
2025-01-18 11:27:35,590	***	     TR_As Fold 10 - Accuracy: 0.927992799279928
2025-01-18 11:27:35,590	***	     TR_As Fold 10 - Precision: 0.9311594202898551
2025-01-18 11:27:35,590	***	     TR_As Fold 10 - Recall: 0.9244604316546763
2025-01-18 11:27:35,590	***	     TR_As Fold 10 - F1 Score: 0.9277978339350181

2025-01-18 11:27:35,820	***	 Classifier Model: SGDRegressor
2025-01-18 11:27:35,820	***	   TR_As Fold 10 - Confusion Matrix:
2025-01-18 11:27:35,820	***	[[511  44]
 [ 61 495]]
2025-01-18 11:27:35,820	***	
   Classifier Metrics:
2025-01-18 11:27:35,820	***	     TR_As Fold 10 - Accuracy: 0.9054905490549054
2025-01-18 11:27:35,820	***	     TR_As Fold 10 - Precision: 0.9183673469387755
2025-01-18 11:27:35,820	***	     TR_As Fold 10 - Recall: 0.8902877697841727
2025-01-18 11:27:35,821	***	     TR_As Fold 10 - F1 Score: 0.904109589041096

2025-01-18 11:27:36,052	***	 Classifier Model: XGboost
2025-01-18 11:27:36,052	***	   TR_As Fold 10 - Confusion Matrix:
2025-01-18 11:27:36,052	***	[[512  43]
 [ 45 511]]
2025-01-18 11:27:36,052	***	
   Classifier Metrics:
2025-01-18 11:27:36,052	***	     TR_As Fold 10 - Accuracy: 0.9207920792079208
2025-01-18 11:27:36,052	***	     TR_As Fold 10 - Precision: 0.9223826714801444
2025-01-18 11:27:36,052	***	     TR_As Fold 10 - Recall: 0.9190647482014388
2025-01-18 11:27:36,052	***	     TR_As Fold 10 - F1 Score: 0.9207207207207206

2025-01-18 11:27:36,276	***	TS_Ar Fold 10/10 results
2025-01-18 11:27:36,315	***	 Classifier Model: RandomForest
2025-01-18 11:27:36,315	***	   TS_Ar Fold 10 - Confusion Matrix:
2025-01-18 11:27:36,315	***	[[511  44]
 [ 26 530]]
2025-01-18 11:27:36,315	***	
   Classifier Metrics:
2025-01-18 11:27:36,315	***	     TS_Ar Fold 10 - Accuracy: 0.936993699369937
2025-01-18 11:27:36,315	***	     TS_Ar Fold 10 - Precision: 0.9233449477351916
2025-01-18 11:27:36,315	***	     TS_Ar Fold 10 - Recall: 0.9532374100719424
2025-01-18 11:27:36,315	***	     TS_Ar Fold 10 - F1 Score: 0.9380530973451326

2025-01-18 11:27:36,315	***	
2025-01-18 11:27:37,036	***	 Classifier Model: SupportVectorMachine
2025-01-18 11:27:37,036	***	   TS_Ar Fold 10 - Confusion Matrix:
2025-01-18 11:27:37,036	***	[[518  37]
 [ 27 529]]
2025-01-18 11:27:37,036	***	
   Classifier Metrics:
2025-01-18 11:27:37,037	***	     TS_Ar Fold 10 - Accuracy: 0.9423942394239424
2025-01-18 11:27:37,037	***	     TS_Ar Fold 10 - Precision: 0.9346289752650176
2025-01-18 11:27:37,037	***	     TS_Ar Fold 10 - Recall: 0.9514388489208633
2025-01-18 11:27:37,037	***	     TS_Ar Fold 10 - F1 Score: 0.9429590017825311

2025-01-18 11:27:37,037	***	
2025-01-18 11:27:37,334	***	 Classifier Model: DecisionTree
2025-01-18 11:27:37,335	***	   TS_Ar Fold 10 - Confusion Matrix:
2025-01-18 11:27:37,335	***	[[485  70]
 [ 57 499]]
2025-01-18 11:27:37,335	***	
   Classifier Metrics:
2025-01-18 11:27:37,335	***	     TS_Ar Fold 10 - Accuracy: 0.8856885688568857
2025-01-18 11:27:37,335	***	     TS_Ar Fold 10 - Precision: 0.8769771528998243
2025-01-18 11:27:37,335	***	     TS_Ar Fold 10 - Recall: 0.8974820143884892
2025-01-18 11:27:37,335	***	     TS_Ar Fold 10 - F1 Score: 0.8871111111111111

2025-01-18 11:27:37,335	***	
2025-01-18 11:27:37,680	***	 Classifier Model: AdaBoost
2025-01-18 11:27:37,680	***	   TS_Ar Fold 10 - Confusion Matrix:
2025-01-18 11:27:37,680	***	[[520  35]
 [ 38 518]]
2025-01-18 11:27:37,681	***	
   Classifier Metrics:
2025-01-18 11:27:37,681	***	     TS_Ar Fold 10 - Accuracy: 0.9342934293429342
2025-01-18 11:27:37,681	***	     TS_Ar Fold 10 - Precision: 0.9367088607594937
2025-01-18 11:27:37,681	***	     TS_Ar Fold 10 - Recall: 0.9316546762589928
2025-01-18 11:27:37,681	***	     TS_Ar Fold 10 - F1 Score: 0.9341749323715058

2025-01-18 11:27:37,681	***	
2025-01-18 11:27:38,117	***	 Classifier Model: Perceptron
2025-01-18 11:27:38,117	***	   TS_Ar Fold 10 - Confusion Matrix:
2025-01-18 11:27:38,118	***	[[522  33]
 [ 25 531]]
2025-01-18 11:27:38,118	***	
   Classifier Metrics:
2025-01-18 11:27:38,118	***	     TS_Ar Fold 10 - Accuracy: 0.9477947794779478
2025-01-18 11:27:38,118	***	     TS_Ar Fold 10 - Precision: 0.9414893617021277
2025-01-18 11:27:38,118	***	     TS_Ar Fold 10 - Recall: 0.9550359712230215
2025-01-18 11:27:38,118	***	     TS_Ar Fold 10 - F1 Score: 0.9482142857142858

2025-01-18 11:27:38,118	***	
2025-01-18 11:27:38,421	***	 Classifier Model: SGDRegressor
2025-01-18 11:27:38,422	***	   TS_Ar Fold 10 - Confusion Matrix:
2025-01-18 11:27:38,422	***	[[526  29]
 [ 66 490]]
2025-01-18 11:27:38,422	***	
   Classifier Metrics:
2025-01-18 11:27:38,422	***	     TS_Ar Fold 10 - Accuracy: 0.9144914491449145
2025-01-18 11:27:38,422	***	     TS_Ar Fold 10 - Precision: 0.9441233140655106
2025-01-18 11:27:38,422	***	     TS_Ar Fold 10 - Recall: 0.8812949640287769
2025-01-18 11:27:38,422	***	     TS_Ar Fold 10 - F1 Score: 0.9116279069767441

2025-01-18 11:27:38,422	***	
2025-01-18 11:27:38,748	***	 Classifier Model: XGboost
2025-01-18 11:27:38,748	***	   TS_Ar Fold 10 - Confusion Matrix:
2025-01-18 11:27:38,748	***	[[516  39]
 [ 33 523]]
2025-01-18 11:27:38,749	***	
   Classifier Metrics:
2025-01-18 11:27:38,749	***	     TS_Ar Fold 10 - Accuracy: 0.9351935193519352
2025-01-18 11:27:38,749	***	     TS_Ar Fold 10 - Precision: 0.9306049822064056
2025-01-18 11:27:38,749	***	     TS_Ar Fold 10 - Recall: 0.9406474820143885
2025-01-18 11:27:38,749	***	     TS_Ar Fold 10 - F1 Score: 0.9355992844364938

2025-01-18 11:27:38,749	***	
2025-01-18 11:27:39,045	***	Similarity Metrics
2025-01-18 11:27:39,045	***	  Synthetic Fold 10 falses - Mean Squared Error: 0.16828829
2025-01-18 11:27:39,045	***	  Synthetic Fold 10 falses - Cosine Similarity: 0.41862569640617114
2025-01-18 11:27:39,045	***	  Synthetic Fold 10 falses - Maximum Mean Discrepancy: 0.17523253
2025-01-18 11:27:39,045	***	
2025-01-18 11:27:39,047	***	Similarity Metrics
2025-01-18 11:27:39,047	***	  Synthetic Fold 10 true - Mean Squared Error: 0.13867567
2025-01-18 11:27:39,047	***	  Synthetic Fold 10 true - Cosine Similarity: 0.4111910298600927
2025-01-18 11:27:39,047	***	  Synthetic Fold 10 true - Maximum Mean Discrepancy: 0.264287
2025-01-18 11:27:39,047	***	
2025-01-18 11:27:39,047	***	Overall TR_As Results: Classifier RandomForest

2025-01-18 11:27:39,047	***	  TR_As List of Accuracies: [0.9306930693069307, 0.927992799279928, 0.9036903690369037, 0.8946894689468947, 0.9288928892889289, 0.9342934293429342, 0.9216921692169217, 0.9207920792079208, 0.8991899189918992, 0.9297929792979298] 
2025-01-18 11:27:39,047	***	  TR_As List of Precisions: [0.9897540983606558, 0.9506641366223909, 0.9341085271317829, 0.9524793388429752, 0.9490566037735849, 0.9744597249508841, 0.9449715370018975, 0.9642857142857143, 0.9605809128630706, 0.947565543071161] 
2025-01-18 11:27:39,047	***	  TR_As List of Recalls: [0.8702702702702703, 0.9027027027027027, 0.8684684684684685, 0.8306306306306306, 0.9063063063063063, 0.8920863309352518, 0.89568345323741, 0.8741007194244604, 0.8327338129496403, 0.9100719424460432] 
2025-01-18 11:27:39,047	***	  TR_As List of F1-scores: [0.9261744966442954, 0.9260628465804066, 0.9000933706816061, 0.8873917228103945, 0.9271889400921658, 0.9314553990610329, 0.9196675900277008, 0.9169811320754717, 0.8921001926782274, 0.928440366972477] 
2025-01-18 11:27:39,047	***	  TR_As list AUC: [0.9881813468144405, 0.9778614945881134, 0.9642005314667187, 0.9684943936742498, 0.9814861624214143, 0.9823692397433406, 0.9724107200725907, 0.9711954760515912, 0.9729616306954436, 0.9710739516494912] 
2025-01-18 11:27:39,047	***	  TR_As Mean Accuracy: 0.9191719171917192 
2025-01-18 11:27:39,048	***	  TR_As Mean Precision: 0.9567926136904117 
2025-01-18 11:27:39,048	***	  TR_As Mean Recall: 0.8783054637371184 
2025-01-18 11:27:39,048	***	  TR_As Mean F1 Score: 0.915555605762378 
2025-01-18 11:27:39,048	***	  TR_As Mean AUC: 0.9750234947177393 
2025-01-18 11:27:39,048	***	  TR_As Standard Deviation of Accuracy: 0.013761666861289927 
2025-01-18 11:27:39,048	***	  TR_As Standard Deviation of Precision: 0.01524643220203762 
2025-01-18 11:27:39,048	***	  TR_As Standard Deviation of Recall: 0.027219412548813285 
2025-01-18 11:27:39,048	***	  TR_As Standard Deviation of F1 Score: 0.01542303432733575 

2025-01-18 11:27:39,048	***	  TR_As Standard Deviation of AUC: 0.006913794506711266 
2025-01-18 11:27:39,136	***	Overall TS_Ar Results: RandomForest

2025-01-18 11:27:39,137	***	  TS_Ar List of Accuracies: [0.9324932493249325, 0.9396939693969397, 0.927992799279928, 0.9234923492349235, 0.936993699369937, 0.9126912691269127, 0.9450945094509451, 0.9288928892889289, 0.9207920792079208, 0.936993699369937] 
2025-01-18 11:27:39,137	***	  TS_Ar List of Precisions: [0.9195804195804196, 0.9326241134751773, 0.9087779690189329, 0.9051724137931034, 0.9307282415630551, 0.9180327868852459, 0.9574861367837338, 0.9392265193370166, 0.9254545454545454, 0.9233449477351916] 
2025-01-18 11:27:39,137	***	  TS_Ar List of Recalls: [0.9477477477477477, 0.9477477477477477, 0.9513513513513514, 0.9459459459459459, 0.9441441441441442, 0.9064748201438849, 0.9316546762589928, 0.9172661870503597, 0.9154676258992805, 0.9532374100719424] 
2025-01-18 11:27:39,137	***	  TS_Ar List of F1-scores: [0.9334516415261757, 0.9401251117068812, 0.9295774647887325, 0.9251101321585904, 0.9373881932021467, 0.9122171945701357, 0.9443938012762078, 0.9281164695177434, 0.9204339963833634, 0.9380530973451326] 
2025-01-18 11:27:39,137	***	  TS_Ar list AUC: [0.97352874457191, 0.9840106293343704, 0.9801364313954242, 0.9820905437811913, 0.9757080821829024, 0.9718468468468469, 0.9830303324907642, 0.9803454533670362, 0.9730491282649556, 0.981085942057165] 
2025-01-18 11:27:39,137	***	  TS_Ar Mean Accuracy: 0.9305130513051305 
2025-01-18 11:27:39,137	***	  TS_Ar Mean Precision: 0.9260428093626423 
2025-01-18 11:27:39,137	***	  TS_Ar Mean Recall: 0.9361037656361397 
2025-01-18 11:27:39,138	***	  TS_Ar Mean F1 Score: 0.9308867102475109 
2025-01-18 11:27:39,138	***	  TS_Ar Mean AUC: 0.9784832134292566 
2025-01-18 11:27:39,138	***	  TS_Ar Standard Deviation of Accuracy: 0.009247740442153972 
2025-01-18 11:27:39,138	***	  TS_Ar Standard Deviation of Precision: 0.014404705702025759 
2025-01-18 11:27:39,138	***	  TS_Ar Standard Deviation of Recall: 0.01623916536621361 
2025-01-18 11:27:39,138	***	  TS_Ar Standard Deviation of F1 Score: 0.009319667811846835 

2025-01-18 11:27:39,138	***	  TS_Ar Standard Deviation of AUC: 0.004278264510728451 
2025-01-18 11:27:39,195	***	Overall TR_As Results: Classifier SupportVectorMachine

2025-01-18 11:27:39,195	***	  TR_As List of Accuracies: [0.9522952295229523, 0.954995499549955, 0.9216921692169217, 0.9135913591359136, 0.9324932493249325, 0.9423942394239424, 0.9405940594059405, 0.9324932493249325, 0.9234923492349235, 0.9351935193519352] 
2025-01-18 11:27:39,195	***	  TR_As List of Precisions: [0.9808429118773946, 0.9650092081031307, 0.9317343173431735, 0.9544554455445544, 0.9428044280442804, 0.967680608365019, 0.9503676470588235, 0.9546313799621928, 0.9644970414201184, 0.9416058394160584] 
2025-01-18 11:27:39,195	***	  TR_As List of Recalls: [0.9225225225225225, 0.9441441441441442, 0.9099099099099099, 0.8684684684684685, 0.9207207207207208, 0.9154676258992805, 0.9298561151079137, 0.908273381294964, 0.8794964028776978, 0.9280575539568345] 
2025-01-18 11:27:39,195	***	  TR_As List of F1-scores: [0.9507892293407614, 0.9544626593806923, 0.9206927985414768, 0.909433962264151, 0.9316317228805834, 0.9408502772643254, 0.94, 0.9308755760368664, 0.9200376293508937, 0.9347826086956521] 
2025-01-18 11:27:39,195	***	  TR_As list AUC: [0.9921365610214531, 0.9923909521031823, 0.9760434895326981, 0.9777140449802321, 0.9820646185754099, 0.9884017110635817, 0.9830416747682935, 0.9870017499513902, 0.9810340916456025, 0.9822298917622658] 
2025-01-18 11:27:39,195	***	  TR_As Mean Accuracy: 0.934923492349235 
2025-01-18 11:27:39,195	***	  TR_As Mean Precision: 0.9553628827134745 
2025-01-18 11:27:39,196	***	  TR_As Mean Recall: 0.9126916844902457 
2025-01-18 11:27:39,196	***	  TR_As Mean F1 Score: 0.9333556463755401 
2025-01-18 11:27:39,196	***	  TR_As Mean AUC: 0.984205878540411 
2025-01-18 11:27:39,196	***	  TR_As Standard Deviation of Accuracy: 0.01251125112511251 
2025-01-18 11:27:39,196	***	  TR_As Standard Deviation of Precision: 0.013816778725094216 
2025-01-18 11:27:39,196	***	  TR_As Standard Deviation of Recall: 0.02184875447404955 
2025-01-18 11:27:39,196	***	  TR_As Standard Deviation of F1 Score: 0.013307426070723357 

2025-01-18 11:27:39,196	***	  TR_As Standard Deviation of AUC: 0.00532904005570255 
2025-01-18 11:27:39,253	***	Overall TS_Ar Results: SupportVectorMachine

2025-01-18 11:27:39,253	***	  TS_Ar List of Accuracies: [0.9270927092709271, 0.9441944194419442, 0.9216921692169217, 0.9081908190819082, 0.9423942394239424, 0.9216921692169217, 0.9387938793879388, 0.936993699369937, 0.927992799279928, 0.9423942394239424] 
2025-01-18 11:27:39,253	***	  TS_Ar List of Precisions: [0.9143356643356644, 0.9506398537477148, 0.903448275862069, 0.8966725043782837, 0.940754039497307, 0.935064935064935, 0.9569288389513109, 0.9516728624535316, 0.9265232974910395, 0.9346289752650176] 
2025-01-18 11:27:39,253	***	  TS_Ar List of Recalls: [0.9423423423423424, 0.9369369369369369, 0.9441441441441442, 0.9225225225225225, 0.9441441441441442, 0.9064748201438849, 0.9190647482014388, 0.920863309352518, 0.9298561151079137, 0.9514388489208633] 
2025-01-18 11:27:39,253	***	  TS_Ar List of F1-scores: [0.9281277728482699, 0.9437386569872959, 0.9233480176211454, 0.9094138543516874, 0.9424460431654675, 0.9205479452054794, 0.9376146788990825, 0.9360146252285192, 0.9281867145421903, 0.9429590017825311] 
2025-01-18 11:27:39,253	***	  TS_Ar list AUC: [0.9724560891827079, 0.9873063711193207, 0.9814569965649101, 0.976803422127163, 0.9759478903363796, 0.9738139218355045, 0.9797345907058136, 0.9801510143236761, 0.9774645148745869, 0.980705165597252] 
2025-01-18 11:27:39,253	***	  TS_Ar Mean Accuracy: 0.931143114311431 
2025-01-18 11:27:39,253	***	  TS_Ar Mean Precision: 0.9310669247046872 
2025-01-18 11:27:39,254	***	  TS_Ar Mean Recall: 0.9317787931816708 
2025-01-18 11:27:39,254	***	  TS_Ar Mean F1 Score: 0.9312397310631668 
2025-01-18 11:27:39,254	***	  TS_Ar Mean AUC: 0.9785839976667313 
2025-01-18 11:27:39,254	***	  TS_Ar Standard Deviation of Accuracy: 0.011171636399557322 
2025-01-18 11:27:39,254	***	  TS_Ar Standard Deviation of Precision: 0.01960969364790423 
2025-01-18 11:27:39,254	***	  TS_Ar Standard Deviation of Recall: 0.013568263095768454 
2025-01-18 11:27:39,254	***	  TS_Ar Standard Deviation of F1 Score: 0.010745012677966891 

2025-01-18 11:27:39,254	***	  TS_Ar Standard Deviation of AUC: 0.004053274218516935 
2025-01-18 11:27:39,310	***	Overall TR_As Results: Classifier DecisionTree

2025-01-18 11:27:39,310	***	  TR_As List of Accuracies: [0.9054905490549054, 0.8928892889288929, 0.882988298829883, 0.8586858685868587, 0.864986498649865, 0.8676867686768677, 0.882988298829883, 0.8892889288928892, 0.8181818181818182, 0.846984698469847] 
2025-01-18 11:27:39,310	***	  TR_As List of Precisions: [0.9343629343629344, 0.916030534351145, 0.8942486085343229, 0.8932806324110671, 0.8994082840236687, 0.9216494845360824, 0.9096153846153846, 0.920388349514563, 0.8798283261802575, 0.8799212598425197] 
2025-01-18 11:27:39,310	***	  TR_As List of Recalls: [0.872072072072072, 0.8648648648648649, 0.8684684684684685, 0.8144144144144144, 0.8216216216216217, 0.8039568345323741, 0.8507194244604317, 0.8525179856115108, 0.737410071942446, 0.8039568345323741] 
2025-01-18 11:27:39,310	***	  TR_As List of F1-scores: [0.9021435228331781, 0.8897126969416127, 0.8811700182815357, 0.8520263901979266, 0.8587570621468927, 0.8587896253602305, 0.879182156133829, 0.8851540616246498, 0.8023483365949119, 0.8402255639097744] 
2025-01-18 11:27:39,310	***	  TR_As list AUC: [0.9036878605223929, 0.889777367295353, 0.8827030267677749, 0.8568150884697647, 0.8634632834273122, 0.8725889558623372, 0.8795531142653445, 0.8946270011018211, 0.8196561669583252, 0.8467706915548642] 
2025-01-18 11:27:39,310	***	  TR_As Mean Accuracy: 0.8710171017101709 
2025-01-18 11:27:39,310	***	  TR_As Mean Precision: 0.9048733798371946 
2025-01-18 11:27:39,310	***	  TR_As Mean Recall: 0.829000259252058 
2025-01-18 11:27:39,310	***	  TR_As Mean F1 Score: 0.8649509434024543 
2025-01-18 11:27:39,310	***	  TR_As Mean AUC: 0.870964255622529 
2025-01-18 11:27:39,311	***	  TR_As Standard Deviation of Accuracy: 0.024199033302729753 
2025-01-18 11:27:39,311	***	  TR_As Standard Deviation of Precision: 0.017509318491967848 
2025-01-18 11:27:39,311	***	  TR_As Standard Deviation of Recall: 0.03954022754396015 
2025-01-18 11:27:39,311	***	  TR_As Standard Deviation of F1 Score: 0.027647757676532304 

2025-01-18 11:27:39,311	***	  TR_As Standard Deviation of AUC: 0.023818505249890348 
2025-01-18 11:27:39,363	***	Overall TS_Ar Results: DecisionTree

2025-01-18 11:27:39,363	***	  TS_Ar List of Accuracies: [0.8622862286228623, 0.8676867686768677, 0.8811881188118812, 0.8352835283528353, 0.8253825382538253, 0.8901890189018902, 0.8595859585958596, 0.8775877587758776, 0.8073807380738074, 0.8856885688568857] 
2025-01-18 11:27:39,363	***	  TS_Ar List of Precisions: [0.8628158844765343, 0.8763837638376384, 0.8756660746003553, 0.8286219081272085, 0.8721649484536083, 0.9078947368421053, 0.8636363636363636, 0.8723404255319149, 0.833984375, 0.8769771528998243] 
2025-01-18 11:27:39,363	***	  TS_Ar List of Recalls: [0.8612612612612612, 0.8558558558558559, 0.8882882882882883, 0.8450450450450451, 0.7621621621621621, 0.8687050359712231, 0.85431654676259, 0.8848920863309353, 0.7679856115107914, 0.8974820143884892] 
2025-01-18 11:27:39,364	***	  TS_Ar List of F1-scores: [0.8620378719567179, 0.8659981768459436, 0.8819320214669052, 0.8367528991971455, 0.8134615384615385, 0.8878676470588235, 0.8589511754068717, 0.8785714285714286, 0.7996254681647941, 0.8871111111111111] 
2025-01-18 11:27:39,364	***	  TS_Ar list AUC: [0.868850865253743, 0.8696626482597706, 0.8819657787283687, 0.8342131700045368, 0.8237896169550845, 0.894343444163588, 0.8597786635556419, 0.8813759802968437, 0.8059952038369304, 0.8843314537559142] 
2025-01-18 11:27:39,364	***	  TS_Ar Mean Accuracy: 0.8592259225922593 
2025-01-18 11:27:39,364	***	  TS_Ar Mean Precision: 0.8670485633405554 
2025-01-18 11:27:39,364	***	  TS_Ar Mean Recall: 0.8485993907576642 
2025-01-18 11:27:39,364	***	  TS_Ar Mean F1 Score: 0.857230933824128 
2025-01-18 11:27:39,364	***	  TS_Ar Mean AUC: 0.8604306824810422 
2025-01-18 11:27:39,364	***	  TS_Ar Standard Deviation of Accuracy: 0.02639336498017823 
2025-01-18 11:27:39,364	***	  TS_Ar Standard Deviation of Precision: 0.021405565887774248 
2025-01-18 11:27:39,364	***	  TS_Ar Standard Deviation of Recall: 0.04462554267456267 
2025-01-18 11:27:39,364	***	  TS_Ar Standard Deviation of F1 Score: 0.029416702094658093 

2025-01-18 11:27:39,364	***	  TS_Ar Standard Deviation of AUC: 0.027880977243877787 
2025-01-18 11:27:39,416	***	Overall TR_As Results: Classifier AdaBoost

2025-01-18 11:27:39,416	***	  TR_As List of Accuracies: [0.9558955895589559, 0.946894689468947, 0.9270927092709271, 0.9117911791179117, 0.9351935193519352, 0.9378937893789379, 0.9396939693969397, 0.9243924392439244, 0.9198919891989199, 0.9297929792979298] 
2025-01-18 11:27:39,416	***	  TR_As List of Precisions: [0.9685185185185186, 0.9397163120567376, 0.9232142857142858, 0.9303201506591338, 0.9289520426287744, 0.9451553930530164, 0.9342806394316163, 0.946969696969697, 0.9380863039399625, 0.9222614840989399] 
2025-01-18 11:27:39,416	***	  TR_As List of Recalls: [0.9423423423423424, 0.954954954954955, 0.9315315315315316, 0.8900900900900901, 0.9423423423423424, 0.9298561151079137, 0.9460431654676259, 0.8992805755395683, 0.8992805755395683, 0.9388489208633094] 
2025-01-18 11:27:39,416	***	  TR_As List of F1-scores: [0.9552511415525116, 0.9472743521000894, 0.9273542600896861, 0.9097605893186004, 0.9355992844364937, 0.9374433363553945, 0.9401251117068813, 0.9225092250922509, 0.9182736455463729, 0.93048128342246] 
2025-01-18 11:27:39,416	***	  TR_As list AUC: [0.9919583252317066, 0.9884227752932788, 0.977850152310584, 0.972827143690453, 0.9805625769654548, 0.9825409942316418, 0.984589085488366, 0.983404627649232, 0.9759673342407156, 0.9804070257307668] 
2025-01-18 11:27:39,416	***	  TR_As Mean Accuracy: 0.9328532853285327 
2025-01-18 11:27:39,416	***	  TR_As Mean Precision: 0.9377474827070682 
2025-01-18 11:27:39,416	***	  TR_As Mean Recall: 0.9274570613779247 
2025-01-18 11:27:39,417	***	  TR_As Mean F1 Score: 0.9324072229620739 
2025-01-18 11:27:39,417	***	  TR_As Mean AUC: 0.9818530040832198 
2025-01-18 11:27:39,417	***	  TR_As Standard Deviation of Accuracy: 0.012375501164570462 
2025-01-18 11:27:39,417	***	  TR_As Standard Deviation of Precision: 0.0129859466458346 
2025-01-18 11:27:39,417	***	  TR_As Standard Deviation of Recall: 0.021635551934667648 
2025-01-18 11:27:39,417	***	  TR_As Standard Deviation of F1 Score: 0.012953122061091575 

2025-01-18 11:27:39,417	***	  TR_As Standard Deviation of AUC: 0.00539937551979385 
2025-01-18 11:27:39,469	***	Overall TS_Ar Results: AdaBoost

2025-01-18 11:27:39,469	***	  TS_Ar List of Accuracies: [0.8793879387938794, 0.9477947794779478, 0.9171917191719172, 0.9198919891989199, 0.8838883888388839, 0.9036903690369037, 0.9315931593159316, 0.9360936093609361, 0.8973897389738974, 0.9342934293429342] 
2025-01-18 11:27:39,469	***	  TS_Ar List of Precisions: [0.900952380952381, 0.9593345656192237, 0.8864774624373957, 0.9131205673758865, 0.900375939849624, 0.8987566607460036, 0.9580152671755725, 0.9401088929219601, 0.8960573476702509, 0.9367088607594937] 
2025-01-18 11:27:39,469	***	  TS_Ar List of Recalls: [0.8522522522522522, 0.9351351351351351, 0.9567567567567568, 0.9279279279279279, 0.863063063063063, 0.9100719424460432, 0.9028776978417267, 0.9316546762589928, 0.8992805755395683, 0.9316546762589928] 
2025-01-18 11:27:39,469	***	  TS_Ar List of F1-scores: [0.8759259259259259, 0.9470802919708029, 0.9202772963604853, 0.9204647006255585, 0.8813247470101196, 0.90437890974084, 0.9296296296296297, 0.935862691960253, 0.8976660682226212, 0.9341749323715058] 
2025-01-18 11:27:39,469	***	  TS_Ar list AUC: [0.9109323352129108, 0.9810292306695184, 0.9801785598548189, 0.9767078229308446, 0.9459783524531726, 0.9450742109015492, 0.9620033702767516, 0.9796568150884699, 0.9439659083543974, 0.9681638473005378] 
2025-01-18 11:27:39,469	***	  TS_Ar Mean Accuracy: 0.9151215121512152 
2025-01-18 11:27:39,469	***	  TS_Ar Mean Precision: 0.9189907945507791 
2025-01-18 11:27:39,469	***	  TS_Ar Mean Recall: 0.9110674703480459 
2025-01-18 11:27:39,470	***	  TS_Ar Mean F1 Score: 0.9146785193817741 
2025-01-18 11:27:39,470	***	  TS_Ar Mean AUC: 0.9593690453042971 
2025-01-18 11:27:39,470	***	  TS_Ar Standard Deviation of Accuracy: 0.02206983259182884 
2025-01-18 11:27:39,470	***	  TS_Ar Standard Deviation of Precision: 0.02570850043507237 
2025-01-18 11:27:39,470	***	  TS_Ar Standard Deviation of Recall: 0.03125596237881134 
2025-01-18 11:27:39,470	***	  TS_Ar Standard Deviation of F1 Score: 0.022752712218703668 

2025-01-18 11:27:39,470	***	  TS_Ar Standard Deviation of AUC: 0.021600321771921987 
2025-01-18 11:27:39,521	***	Overall TR_As Results: Classifier Perceptron

2025-01-18 11:27:39,521	***	  TR_As List of Accuracies: [0.9522952295229523, 0.945994599459946, 0.9333933393339334, 0.9081908190819082, 0.9477947794779478, 0.9378937893789379, 0.9405940594059405, 0.9351935193519352, 0.9207920792079208, 0.927992799279928] 
2025-01-18 11:27:39,521	***	  TR_As List of Precisions: [0.9482142857142857, 0.976878612716763, 0.9197207678883071, 0.9613034623217923, 0.9526411657559198, 0.9355992844364938, 0.957089552238806, 0.9336917562724014, 0.9606299212598425, 0.9311594202898551] 
2025-01-18 11:27:39,521	***	  TR_As List of Recalls: [0.9567567567567568, 0.9135135135135135, 0.9495495495495495, 0.8504504504504504, 0.9423423423423424, 0.9406474820143885, 0.9226618705035972, 0.9370503597122302, 0.8776978417266187, 0.9244604316546763] 
2025-01-18 11:27:39,521	***	  TR_As List of F1-scores: [0.9524663677130045, 0.9441340782122906, 0.9343971631205673, 0.9024856596558317, 0.947463768115942, 0.9381165919282511, 0.9395604395604397, 0.9353680430879713, 0.9172932330827067, 0.9277978339350181] 
2025-01-18 11:27:39,521	***	  TR_As list AUC: [0.952299241687731, 0.945965389850282, 0.9334078682999546, 0.9081388942899734, 0.9477898762071424, 0.9378913085747619, 0.9406102145310778, 0.9351918465227818, 0.9208309028452912, 0.9279959815931039] 
2025-01-18 11:27:39,521	***	  TR_As Mean Accuracy: 0.935013501350135 
2025-01-18 11:27:39,521	***	  TR_As Mean Precision: 0.9476928228894467 
2025-01-18 11:27:39,521	***	  TR_As Mean Recall: 0.9215130598224123 
2025-01-18 11:27:39,521	***	  TR_As Mean F1 Score: 0.9339083178412023 
2025-01-18 11:27:39,521	***	  TR_As Mean AUC: 0.93501215244021 
2025-01-18 11:27:39,522	***	  TR_As Standard Deviation of Accuracy: 0.012632082659117057 
2025-01-18 11:27:39,522	***	  TR_As Standard Deviation of Precision: 0.016478949275208123 
2025-01-18 11:27:39,522	***	  TR_As Standard Deviation of Recall: 0.03180129405540415 
2025-01-18 11:27:39,522	***	  TR_As Standard Deviation of F1 Score: 0.014090869182277357 

2025-01-18 11:27:39,522	***	  TR_As Standard Deviation of AUC: 0.01263656378491373 
2025-01-18 11:27:39,578	***	Overall TS_Ar Results: Perceptron

2025-01-18 11:27:39,578	***	  TS_Ar List of Accuracies: [0.9270927092709271, 0.9576957695769577, 0.9162916291629163, 0.9288928892889289, 0.9270927092709271, 0.9234923492349235, 0.9387938793879388, 0.9288928892889289, 0.9171917191719172, 0.9477947794779478] 
2025-01-18 11:27:39,578	***	  TS_Ar List of Precisions: [0.9143356643356644, 0.9568345323741008, 0.8774509803921569, 0.9280575539568345, 0.9610894941634242, 0.8998302207130731, 0.9341637010676157, 0.9021922428330523, 0.8972602739726028, 0.9414893617021277] 
2025-01-18 11:27:39,578	***	  TS_Ar List of Recalls: [0.9423423423423424, 0.9585585585585585, 0.9675675675675676, 0.9297297297297298, 0.8900900900900901, 0.9532374100719424, 0.9442446043165468, 0.9622302158273381, 0.9424460431654677, 0.9550359712230215] 
2025-01-18 11:27:39,578	***	  TS_Ar List of F1-scores: [0.9281277728482699, 0.9576957695769577, 0.9203084832904884, 0.9288928892889289, 0.9242282507015903, 0.9257641921397379, 0.9391771019677997, 0.9312445604873804, 0.9192982456140351, 0.9482142857142858] 
2025-01-18 11:27:39,578	***	  TS_Ar list AUC: [0.9271064229697323, 0.9576965454663297, 0.9163377406183161, 0.9288936418432822, 0.9270594335342537, 0.923465551882818, 0.9387889688249401, 0.9288628556614168, 0.9171689675286797, 0.9477882558817811] 
2025-01-18 11:27:39,578	***	  TS_Ar Mean Accuracy: 0.9313231323132312 
2025-01-18 11:27:39,578	***	  TS_Ar Mean Precision: 0.9212704025510652 
2025-01-18 11:27:39,578	***	  TS_Ar Mean Recall: 0.9445482532892605 
2025-01-18 11:27:39,579	***	  TS_Ar Mean F1 Score: 0.9322951551629475 
2025-01-18 11:27:39,579	***	  TS_Ar Mean AUC: 0.9313168384211549 
2025-01-18 11:27:39,579	***	  TS_Ar Standard Deviation of Accuracy: 0.012478831783918136 
2025-01-18 11:27:39,579	***	  TS_Ar Standard Deviation of Precision: 0.026153111610629547 
2025-01-18 11:27:39,579	***	  TS_Ar Standard Deviation of Recall: 0.02102137166921635 
2025-01-18 11:27:39,579	***	  TS_Ar Standard Deviation of F1 Score: 0.011816707432914327 

2025-01-18 11:27:39,579	***	  TS_Ar Standard Deviation of AUC: 0.012477798682025434 
2025-01-18 11:27:39,634	***	Overall TR_As Results: Classifier SGDRegressor

2025-01-18 11:27:39,634	***	  TR_As List of Accuracies: [0.9243924392439244, 0.9396939693969397, 0.9216921692169217, 0.9081908190819082, 0.9072907290729073, 0.9234923492349235, 0.9261926192619262, 0.9315931593159316, 0.918991899189919, 0.9054905490549054] 
2025-01-18 11:27:39,635	***	  TR_As List of Precisions: [0.9572815533980582, 0.9468864468864469, 0.9333333333333333, 0.9502982107355865, 0.9200743494423792, 0.9468690702087287, 0.9438202247191011, 0.9545454545454546, 0.955078125, 0.9183673469387755] 
2025-01-18 11:27:39,635	***	  TR_As List of Recalls: [0.8882882882882883, 0.9315315315315316, 0.9081081081081082, 0.8612612612612612, 0.8918918918918919, 0.8974820143884892, 0.9064748201438849, 0.9064748201438849, 0.8794964028776978, 0.8902877697841727] 
2025-01-18 11:27:39,635	***	  TR_As List of F1-scores: [0.9214953271028037, 0.9391462306993642, 0.9205479452054796, 0.9035916824196597, 0.9057639524245196, 0.9215143120960296, 0.9247706422018349, 0.9298892988929889, 0.9157303370786517, 0.904109589041096] 
2025-01-18 11:27:39,635	***	  TR_As list AUC: [0.9766818977250633, 0.9836995268649944, 0.9747601918465228, 0.9636982306047056, 0.965464385248558, 0.9679694082571779, 0.9726975176615464, 0.9840624797459331, 0.9764728757534513, 0.9675983537494329] 
2025-01-18 11:27:39,635	***	  TR_As Mean Accuracy: 0.9207020702070207 
2025-01-18 11:27:39,635	***	  TR_As Mean Precision: 0.9426554115207864 
2025-01-18 11:27:39,635	***	  TR_As Mean Recall: 0.8961296908419211 
2025-01-18 11:27:39,635	***	  TR_As Mean F1 Score: 0.9186559317162427 
2025-01-18 11:27:39,635	***	  TR_As Mean AUC: 0.9733104867457385 
2025-01-18 11:27:39,635	***	  TR_As Standard Deviation of Accuracy: 0.010500235706279552 
2025-01-18 11:27:39,635	***	  TR_As Standard Deviation of Precision: 0.013385672550976422 
2025-01-18 11:27:39,635	***	  TR_As Standard Deviation of Recall: 0.01794071684592038 
2025-01-18 11:27:39,635	***	  TR_As Standard Deviation of F1 Score: 0.011029654213085128 

2025-01-18 11:27:39,636	***	  TR_As Standard Deviation of AUC: 0.006800693787358032 
2025-01-18 11:27:39,685	***	Overall TS_Ar Results: SGDRegressor

2025-01-18 11:27:39,685	***	  TS_Ar List of Accuracies: [0.9234923492349235, 0.946894689468947, 0.9018901890189019, 0.90999099909991, 0.8784878487848785, 0.9054905490549054, 0.936993699369937, 0.9342934293429342, 0.9063906390639064, 0.9144914491449145] 
2025-01-18 11:27:39,685	***	  TS_Ar List of Precisions: [0.9257246376811594, 0.9350877192982456, 0.9010791366906474, 0.9055258467023173, 0.9285714285714286, 0.9311663479923518, 0.9418181818181818, 0.9431192660550459, 0.9185185185185185, 0.9441233140655106] 
2025-01-18 11:27:39,686	***	  TS_Ar List of Recalls: [0.9207207207207208, 0.9603603603603603, 0.9027027027027027, 0.9153153153153153, 0.8198198198198198, 0.8758992805755396, 0.9316546762589928, 0.9244604316546763, 0.8920863309352518, 0.8812949640287769] 
2025-01-18 11:27:39,686	***	  TS_Ar List of F1-scores: [0.9232158988256549, 0.9475555555555555, 0.9018901890189017, 0.9103942652329748, 0.8708133971291867, 0.9026876737720112, 0.9367088607594936, 0.9336966394187104, 0.9051094890510949, 0.9116279069767441] 
2025-01-18 11:27:39,686	***	  TS_Ar list AUC: [0.9756076220104998, 0.9880095923261392, 0.9634778663555642, 0.9583738414673667, 0.9510499708341436, 0.9638197550068054, 0.9711047378313565, 0.9779149653250374, 0.9641178948732906, 0.9704630889882688] 
2025-01-18 11:27:39,686	***	  TS_Ar Mean Accuracy: 0.9158415841584159 
2025-01-18 11:27:39,686	***	  TS_Ar Mean Precision: 0.9274734397393406 
2025-01-18 11:27:39,686	***	  TS_Ar Mean Recall: 0.9024314602372157 
2025-01-18 11:27:39,686	***	  TS_Ar Mean F1 Score: 0.9143699875740326 
2025-01-18 11:27:39,686	***	  TS_Ar Mean AUC: 0.9683939335018472 
2025-01-18 11:27:39,686	***	  TS_Ar Standard Deviation of Accuracy: 0.019060880352145027 
2025-01-18 11:27:39,686	***	  TS_Ar Standard Deviation of Precision: 0.014360387257255752 
2025-01-18 11:27:39,686	***	  TS_Ar Standard Deviation of Recall: 0.03643899917852073 
2025-01-18 11:27:39,686	***	  TS_Ar Standard Deviation of F1 Score: 0.02085798983795773 

2025-01-18 11:27:39,687	***	  TS_Ar Standard Deviation of AUC: 0.010018392592483572 
2025-01-18 11:27:39,734	***	Overall TR_As Results: Classifier XGboost

2025-01-18 11:27:39,734	***	  TR_As List of Accuracies: [0.9432943294329433, 0.9432943294329433, 0.9126912691269127, 0.9108910891089109, 0.9288928892889289, 0.9342934293429342, 0.9288928892889289, 0.9315931593159316, 0.9126912691269127, 0.9207920792079208] 
2025-01-18 11:27:39,734	***	  TR_As List of Precisions: [0.9730769230769231, 0.9555555555555556, 0.9272388059701493, 0.9453125, 0.9327272727272727, 0.9582542694497154, 0.9376146788990826, 0.9545454545454546, 0.9526627218934911, 0.9223826714801444] 
2025-01-18 11:27:39,734	***	  TR_As List of Recalls: [0.9117117117117117, 0.9297297297297298, 0.8954954954954955, 0.872072072072072, 0.9243243243243243, 0.908273381294964, 0.9190647482014388, 0.9064748201438849, 0.8687050359712231, 0.9190647482014388] 
2025-01-18 11:27:39,734	***	  TR_As List of F1-scores: [0.9413953488372093, 0.9424657534246577, 0.9110907424381302, 0.9072164948453608, 0.9285067873303167, 0.9325946445060017, 0.9282470481380563, 0.9298892988929889, 0.9087488240827847, 0.9207207207207206] 
2025-01-18 11:27:39,734	***	  TR_As list AUC: [0.9912081145894096, 0.9874230345453368, 0.9764226456672501, 0.9720331842634, 0.9798755590122497, 0.9834483764339879, 0.9815833819430941, 0.9846117700434247, 0.9738333657398406, 0.9702281418108756] 
2025-01-18 11:27:39,734	***	  TR_As Mean Accuracy: 0.9267326732673267 
2025-01-18 11:27:39,734	***	  TR_As Mean Precision: 0.9459370853597789 
2025-01-18 11:27:39,734	***	  TR_As Mean Recall: 0.9054916067146284 
2025-01-18 11:27:39,734	***	  TR_As Mean F1 Score: 0.9250875663216227 
2025-01-18 11:27:39,734	***	  TR_As Mean AUC: 0.9800667574048869 
2025-01-18 11:27:39,734	***	  TR_As Standard Deviation of Accuracy: 0.011485938535337014 
2025-01-18 11:27:39,735	***	  TR_As Standard Deviation of Precision: 0.014995748605008753 
2025-01-18 11:27:39,735	***	  TR_As Standard Deviation of Recall: 0.01981931433332537 
2025-01-18 11:27:39,735	***	  TR_As Standard Deviation of F1 Score: 0.012125764003790465 

2025-01-18 11:27:39,735	***	  TR_As Standard Deviation of AUC: 0.006527979959148921 
2025-01-18 11:27:39,784	***	Overall TS_Ar Results: XGboost

2025-01-18 11:27:39,784	***	  TS_Ar List of Accuracies: [0.9162916291629163, 0.9432943294329433, 0.90999099909991, 0.9126912691269127, 0.9306930693069307, 0.9153915391539154, 0.9288928892889289, 0.936993699369937, 0.918091809180918, 0.9351935193519352] 
2025-01-18 11:27:39,784	***	  TS_Ar List of Precisions: [0.9010416666666666, 0.9472727272727273, 0.8888888888888888, 0.9118705035971223, 0.9329710144927537, 0.9139784946236559, 0.9408502772643254, 0.9516728624535316, 0.9204339963833634, 0.9306049822064056] 
2025-01-18 11:27:39,784	***	  TS_Ar List of Recalls: [0.9351351351351351, 0.9387387387387387, 0.9369369369369369, 0.9135135135135135, 0.9279279279279279, 0.9172661870503597, 0.9154676258992805, 0.920863309352518, 0.9154676258992805, 0.9406474820143885] 
2025-01-18 11:27:39,784	***	  TS_Ar List of F1-scores: [0.9177718832891245, 0.9429864253393665, 0.9122807017543859, 0.9126912691269128, 0.9304426377597109, 0.9156193895870736, 0.9279854147675478, 0.9360146252285192, 0.9179440937781785, 0.9355992844364938] 
2025-01-18 11:27:39,784	***	  TS_Ar list AUC: [0.9704355434571261, 0.98483699526865, 0.9754812366323157, 0.9760483505087821, 0.9745446885734655, 0.9701924946529265, 0.9765668546244086, 0.9784140255363277, 0.975053470736924, 0.9769605936872124] 
2025-01-18 11:27:39,784	***	  TS_Ar Mean Accuracy: 0.9247524752475247 
2025-01-18 11:27:39,784	***	  TS_Ar Mean Precision: 0.9239585413849442 
2025-01-18 11:27:39,785	***	  TS_Ar Mean Recall: 0.9261964482468079 
2025-01-18 11:27:39,785	***	  TS_Ar Mean F1 Score: 0.9249335725067314 
2025-01-18 11:27:39,785	***	  TS_Ar Mean AUC: 0.9758534253678139 
2025-01-18 11:27:39,785	***	  TS_Ar Standard Deviation of Accuracy: 0.011054629787826512 
2025-01-18 11:27:39,785	***	  TS_Ar Standard Deviation of Precision: 0.019327631840105476 
2025-01-18 11:27:39,785	***	  TS_Ar Standard Deviation of Recall: 0.010313397583208907 
2025-01-18 11:27:39,785	***	  TS_Ar Standard Deviation of F1 Score: 0.010483233833418922 

2025-01-18 11:27:39,785	***	  TS_Ar Standard Deviation of AUC: 0.003910560381947026 
2025-01-18 11:27:39,832	***	Comparative Metrics:
2025-01-18 11:27:39,832	***		Mean Squared Error
2025-01-18 11:27:39,832	***			 false
2025-01-18 11:27:39,832	***			Mean Squared Error - List     : [0.16955857, 0.1696937, 0.17071171, 0.17234235, 0.16852254, 0.16840541, 0.16653152, 0.16894597, 0.16481084, 0.16828829]
2025-01-18 11:27:39,832	***			Mean Squared Error - Mean    : 0.1687810868024826
2025-01-18 11:27:39,832	***			Mean Squared Error - Std. Dev.  : 0.0019786020275205374

2025-01-18 11:27:39,832	***			 positive
2025-01-18 11:27:39,832	***			Mean Squared Error - List     : [0.15025225, 0.14286487, 0.13618919, 0.14861262, 0.14007206, 0.14633334, 0.13924325, 0.13842343, 0.13566665, 0.13867567]
2025-01-18 11:27:39,833	***			Mean Squared Error - Mean    : 0.1416333168745041
2025-01-18 11:27:39,833	***			Mean Squared Error - Std. Dev.  : 0.004889214411377907

2025-01-18 11:27:39,833	***		Cosine Similarity
2025-01-18 11:27:39,833	***			 false
2025-01-18 11:27:39,833	***			Cosine Similarity - List     : [0.3815576448768109, 0.6254065156654195, 0.37043330570062, 0.5913766416343482, 0.5994096444399507, 0.6580861495287569, 0.49083260351473146, 0.6193897231742068, 0.6151895206253808, 0.41862569640617114]
2025-01-18 11:27:39,833	***			Cosine Similarity - Mean    : 0.5370307445566397
2025-01-18 11:27:39,833	***			Cosine Similarity - Std. Dev.  : 0.10501509526160621

2025-01-18 11:27:39,833	***			 positive
2025-01-18 11:27:39,833	***			Cosine Similarity - List     : [0.3463980345709904, 0.476261438697845, 0.4685426892192514, 0.34204033155430547, 0.3710736245722384, 0.4592679616030272, 0.4017035657489622, 0.4845850517486667, 0.3223618481207538, 0.4111910298600927]
2025-01-18 11:27:39,833	***			Cosine Similarity - Mean    : 0.40834255756961335
2025-01-18 11:27:39,833	***			Cosine Similarity - Std. Dev.  : 0.0580605716764331

2025-01-18 11:27:39,833	***		Max Mean Discrepancy
2025-01-18 11:27:39,833	***			 false
2025-01-18 11:27:39,833	***			Max Mean Discrepancy - List     : [0.23454265, 0.1416638, 0.2589303, 0.21489164, 0.19626328, 0.28579825, 0.14391366, 0.14372534, 0.105283655, 0.17523253]
2025-01-18 11:27:39,834	***			Max Mean Discrepancy - Mean    : 0.1900245100259781
2025-01-18 11:27:39,834	***			Max Mean Discrepancy - Std. Dev.  : 0.055288493633270264

2025-01-18 11:27:39,834	***			 positive
2025-01-18 11:27:39,834	***			Max Mean Discrepancy - List     : [0.5371577, 0.31037092, 0.57259315, 0.66118, 0.3576853, 0.17906664, 0.21907963, 0.4163461, 0.31331548, 0.264287]
2025-01-18 11:27:39,834	***			Max Mean Discrepancy - Mean    : 0.3831081986427307
2025-01-18 11:27:39,834	***			Max Mean Discrepancy - Std. Dev.  : 0.1521608829498291

2025-01-18 11:27:39,835	***	  P_value of accuracy  0.02734375 and stats 6.0 of RandomForest 

2025-01-18 11:27:39,835	***	  P_value of precision  0.00390625 and stats 1.0 of RandomForest 

2025-01-18 11:27:39,836	***	  P_value of F1 score  0.02734375 and stats 6.0 of RandomForest 

2025-01-18 11:27:39,836	***	  P_value of recall  0.001953125 and stats 0.0 of RandomForest 

2025-01-18 11:27:39,837	***	  P_value of auc  0.322265625 and stats 17.0 of RandomForest 

2025-01-18 11:27:39,838	***	  P_value of accuracy  0.44126813332892967 and stats 16.0 of SupportVectorMachine 

2025-01-18 11:27:39,838	***	  P_value of precision  0.009765625 and stats 3.0 of SupportVectorMachine 

2025-01-18 11:27:39,839	***	  P_value of F1 score  0.921875 and stats 26.0 of SupportVectorMachine 

2025-01-18 11:27:39,840	***	  P_value of recall  0.02734375 and stats 6.0 of SupportVectorMachine 

2025-01-18 11:27:39,840	***	  P_value of auc  0.02734375 and stats 6.0 of SupportVectorMachine 

2025-01-18 11:27:39,841	***	  P_value of accuracy  0.130859375 and stats 12.0 of DecisionTree 

2025-01-18 11:27:39,841	***	  P_value of precision  0.001953125 and stats 0.0 of DecisionTree 

2025-01-18 11:27:39,842	***	  P_value of F1 score  0.375 and stats 18.0 of DecisionTree 

2025-01-18 11:27:39,842	***	  P_value of recall  0.16015625 and stats 13.0 of DecisionTree 

2025-01-18 11:27:39,843	***	  P_value of auc  0.232421875 and stats 15.0 of DecisionTree 

2025-01-18 11:27:39,843	***	  P_value of accuracy  0.130859375 and stats 12.5 of AdaBoost 

2025-01-18 11:27:39,844	***	  P_value of precision  0.10546875 and stats 11.0 of AdaBoost 

2025-01-18 11:27:39,844	***	  P_value of F1 score  0.16015625 and stats 13.0 of AdaBoost 

2025-01-18 11:27:39,845	***	  P_value of recall  0.3742593192802244 and stats 15.0 of AdaBoost 

2025-01-18 11:27:39,846	***	  P_value of auc  0.013671875 and stats 4.0 of AdaBoost 

2025-01-18 11:27:39,846	***	  P_value of accuracy  0.431640625 and stats 19.5 of Perceptron 

2025-01-18 11:27:39,847	***	  P_value of precision  0.009765625 and stats 3.0 of Perceptron 

2025-01-18 11:27:39,847	***	  P_value of F1 score  0.76953125 and stats 24.0 of Perceptron 

2025-01-18 11:27:39,848	***	  P_value of recall  0.083984375 and stats 10.0 of Perceptron 

2025-01-18 11:27:39,848	***	  P_value of auc  0.4921875 and stats 20.0 of Perceptron 

2025-01-18 11:27:39,849	***	  P_value of accuracy  0.4921875 and stats 20.0 of SGDRegressor 

2025-01-18 11:27:39,850	***	  P_value of precision  0.048828125 and stats 8.0 of SGDRegressor 

2025-01-18 11:27:39,850	***	  P_value of F1 score  0.625 and stats 22.0 of SGDRegressor 

2025-01-18 11:27:39,851	***	  P_value of recall  0.375 and stats 18.0 of SGDRegressor 

2025-01-18 11:27:39,851	***	  P_value of auc  0.048828125 and stats 8.0 of SGDRegressor 

2025-01-18 11:27:39,852	***	  P_value of accuracy  1.0 and stats 18.0 of XGboost 

2025-01-18 11:27:39,852	***	  P_value of precision  0.048828125 and stats 8.0 of XGboost 

2025-01-18 11:27:39,853	***	  P_value of F1 score  0.4921875 and stats 20.0 of XGboost 

2025-01-18 11:27:39,854	***	  P_value of recall  0.00390625 and stats 1.0 of XGboost 

2025-01-18 11:27:39,854	***	  P_value of auc  0.193359375 and stats 14.0 of XGboost 

