2025-01-18 20:02:41,841	***	   TS_Ar Fold 10 - Confusion Matrix:
2025-01-18 20:02:41,841	***	[[894 106]
 [134 866]]
2025-01-18 20:02:41,841	***	
   Classifier Metrics:
2025-01-18 20:02:41,841	***	     TS_Ar Fold 10 - Accuracy: 0.88
2025-01-18 20:02:41,841	***	     TS_Ar Fold 10 - Precision: 0.8909465020576132
2025-01-18 20:02:41,841	***	     TS_Ar Fold 10 - Recall: 0.866
2025-01-18 20:02:41,842	***	     TS_Ar Fold 10 - F1 Score: 0.8782961460446248

2025-01-18 20:02:41,842	***	
2025-01-18 20:02:43,101	***	 Classifier Model: SupportVectorMachine
2025-01-18 20:02:43,101	***	   TS_Ar Fold 10 - Confusion Matrix:
2025-01-18 20:02:43,101	***	[[885 115]
 [ 82 918]]
2025-01-18 20:02:43,101	***	
   Classifier Metrics:
2025-01-18 20:02:43,101	***	     TS_Ar Fold 10 - Accuracy: 0.9015
2025-01-18 20:02:43,101	***	     TS_Ar Fold 10 - Precision: 0.888673765730881
2025-01-18 20:02:43,101	***	     TS_Ar Fold 10 - Recall: 0.918
2025-01-18 20:02:43,101	***	     TS_Ar Fold 10 - F1 Score: 0.9030988686669946

2025-01-18 20:02:43,101	***	
2025-01-18 20:02:43,356	***	 Classifier Model: DecisionTree
2025-01-18 20:02:43,357	***	   TS_Ar Fold 10 - Confusion Matrix:
2025-01-18 20:02:43,357	***	[[878 122]
 [204 796]]
2025-01-18 20:02:43,357	***	
   Classifier Metrics:
2025-01-18 20:02:43,357	***	     TS_Ar Fold 10 - Accuracy: 0.837
2025-01-18 20:02:43,357	***	     TS_Ar Fold 10 - Precision: 0.8671023965141612
2025-01-18 20:02:43,357	***	     TS_Ar Fold 10 - Recall: 0.796
2025-01-18 20:02:43,357	***	     TS_Ar Fold 10 - F1 Score: 0.8300312825860271

2025-01-18 20:02:43,357	***	
2025-01-18 20:02:43,633	***	 Classifier Model: AdaBoost
2025-01-18 20:02:43,633	***	   TS_Ar Fold 10 - Confusion Matrix:
2025-01-18 20:02:43,634	***	[[890 110]
 [ 97 903]]
2025-01-18 20:02:43,634	***	
   Classifier Metrics:
2025-01-18 20:02:43,634	***	     TS_Ar Fold 10 - Accuracy: 0.8965
2025-01-18 20:02:43,634	***	     TS_Ar Fold 10 - Precision: 0.8914116485686081
2025-01-18 20:02:43,634	***	     TS_Ar Fold 10 - Recall: 0.903
2025-01-18 20:02:43,634	***	     TS_Ar Fold 10 - F1 Score: 0.8971684053651267

2025-01-18 20:02:43,634	***	
2025-01-18 20:02:44,033	***	 Classifier Model: Perceptron
2025-01-18 20:02:44,033	***	   TS_Ar Fold 10 - Confusion Matrix:
2025-01-18 20:02:44,033	***	[[897 103]
 [ 84 916]]
2025-01-18 20:02:44,033	***	
   Classifier Metrics:
2025-01-18 20:02:44,033	***	     TS_Ar Fold 10 - Accuracy: 0.9065
2025-01-18 20:02:44,033	***	     TS_Ar Fold 10 - Precision: 0.8989205103042198
2025-01-18 20:02:44,033	***	     TS_Ar Fold 10 - Recall: 0.916
2025-01-18 20:02:44,033	***	     TS_Ar Fold 10 - F1 Score: 0.9073798910351659

2025-01-18 20:02:44,033	***	
2025-01-18 20:02:44,302	***	 Classifier Model: SGDRegressor
2025-01-18 20:02:44,302	***	   TS_Ar Fold 10 - Confusion Matrix:
2025-01-18 20:02:44,302	***	[[880 120]
 [ 98 902]]
2025-01-18 20:02:44,302	***	
   Classifier Metrics:
2025-01-18 20:02:44,302	***	     TS_Ar Fold 10 - Accuracy: 0.891
2025-01-18 20:02:44,302	***	     TS_Ar Fold 10 - Precision: 0.8825831702544031
2025-01-18 20:02:44,302	***	     TS_Ar Fold 10 - Recall: 0.902
2025-01-18 20:02:44,302	***	     TS_Ar Fold 10 - F1 Score: 0.8921859545004946

2025-01-18 20:02:44,302	***	
2025-01-18 20:02:44,565	***	 Classifier Model: XGboost
2025-01-18 20:02:44,565	***	   TS_Ar Fold 10 - Confusion Matrix:
2025-01-18 20:02:44,565	***	[[886 114]
 [118 882]]
2025-01-18 20:02:44,565	***	
   Classifier Metrics:
2025-01-18 20:02:44,565	***	     TS_Ar Fold 10 - Accuracy: 0.884
2025-01-18 20:02:44,565	***	     TS_Ar Fold 10 - Precision: 0.8855421686746988
2025-01-18 20:02:44,565	***	     TS_Ar Fold 10 - Recall: 0.882
2025-01-18 20:02:44,565	***	     TS_Ar Fold 10 - F1 Score: 0.8837675350701403

2025-01-18 20:02:44,565	***	
2025-01-18 20:02:44,814	***	Similarity Metrics
2025-01-18 20:02:44,814	***	  Synthetic Fold 10 falses - Mean Squared Error: 0.1041
2025-01-18 20:02:44,814	***	  Synthetic Fold 10 falses - Cosine Similarity: 0.4347294050902128
2025-01-18 20:02:44,814	***	  Synthetic Fold 10 falses - Maximum Mean Discrepancy: 0.084347986
2025-01-18 20:02:44,814	***	
2025-01-18 20:02:44,817	***	Similarity Metrics
2025-01-18 20:02:44,817	***	  Synthetic Fold 10 true - Mean Squared Error: 0.16410999
2025-01-18 20:02:44,817	***	  Synthetic Fold 10 true - Cosine Similarity: 0.640570007532835
2025-01-18 20:02:44,817	***	  Synthetic Fold 10 true - Maximum Mean Discrepancy: 1.8989
2025-01-18 20:02:44,817	***	
2025-01-18 20:02:44,817	***	Overall TR_As Results: Classifier RandomForest

2025-01-18 20:02:44,817	***	  TR_As List of Accuracies: [0.905, 0.8505, 0.9165, 0.899, 0.9335, 0.916, 0.875, 0.9045, 0.924, 0.877] 
2025-01-18 20:02:44,817	***	  TR_As List of Precisions: [0.9336188436830836, 0.9177592371871275, 0.976, 0.9423503325942351, 0.9539267015706806, 0.9581497797356828, 0.9584352078239609, 0.9529675251959686, 0.9444444444444444, 0.9620098039215687] 
2025-01-18 20:02:44,817	***	  TR_As List of Recalls: [0.872, 0.77, 0.854, 0.85, 0.911, 0.87, 0.784, 0.851, 0.901, 0.785] 
2025-01-18 20:02:44,817	***	  TR_As List of F1-scores: [0.9017580144777664, 0.8374116367591081, 0.9109333333333332, 0.8937960042060988, 0.9319693094629156, 0.9119496855345912, 0.8624862486248626, 0.8991019545694664, 0.9222108495394062, 0.8645374449339207] 
2025-01-18 20:02:44,817	***	  TR_As list AUC: [0.9682904999999999, 0.9534815, 0.973196, 0.96583, 0.9826505, 0.9723299999999999, 0.954433, 0.9696710000000001, 0.9763675000000003, 0.9719015000000001] 
2025-01-18 20:02:44,817	***	  TR_As Mean Accuracy: 0.9001000000000001 
2025-01-18 20:02:44,817	***	  TR_As Mean Precision: 0.9499661876156752 
2025-01-18 20:02:44,817	***	  TR_As Mean Recall: 0.8448 
2025-01-18 20:02:44,817	***	  TR_As Mean F1 Score: 0.893615448144147 
2025-01-18 20:02:44,817	***	  TR_As Mean AUC: 0.96881515 
2025-01-18 20:02:44,818	***	  TR_As Standard Deviation of Accuracy: 0.02424231837098094 
2025-01-18 20:02:44,818	***	  TR_As Standard Deviation of Precision: 0.015424692759447363 
2025-01-18 20:02:44,818	***	  TR_As Standard Deviation of Recall: 0.04683332147093562 
2025-01-18 20:02:44,818	***	  TR_As Standard Deviation of F1 Score: 0.02827477772588967 

2025-01-18 20:02:44,818	***	  TR_As Standard Deviation of AUC: 0.008610530715496025 
2025-01-18 20:02:44,888	***	Overall TS_Ar Results: RandomForest

2025-01-18 20:02:44,889	***	  TS_Ar List of Accuracies: [0.907, 0.892, 0.8755, 0.902, 0.906, 0.892, 0.858, 0.897, 0.8555, 0.88] 
2025-01-18 20:02:44,889	***	  TS_Ar List of Precisions: [0.918724279835391, 0.910901467505241, 0.8628019323671497, 0.8872832369942196, 0.9117647058823529, 0.8805825242718447, 0.8516699410609038, 0.8788167938931297, 0.858728557013118, 0.8909465020576132] 
2025-01-18 20:02:44,889	***	  TS_Ar List of Recalls: [0.893, 0.869, 0.893, 0.921, 0.899, 0.907, 0.867, 0.921, 0.851, 0.866] 
2025-01-18 20:02:44,889	***	  TS_Ar List of F1-scores: [0.9056795131845842, 0.8894575230296826, 0.8776412776412778, 0.9038272816486752, 0.9053373615307151, 0.8935960591133005, 0.8592666005946483, 0.8994140625, 0.8548468106479157, 0.8782961460446248] 
2025-01-18 20:02:44,889	***	  TS_Ar list AUC: [0.9629555, 0.954111, 0.9455475000000001, 0.9620500000000001, 0.9614845000000001, 0.9574349999999999, 0.9318985000000001, 0.9575189999999999, 0.9366220000000001, 0.9481075] 
2025-01-18 20:02:44,889	***	  TS_Ar Mean Accuracy: 0.8865000000000001 
2025-01-18 20:02:44,889	***	  TS_Ar Mean Precision: 0.8852219940880962 
2025-01-18 20:02:44,889	***	  TS_Ar Mean Recall: 0.8887 
2025-01-18 20:02:44,889	***	  TS_Ar Mean F1 Score: 0.8867362635935423 
2025-01-18 20:02:44,889	***	  TS_Ar Mean AUC: 0.9517730500000001 
2025-01-18 20:02:44,889	***	  TS_Ar Standard Deviation of Accuracy: 0.01774260409297351 
2025-01-18 20:02:44,890	***	  TS_Ar Standard Deviation of Precision: 0.022172563397472197 
2025-01-18 20:02:44,890	***	  TS_Ar Standard Deviation of Recall: 0.023151889771679566 
2025-01-18 20:02:44,890	***	  TS_Ar Standard Deviation of F1 Score: 0.017713308636326284 

2025-01-18 20:02:44,890	***	  TS_Ar Standard Deviation of AUC: 0.010355001512433468 
2025-01-18 20:02:44,937	***	Overall TR_As Results: Classifier SupportVectorMachine

2025-01-18 20:02:44,937	***	  TR_As List of Accuracies: [0.9295, 0.897, 0.922, 0.907, 0.9475, 0.9205, 0.8925, 0.9195, 0.925, 0.888] 
2025-01-18 20:02:44,937	***	  TR_As List of Precisions: [0.9525816649104321, 0.927801724137931, 0.9709821428571429, 0.9357601713062098, 0.9470529470529471, 0.9430979978925185, 0.9506314580941446, 0.9458023379383634, 0.934560327198364, 0.9564705882352941] 
2025-01-18 20:02:44,937	***	  TR_As List of Recalls: [0.904, 0.861, 0.87, 0.874, 0.948, 0.895, 0.828, 0.89, 0.914, 0.813] 
2025-01-18 20:02:44,937	***	  TR_As List of F1-scores: [0.9276552077988712, 0.8931535269709543, 0.9177215189873418, 0.9038262668045501, 0.9475262368815592, 0.9184197024114932, 0.8850881881346873, 0.9170530654301906, 0.9241658240647119, 0.8789189189189189] 
2025-01-18 20:02:44,937	***	  TR_As list AUC: [0.9808255, 0.9696054999999999, 0.9731645, 0.9680774999999999, 0.985192, 0.975489, 0.96425, 0.9790099999999999, 0.976441, 0.9725735] 
2025-01-18 20:02:44,938	***	  TR_As Mean Accuracy: 0.91485 
2025-01-18 20:02:44,938	***	  TR_As Mean Precision: 0.9464741359623348 
2025-01-18 20:02:44,938	***	  TR_As Mean Recall: 0.8797 
2025-01-18 20:02:44,938	***	  TR_As Mean F1 Score: 0.9113528456403278 
2025-01-18 20:02:44,938	***	  TR_As Mean AUC: 0.9744628499999999 
2025-01-18 20:02:44,938	***	  TR_As Standard Deviation of Accuracy: 0.01757562232184113 
2025-01-18 20:02:44,938	***	  TR_As Standard Deviation of Precision: 0.01171634832850399 
2025-01-18 20:02:44,938	***	  TR_As Standard Deviation of Recall: 0.03790791474085591 
2025-01-18 20:02:44,938	***	  TR_As Standard Deviation of F1 Score: 0.01997774526286693 

2025-01-18 20:02:44,938	***	  TR_As Standard Deviation of AUC: 0.005959570571987547 
2025-01-18 20:02:44,983	***	Overall TS_Ar Results: SupportVectorMachine

2025-01-18 20:02:44,983	***	  TS_Ar List of Accuracies: [0.917, 0.8905, 0.892, 0.9005, 0.9065, 0.8905, 0.8595, 0.9015, 0.838, 0.9015] 
2025-01-18 20:02:44,983	***	  TS_Ar List of Precisions: [0.9255102040816326, 0.9114857744994731, 0.8805825242718447, 0.8869565217391304, 0.9143730886850153, 0.8736842105263158, 0.8764397905759163, 0.888673765730881, 0.8722466960352423, 0.888673765730881] 
2025-01-18 20:02:44,983	***	  TS_Ar List of Recalls: [0.907, 0.865, 0.907, 0.918, 0.897, 0.913, 0.837, 0.918, 0.792, 0.918] 
2025-01-18 20:02:44,983	***	  TS_Ar List of F1-scores: [0.9161616161616163, 0.8876346844535659, 0.8935960591133005, 0.9022113022113023, 0.9056032306915699, 0.8929095354523228, 0.8562659846547314, 0.9030988686669946, 0.8301886792452831, 0.9030988686669946] 
2025-01-18 20:02:44,983	***	  TS_Ar list AUC: [0.9669355000000001, 0.9556300000000001, 0.9495230000000001, 0.9612295, 0.963862, 0.9543195, 0.9244939999999999, 0.958463, 0.9273724999999999, 0.9545035] 
2025-01-18 20:02:44,983	***	  TS_Ar Mean Accuracy: 0.8897499999999999 
2025-01-18 20:02:44,983	***	  TS_Ar Mean Precision: 0.8918626341876331 
2025-01-18 20:02:44,983	***	  TS_Ar Mean Recall: 0.8872 
2025-01-18 20:02:44,983	***	  TS_Ar Mean F1 Score: 0.8890768829317681 
2025-01-18 20:02:44,983	***	  TS_Ar Mean AUC: 0.9516332499999999 
2025-01-18 20:02:44,983	***	  TS_Ar Standard Deviation of Accuracy: 0.02239224196010752 
2025-01-18 20:02:44,984	***	  TS_Ar Standard Deviation of Precision: 0.01774457652852627 
2025-01-18 20:02:44,984	***	  TS_Ar Standard Deviation of Recall: 0.040580290782595445 
2025-01-18 20:02:44,984	***	  TS_Ar Standard Deviation of F1 Score: 0.02480728880079183 

2025-01-18 20:02:44,984	***	  TS_Ar Standard Deviation of AUC: 0.013723844219550902 
2025-01-18 20:02:45,027	***	Overall TR_As Results: Classifier DecisionTree

2025-01-18 20:02:45,027	***	  TR_As List of Accuracies: [0.86, 0.7855, 0.842, 0.8325, 0.883, 0.8565, 0.8285, 0.8205, 0.836, 0.815] 
2025-01-18 20:02:45,027	***	  TR_As List of Precisions: [0.8773584905660378, 0.8555417185554172, 0.9081145584725537, 0.8953626634958383, 0.9255555555555556, 0.9092996555683123, 0.8906064209274673, 0.8646188850967008, 0.8809523809523809, 0.9155672823218998] 
2025-01-18 20:02:45,028	***	  TR_As List of Recalls: [0.837, 0.687, 0.761, 0.753, 0.833, 0.792, 0.749, 0.76, 0.777, 0.694] 
2025-01-18 20:02:45,028	***	  TR_As List of F1-scores: [0.856704196519959, 0.762063227953411, 0.8280739934711643, 0.8180336773492667, 0.8768421052631578, 0.8466060929983967, 0.8136882129277567, 0.8089409260244812, 0.8257173219978745, 0.7895335608646188] 
2025-01-18 20:02:45,028	***	  TR_As list AUC: [0.8572289999999999, 0.780845, 0.8374795, 0.8295530000000001, 0.8807444999999999, 0.853588, 0.82532, 0.8176215, 0.8347015, 0.811621] 
2025-01-18 20:02:45,028	***	  TR_As Mean Accuracy: 0.8359500000000001 
2025-01-18 20:02:45,028	***	  TR_As Mean Precision: 0.8922977611512165 
2025-01-18 20:02:45,028	***	  TR_As Mean Recall: 0.7643000000000001 
2025-01-18 20:02:45,028	***	  TR_As Mean F1 Score: 0.8226203315370088 
2025-01-18 20:02:45,028	***	  TR_As Mean AUC: 0.8328703000000001 
2025-01-18 20:02:45,028	***	  TR_As Standard Deviation of Accuracy: 0.025575818657474107 
2025-01-18 20:02:45,028	***	  TR_As Standard Deviation of Precision: 0.021605711184734953 
2025-01-18 20:02:45,028	***	  TR_As Standard Deviation of Recall: 0.047161530933590344 
2025-01-18 20:02:45,028	***	  TR_As Standard Deviation of F1 Score: 0.03125092733360212 

2025-01-18 20:02:45,028	***	  TR_As Standard Deviation of AUC: 0.026072607088858578 
2025-01-18 20:02:45,073	***	Overall TS_Ar Results: DecisionTree

2025-01-18 20:02:45,074	***	  TS_Ar List of Accuracies: [0.8665, 0.86, 0.795, 0.85, 0.845, 0.853, 0.7885, 0.8475, 0.7935, 0.837] 
2025-01-18 20:02:45,074	***	  TS_Ar List of Precisions: [0.8774459320288363, 0.8688524590163934, 0.8079331941544885, 0.8384912959381045, 0.8741865509761388, 0.8572874493927125, 0.7977296181630547, 0.8232558139534883, 0.8105820105820106, 0.8671023965141612] 
2025-01-18 20:02:45,074	***	  TS_Ar List of Recalls: [0.852, 0.848, 0.774, 0.867, 0.806, 0.847, 0.773, 0.885, 0.766, 0.796] 
2025-01-18 20:02:45,074	***	  TS_Ar List of F1-scores: [0.8645357686453577, 0.8582995951417004, 0.790602655771195, 0.8525073746312684, 0.8387096774193548, 0.8521126760563379, 0.7851701371254445, 0.853012048192771, 0.7876606683804629, 0.8300312825860271] 
2025-01-18 20:02:45,074	***	  TS_Ar list AUC: [0.8669340000000001, 0.8599239999999999, 0.7956815, 0.8491035, 0.845441, 0.8558009999999999, 0.7882085000000001, 0.8477330000000001, 0.7941235000000001, 0.8378735] 
2025-01-18 20:02:45,074	***	  TS_Ar Mean Accuracy: 0.8336 
2025-01-18 20:02:45,074	***	  TS_Ar Mean Precision: 0.8422866720719389 
2025-01-18 20:02:45,074	***	  TS_Ar Mean Recall: 0.8214 
2025-01-18 20:02:45,074	***	  TS_Ar Mean F1 Score: 0.8312641883949918 
2025-01-18 20:02:45,074	***	  TS_Ar Mean AUC: 0.8340823500000001 
2025-01-18 20:02:45,074	***	  TS_Ar Standard Deviation of Accuracy: 0.028091635765828946 
2025-01-18 20:02:45,074	***	  TS_Ar Standard Deviation of Precision: 0.028892242677912676 
2025-01-18 20:02:45,074	***	  TS_Ar Standard Deviation of Recall: 0.04118786228975715 
2025-01-18 20:02:45,074	***	  TS_Ar Standard Deviation of F1 Score: 0.029888220412553276 

2025-01-18 20:02:45,074	***	  TS_Ar Standard Deviation of AUC: 0.02819544922327889 
2025-01-18 20:02:45,116	***	Overall TR_As Results: Classifier AdaBoost

2025-01-18 20:02:45,116	***	  TR_As List of Accuracies: [0.9065, 0.888, 0.908, 0.8905, 0.9285, 0.902, 0.878, 0.904, 0.913, 0.859] 
2025-01-18 20:02:45,117	***	  TR_As List of Precisions: [0.9212435233160622, 0.9041666666666667, 0.9594594594594594, 0.9089005235602095, 0.9315206445115811, 0.9276595744680851, 0.9324942791762014, 0.9261603375527426, 0.9113545816733067, 0.908883826879271] 
2025-01-18 20:02:45,117	***	  TR_As List of Recalls: [0.889, 0.868, 0.852, 0.868, 0.925, 0.872, 0.815, 0.878, 0.915, 0.798] 
2025-01-18 20:02:45,117	***	  TR_As List of F1-scores: [0.9048346055979644, 0.8857142857142858, 0.9025423728813559, 0.8879795396419438, 0.9282488710486704, 0.8989690721649484, 0.8697972251867663, 0.9014373716632443, 0.9131736526946109, 0.8498402555910542] 
2025-01-18 20:02:45,117	***	  TR_As list AUC: [0.9717520000000001, 0.9550975000000002, 0.963655, 0.9591779999999999, 0.9792745, 0.9626284999999999, 0.950267, 0.964585, 0.966697, 0.9460079999999998] 
2025-01-18 20:02:45,117	***	  TR_As Mean Accuracy: 0.8977499999999999 
2025-01-18 20:02:45,117	***	  TR_As Mean Precision: 0.9231843417263585 
2025-01-18 20:02:45,117	***	  TR_As Mean Recall: 0.868 
2025-01-18 20:02:45,117	***	  TR_As Mean F1 Score: 0.8942537252184846 
2025-01-18 20:02:45,117	***	  TR_As Mean AUC: 0.9619142499999999 
2025-01-18 20:02:45,117	***	  TR_As Standard Deviation of Accuracy: 0.018590656255226715 
2025-01-18 20:02:45,117	***	  TR_As Standard Deviation of Precision: 0.015539792325621459 
2025-01-18 20:02:45,117	***	  TR_As Standard Deviation of Recall: 0.03738983819167985 
2025-01-18 20:02:45,117	***	  TR_As Standard Deviation of F1 Score: 0.021097615240384997 

2025-01-18 20:02:45,117	***	  TR_As Standard Deviation of AUC: 0.00935056114960491 
2025-01-18 20:02:45,159	***	Overall TS_Ar Results: AdaBoost

2025-01-18 20:02:45,160	***	  TS_Ar List of Accuracies: [0.8965, 0.856, 0.862, 0.8835, 0.8845, 0.8835, 0.873, 0.89, 0.8205, 0.8965] 
2025-01-18 20:02:45,160	***	  TS_Ar List of Precisions: [0.8968968968968969, 0.9009009009009009, 0.857707509881423, 0.8741463414634146, 0.8841158841158842, 0.8614514608859567, 0.8829568788501027, 0.8693181818181818, 0.8646188850967008, 0.8914116485686081] 
2025-01-18 20:02:45,160	***	  TS_Ar List of Recalls: [0.896, 0.8, 0.868, 0.896, 0.885, 0.914, 0.86, 0.918, 0.76, 0.903] 
2025-01-18 20:02:45,160	***	  TS_Ar List of F1-scores: [0.8964482241120559, 0.8474576271186441, 0.8628230616302187, 0.8849382716049383, 0.8845577211394303, 0.8869480834546337, 0.8713272543059777, 0.8929961089494164, 0.8089409260244812, 0.8971684053651267] 
2025-01-18 20:02:45,160	***	  TS_Ar list AUC: [0.9464975000000001, 0.9171564999999999, 0.9246669999999999, 0.9421649999999999, 0.9420904999999999, 0.9352550000000001, 0.9300265, 0.9514649999999999, 0.891415, 0.9459735] 
2025-01-18 20:02:45,160	***	  TS_Ar Mean Accuracy: 0.8746 
2025-01-18 20:02:45,160	***	  TS_Ar Mean Precision: 0.878352458847807 
2025-01-18 20:02:45,160	***	  TS_Ar Mean Recall: 0.8699999999999999 
2025-01-18 20:02:45,160	***	  TS_Ar Mean F1 Score: 0.8733605683704923 
2025-01-18 20:02:45,160	***	  TS_Ar Mean AUC: 0.9326711499999998 
2025-01-18 20:02:45,160	***	  TS_Ar Standard Deviation of Accuracy: 0.022106333933965612 
2025-01-18 20:02:45,160	***	  TS_Ar Standard Deviation of Precision: 0.014412032802237991 
2025-01-18 20:02:45,160	***	  TS_Ar Standard Deviation of Recall: 0.049 
2025-01-18 20:02:45,160	***	  TS_Ar Standard Deviation of F1 Score: 0.026202048607273376 

2025-01-18 20:02:45,160	***	  TS_Ar Standard Deviation of AUC: 0.017090049031600243 
2025-01-18 20:02:45,204	***	Overall TR_As Results: Classifier Perceptron

2025-01-18 20:02:45,205	***	  TR_As List of Accuracies: [0.928, 0.893, 0.9185, 0.8935, 0.9415, 0.9105, 0.9035, 0.921, 0.916, 0.8975] 
2025-01-18 20:02:45,205	***	  TR_As List of Precisions: [0.9412371134020618, 0.9366666666666666, 0.9534127843986999, 0.8986828774062816, 0.9358341559723593, 0.9175991861648016, 0.9233997901364114, 0.9376299376299376, 0.9, 0.8971028971028971] 
2025-01-18 20:02:45,205	***	  TR_As List of Recalls: [0.913, 0.843, 0.88, 0.887, 0.948, 0.902, 0.88, 0.902, 0.936, 0.898] 
2025-01-18 20:02:45,205	***	  TR_As List of F1-scores: [0.9269035532994924, 0.8873684210526316, 0.9152366094643787, 0.8928032209360846, 0.9418777943368107, 0.9097327281896117, 0.9011776753712237, 0.9194699286442406, 0.9176470588235294, 0.8975512243878061] 
2025-01-18 20:02:45,205	***	  TR_As list AUC: [0.9279999999999999, 0.893, 0.9185, 0.8935000000000001, 0.9415, 0.9105000000000001, 0.9035000000000001, 0.921, 0.916, 0.8975000000000001] 
2025-01-18 20:02:45,205	***	  TR_As Mean Accuracy: 0.9123000000000001 
2025-01-18 20:02:45,205	***	  TR_As Mean Precision: 0.9241565408880117 
2025-01-18 20:02:45,205	***	  TR_As Mean Recall: 0.8988999999999999 
2025-01-18 20:02:45,205	***	  TR_As Mean F1 Score: 0.9109768214505809 
2025-01-18 20:02:45,205	***	  TR_As Mean AUC: 0.9123000000000001 
2025-01-18 20:02:45,205	***	  TR_As Standard Deviation of Accuracy: 0.01500866416440852 
2025-01-18 20:02:45,205	***	  TR_As Standard Deviation of Precision: 0.01905254134271392 
2025-01-18 20:02:45,205	***	  TR_As Standard Deviation of Recall: 0.02826110401240547 
2025-01-18 20:02:45,205	***	  TR_As Standard Deviation of F1 Score: 0.01583905191755038 

2025-01-18 20:02:45,205	***	  TR_As Standard Deviation of AUC: 0.015008664164408476 
2025-01-18 20:02:45,252	***	Overall TS_Ar Results: Perceptron

2025-01-18 20:02:45,252	***	  TS_Ar List of Accuracies: [0.8915, 0.9125, 0.8655, 0.893, 0.892, 0.86, 0.8145, 0.8975, 0.793, 0.9065] 
2025-01-18 20:02:45,252	***	  TS_Ar List of Precisions: [0.9065420560747663, 0.9162462159434914, 0.8658658658658659, 0.872865275142315, 0.8881188118811881, 0.8098106712564543, 0.8721893491124261, 0.8811121764141898, 0.86625, 0.8989205103042198] 
2025-01-18 20:02:45,252	***	  TS_Ar List of Recalls: [0.873, 0.908, 0.865, 0.92, 0.897, 0.941, 0.737, 0.919, 0.693, 0.916] 
2025-01-18 20:02:45,252	***	  TS_Ar List of F1-scores: [0.8894549159449822, 0.9121044701155198, 0.8654327163581792, 0.8958130477117819, 0.8925373134328358, 0.8704902867715077, 0.7989159891598916, 0.8996573666177191, 0.7699999999999999, 0.9073798910351659] 
2025-01-18 20:02:45,252	***	  TS_Ar list AUC: [0.8915000000000001, 0.9125, 0.8654999999999999, 0.893, 0.892, 0.86, 0.8145000000000001, 0.8975, 0.793, 0.9065000000000001] 
2025-01-18 20:02:45,252	***	  TS_Ar Mean Accuracy: 0.8726 
2025-01-18 20:02:45,252	***	  TS_Ar Mean Precision: 0.8777920931994917 
2025-01-18 20:02:45,252	***	  TS_Ar Mean Recall: 0.8669 
2025-01-18 20:02:45,252	***	  TS_Ar Mean F1 Score: 0.8701785997147583 
2025-01-18 20:02:45,252	***	  TS_Ar Mean AUC: 0.8726 
2025-01-18 20:02:45,252	***	  TS_Ar Standard Deviation of Accuracy: 0.03798934061022906 
2025-01-18 20:02:45,252	***	  TS_Ar Standard Deviation of Precision: 0.02796774360345339 
2025-01-18 20:02:45,252	***	  TS_Ar Standard Deviation of Recall: 0.0794901880737491 
2025-01-18 20:02:45,253	***	  TS_Ar Standard Deviation of F1 Score: 0.045470933369673665 

2025-01-18 20:02:45,253	***	  TS_Ar Standard Deviation of AUC: 0.03798934061022906 
2025-01-18 20:02:45,294	***	Overall TR_As Results: Classifier SGDRegressor

2025-01-18 20:02:45,294	***	  TR_As List of Accuracies: [0.9035, 0.861, 0.8865, 0.862, 0.9265, 0.8925, 0.853, 0.8705, 0.903, 0.8535] 
2025-01-18 20:02:45,294	***	  TR_As List of Precisions: [0.9653979238754326, 0.9467821782178217, 0.9813200498132005, 0.948019801980198, 0.958109559613319, 0.9425028184892897, 0.9572538860103627, 0.9480048367593712, 0.9558823529411765, 0.9620915032679739] 
2025-01-18 20:02:45,295	***	  TR_As List of Recalls: [0.837, 0.765, 0.788, 0.766, 0.892, 0.836, 0.739, 0.784, 0.845, 0.736] 
2025-01-18 20:02:45,295	***	  TR_As List of F1-scores: [0.8966256025709693, 0.8462389380530974, 0.8740987243483083, 0.8473451327433628, 0.9238736406007251, 0.8860625331213566, 0.8340857787810384, 0.8582375478927203, 0.8970276008492569, 0.8339943342776205] 
2025-01-18 20:02:45,295	***	  TR_As list AUC: [0.9742245, 0.9509699999999999, 0.9634605, 0.960432, 0.9777819999999999, 0.960067, 0.943816, 0.9500740000000001, 0.9702109999999998, 0.9583075000000001] 
2025-01-18 20:02:45,295	***	  TR_As Mean Accuracy: 0.8812000000000001 
2025-01-18 20:02:45,295	***	  TR_As Mean Precision: 0.9565364910968146 
2025-01-18 20:02:45,295	***	  TR_As Mean Recall: 0.7988 
2025-01-18 20:02:45,295	***	  TR_As Mean F1 Score: 0.8697589833238455 
2025-01-18 20:02:45,295	***	  TR_As Mean AUC: 0.9609344499999999 
2025-01-18 20:02:45,295	***	  TR_As Standard Deviation of Accuracy: 0.023736259182946237 
2025-01-18 20:02:45,295	***	  TR_As Standard Deviation of Precision: 0.010790916255562813 
2025-01-18 20:02:45,295	***	  TR_As Standard Deviation of Recall: 0.04872124793147236 
2025-01-18 20:02:45,295	***	  TR_As Standard Deviation of F1 Score: 0.029014534801369812 

2025-01-18 20:02:45,295	***	  TR_As Standard Deviation of AUC: 0.010349335431441946 
2025-01-18 20:02:45,337	***	Overall TS_Ar Results: SGDRegressor

2025-01-18 20:02:45,337	***	  TS_Ar List of Accuracies: [0.8675, 0.9, 0.841, 0.8805, 0.857, 0.836, 0.8875, 0.8715, 0.8735, 0.891] 
2025-01-18 20:02:45,337	***	  TS_Ar List of Precisions: [0.9209621993127147, 0.9149377593360996, 0.8974358974358975, 0.9338654503990877, 0.9094036697247706, 0.8692307692307693, 0.91005291005291, 0.9016216216216216, 0.9136212624584718, 0.8825831702544031] 
2025-01-18 20:02:45,337	***	  TS_Ar List of Recalls: [0.804, 0.882, 0.77, 0.819, 0.793, 0.791, 0.86, 0.834, 0.825, 0.902] 
2025-01-18 20:02:45,337	***	  TS_Ar List of F1-scores: [0.8585157501334757, 0.8981670061099796, 0.8288482238966631, 0.8726691529035695, 0.8472222222222222, 0.8282722513089007, 0.884318766066838, 0.8664935064935064, 0.8670520231213873, 0.8921859545004946] 
2025-01-18 20:02:45,337	***	  TS_Ar list AUC: [0.9299825, 0.9577300000000001, 0.921113, 0.9356275000000001, 0.929889, 0.91415, 0.93026, 0.937001, 0.9372185, 0.947955] 
2025-01-18 20:02:45,337	***	  TS_Ar Mean Accuracy: 0.87055 
2025-01-18 20:02:45,337	***	  TS_Ar Mean Precision: 0.9053714709826746 
2025-01-18 20:02:45,337	***	  TS_Ar Mean Recall: 0.828 
2025-01-18 20:02:45,337	***	  TS_Ar Mean F1 Score: 0.8643744856757036 
2025-01-18 20:02:45,337	***	  TS_Ar Mean AUC: 0.93409265 
2025-01-18 20:02:45,337	***	  TS_Ar Standard Deviation of Accuracy: 0.019852518731888917 
2025-01-18 20:02:45,338	***	  TS_Ar Standard Deviation of Precision: 0.017762929866754523 
2025-01-18 20:02:45,338	***	  TS_Ar Standard Deviation of Recall: 0.0400948874546369 
2025-01-18 20:02:45,338	***	  TS_Ar Standard Deviation of F1 Score: 0.022994910398246173 

2025-01-18 20:02:45,338	***	  TS_Ar Standard Deviation of AUC: 0.01177670616312135 
2025-01-18 20:02:45,378	***	Overall TR_As Results: Classifier XGboost

2025-01-18 20:02:45,378	***	  TR_As List of Accuracies: [0.9145, 0.875, 0.9145, 0.9045, 0.9445, 0.9145, 0.8795, 0.8885, 0.9085, 0.883] 
2025-01-18 20:02:45,378	***	  TR_As List of Precisions: [0.9433155080213904, 0.928082191780822, 0.9769850402761795, 0.9354144241119483, 0.950354609929078, 0.9404888416578109, 0.9417927823050058, 0.9236641221374046, 0.9181166837256909, 0.9453488372093023] 
2025-01-18 20:02:45,378	***	  TR_As List of Recalls: [0.882, 0.813, 0.849, 0.869, 0.938, 0.885, 0.809, 0.847, 0.897, 0.813] 
2025-01-18 20:02:45,379	***	  TR_As List of F1-scores: [0.9116279069767441, 0.8667377398720681, 0.9085072231139647, 0.9009849663037844, 0.9441368897835933, 0.9119010819165378, 0.8703604088219473, 0.8836724047991652, 0.9074355083459787, 0.8741935483870968] 
2025-01-18 20:02:45,379	***	  TR_As list AUC: [0.9707960000000001, 0.9541700000000001, 0.9702014999999999, 0.968363, 0.9831829999999999, 0.9649175000000001, 0.9524174999999999, 0.959727, 0.9681890000000001, 0.9629665000000002] 
2025-01-18 20:02:45,379	***	  TR_As Mean Accuracy: 0.9027000000000001 
2025-01-18 20:02:45,379	***	  TR_As Mean Precision: 0.9403563041154632 
2025-01-18 20:02:45,379	***	  TR_As Mean Recall: 0.8602000000000001 
2025-01-18 20:02:45,379	***	  TR_As Mean F1 Score: 0.8979557678320882 
2025-01-18 20:02:45,379	***	  TR_As Mean AUC: 0.9654931000000001 
2025-01-18 20:02:45,379	***	  TR_As Standard Deviation of Accuracy: 0.020241294425011463 
2025-01-18 20:02:45,379	***	  TR_As Standard Deviation of Precision: 0.015574657004105617 
2025-01-18 20:02:45,379	***	  TR_As Standard Deviation of Recall: 0.03993945417754228 
2025-01-18 20:02:45,379	***	  TR_As Standard Deviation of F1 Score: 0.022867436611161713 

2025-01-18 20:02:45,379	***	  TR_As Standard Deviation of AUC: 0.00847274090775823 
2025-01-18 20:02:45,420	***	Overall TS_Ar Results: XGboost

2025-01-18 20:02:45,420	***	  TS_Ar List of Accuracies: [0.8955, 0.884, 0.8735, 0.8755, 0.9025, 0.894, 0.8715, 0.8845, 0.8615, 0.884] 
2025-01-18 20:02:45,420	***	  TS_Ar List of Precisions: [0.900709219858156, 0.9050632911392406, 0.8507042253521127, 0.8579599618684461, 0.9061553985872856, 0.884765625, 0.8667324777887463, 0.8610328638497653, 0.8685015290519877, 0.8855421686746988] 
2025-01-18 20:02:45,420	***	  TS_Ar List of Recalls: [0.889, 0.858, 0.906, 0.9, 0.898, 0.906, 0.878, 0.917, 0.852, 0.882] 
2025-01-18 20:02:45,420	***	  TS_Ar List of F1-scores: [0.8948163059889281, 0.8809034907597536, 0.8774818401937046, 0.8784773060029282, 0.9020592667001507, 0.8952569169960474, 0.8723298559364133, 0.888135593220339, 0.8601716304896516, 0.8837675350701403] 
2025-01-18 20:02:45,421	***	  TS_Ar list AUC: [0.9543495, 0.943322, 0.9411815000000001, 0.9532074999999999, 0.957749, 0.9561484999999998, 0.9314905, 0.9490965000000001, 0.9285865, 0.9465140000000001] 
2025-01-18 20:02:45,421	***	  TS_Ar Mean Accuracy: 0.8826500000000002 
2025-01-18 20:02:45,421	***	  TS_Ar Mean Precision: 0.8787166761170437 
2025-01-18 20:02:45,421	***	  TS_Ar Mean Recall: 0.8886 
2025-01-18 20:02:45,421	***	  TS_Ar Mean F1 Score: 0.8833399741358058 
2025-01-18 20:02:45,421	***	  TS_Ar Mean AUC: 0.9461645500000001 
2025-01-18 20:02:45,421	***	  TS_Ar Standard Deviation of Accuracy: 0.011838602113425363 
2025-01-18 20:02:45,421	***	  TS_Ar Standard Deviation of Precision: 0.019468186266489794 
2025-01-18 20:02:45,421	***	  TS_Ar Standard Deviation of Recall: 0.020155396299750612 
2025-01-18 20:02:45,421	***	  TS_Ar Standard Deviation of F1 Score: 0.011701311810092343 

2025-01-18 20:02:45,421	***	  TS_Ar Standard Deviation of AUC: 0.009572983859408695 
2025-01-18 20:02:45,460	***	Comparative Metrics:
2025-01-18 20:02:45,460	***		Mean Squared Error
2025-01-18 20:02:45,460	***			 false
2025-01-18 20:02:45,461	***			Mean Squared Error - List     : [0.10625, 0.108095, 0.102110006, 0.10438, 0.104175, 0.105765, 0.10639001, 0.10251, 0.101940006, 0.1041]
2025-01-18 20:02:45,461	***			Mean Squared Error - Mean    : 0.10457149893045425
2025-01-18 20:02:45,461	***			Mean Squared Error - Std. Dev.  : 0.0019394205883145332

2025-01-18 20:02:45,461	***			 positive
2025-01-18 20:02:45,461	***			Mean Squared Error - List     : [0.165655, 0.164595, 0.165685, 0.16887002, 0.16853501, 0.16483001, 0.16518499, 0.16978501, 0.167375, 0.16410999]
2025-01-18 20:02:45,461	***			Mean Squared Error - Mean    : 0.1664625108242035
2025-01-18 20:02:45,461	***			Mean Squared Error - Std. Dev.  : 0.0019115081522613764

2025-01-18 20:02:45,461	***		Cosine Similarity
2025-01-18 20:02:45,461	***			 false
2025-01-18 20:02:45,461	***			Cosine Similarity - List     : [0.5648277249857784, 0.7028745871633292, 0.6162807091623544, 0.6944187749177217, 0.5993680016472935, 0.652261541262269, 0.6108773257806898, 0.6762896801829338, 0.25388249681144953, 0.4347294050902128]
2025-01-18 20:02:45,461	***			Cosine Similarity - Mean    : 0.5805810247004033
2025-01-18 20:02:45,461	***			Cosine Similarity - Std. Dev.  : 0.13153367072180452

2025-01-18 20:02:45,461	***			 positive
2025-01-18 20:02:45,461	***			Cosine Similarity - List     : [0.6528756830841302, 0.6938037545531988, 0.6584328893125058, 0.6389434925764799, 0.3364325959868729, 0.6773270155638457, 0.6703501928411424, 0.6304635769575835, 0.6175907125175, 0.640570007532835]
2025-01-18 20:02:45,461	***			Cosine Similarity - Mean    : 0.6216789920926094
2025-01-18 20:02:45,461	***			Cosine Similarity - Std. Dev.  : 0.09752229234487475

2025-01-18 20:02:45,462	***		Max Mean Discrepancy
2025-01-18 20:02:45,462	***			 false
2025-01-18 20:02:45,462	***			Max Mean Discrepancy - List     : [0.053066008, 0.101355016, 0.11124399, 0.08766999, 0.08271701, 0.087213, 0.11034399, 0.132326, 0.10638402, 0.084347986]
2025-01-18 20:02:45,462	***			Max Mean Discrepancy - Mean    : 0.09566670656204224
2025-01-18 20:02:45,462	***			Max Mean Discrepancy - Std. Dev.  : 0.020482277497649193

2025-01-18 20:02:45,462	***			 positive
2025-01-18 20:02:45,462	***			Max Mean Discrepancy - List     : [0.36670902, 1.962903, 2.055905, 0.689336, 0.25265497, 0.323076, 1.883447, 0.84873897, 1.876337, 1.8989]
2025-01-18 20:02:45,462	***			Max Mean Discrepancy - Mean    : 1.2158007621765137
2025-01-18 20:02:45,462	***			Max Mean Discrepancy - Std. Dev.  : 0.7396002411842346

2025-01-18 20:02:45,463	***	  P_value of accuracy  0.232421875 and stats 15.0 of RandomForest 

2025-01-18 20:02:45,463	***	  P_value of precision  0.001953125 and stats 0.0 of RandomForest 

2025-01-18 20:02:45,464	***	  P_value of F1 score  0.625 and stats 22.0 of RandomForest 

2025-01-18 20:02:45,464	***	  P_value of recall  0.02734375 and stats 6.0 of RandomForest 

2025-01-18 20:02:45,464	***	  P_value of auc  0.00390625 and stats 1.0 of RandomForest 

2025-01-18 20:02:45,465	***	  P_value of accuracy  0.013671875 and stats 4.0 of SupportVectorMachine 

2025-01-18 20:02:45,466	***	  P_value of precision  0.001953125 and stats 0.0 of SupportVectorMachine 

2025-01-18 20:02:45,466	***	  P_value of F1 score  0.02734375 and stats 6.0 of SupportVectorMachine 

2025-01-18 20:02:45,466	***	  P_value of recall  0.375 and stats 18.0 of SupportVectorMachine 

2025-01-18 20:02:45,467	***	  P_value of auc  0.001953125 and stats 0.0 of SupportVectorMachine 

2025-01-18 20:02:45,467	***	  P_value of accuracy  0.76953125 and stats 24.0 of DecisionTree 

2025-01-18 20:02:45,468	***	  P_value of precision  0.009765625 and stats 3.0 of DecisionTree 

2025-01-18 20:02:45,468	***	  P_value of F1 score  0.556640625 and stats 21.0 of DecisionTree 

2025-01-18 20:02:45,469	***	  P_value of recall  0.02734375 and stats 6.0 of DecisionTree 

2025-01-18 20:02:45,469	***	  P_value of auc  0.845703125 and stats 25.0 of DecisionTree 

2025-01-18 20:02:45,470	***	  P_value of accuracy  0.037109375 and stats 7.0 of AdaBoost 

2025-01-18 20:02:45,470	***	  P_value of precision  0.001953125 and stats 0.0 of AdaBoost 

2025-01-18 20:02:45,470	***	  P_value of F1 score  0.083984375 and stats 10.0 of AdaBoost 

2025-01-18 20:02:45,471	***	  P_value of recall  0.6953125 and stats 22.5 of AdaBoost 

2025-01-18 20:02:45,471	***	  P_value of auc  0.001953125 and stats 0.0 of AdaBoost 

2025-01-18 20:02:45,472	***	  P_value of accuracy  0.01953125 and stats 5.0 of Perceptron 

2025-01-18 20:02:45,472	***	  P_value of precision  0.00390625 and stats 1.0 of Perceptron 

2025-01-18 20:02:45,473	***	  P_value of F1 score  0.037109375 and stats 7.0 of Perceptron 

2025-01-18 20:02:45,473	***	  P_value of recall  0.625 and stats 22.0 of Perceptron 

2025-01-18 20:02:45,474	***	  P_value of auc  0.01953125 and stats 5.0 of Perceptron 

2025-01-18 20:02:45,474	***	  P_value of accuracy  0.4921875 and stats 20.0 of SGDRegressor 

2025-01-18 20:02:45,474	***	  P_value of precision  0.001953125 and stats 0.0 of SGDRegressor 

2025-01-18 20:02:45,475	***	  P_value of F1 score  0.845703125 and stats 25.0 of SGDRegressor 

2025-01-18 20:02:45,475	***	  P_value of recall  0.322265625 and stats 17.0 of SGDRegressor 

2025-01-18 20:02:45,476	***	  P_value of auc  0.00390625 and stats 1.0 of SGDRegressor 

2025-01-18 20:02:45,476	***	  P_value of accuracy  0.01953125 and stats 5.0 of XGboost 

2025-01-18 20:02:45,477	***	  P_value of precision  0.001953125 and stats 0.0 of XGboost 

2025-01-18 20:02:45,477	***	  P_value of F1 score  0.083984375 and stats 10.0 of XGboost 

2025-01-18 20:02:45,478	***	  P_value of recall  0.083984375 and stats 9.5 of XGboost 

2025-01-18 20:02:45,478	***	  P_value of auc  0.001953125 and stats 0.0 of XGboost 

